******************************************************************************
                  TI ARM Linker PC v20.2.7                     
******************************************************************************
>> Linked Sat Jun 21 20:50:45 2025

OUTPUT FILE NAME:   <Week8.out>
ENTRY POINT SYMBOL: "_c_int00_noargs"  address: 000040cd


MEMORY CONFIGURATION

         name            origin    length      used     unused   attr    fill
----------------------  --------  ---------  --------  --------  ----  --------
  MAIN                  00000000   00040000  0000455c  0003baa4  R  X
  INFO                  00200000   00004000  00000000  00004000  R  X
  SRAM_CODE             01000000   00010000  00000be1  0000f41f  RW X
  SRAM_DATA             20000000   00010000  00000be1  0000f41f  RW  


SEGMENT ALLOCATION MAP

run origin  load origin   length   init length attrs members
----------  ----------- ---------- ----------- ----- -------
00000000    00000000    00004560   00004560    r-x
  00000000    00000000    000000e4   000000e4    r-- .intvecs
  000000e4    000000e4    00004254   00004254    r-x .text
  00004338    00004338    00000144   00000144    r-- .const
  00004480    00004480    000000e0   000000e0    r-- .cinit
20000000    20000000    000009e1   00000000    rw-
  20000000    20000000    00000400   00000000    rw- .sysmem
  20000400    20000400    00000310   00000000    rw- .data
  20000710    20000710    000002d1   00000000    rw- .bss
2000fe00    2000fe00    00000200   00000000    rw-
  2000fe00    2000fe00    00000200   00000000    rw- .stack


SECTION ALLOCATION MAP

 output                                  attributes/
section   page    origin      length       input sections
--------  ----  ----------  ----------   ----------------
.intvecs   0    00000000    000000e4     
                  00000000    000000e4     startup_msp432p401r_ccs.obj (.intvecs:retain)

.text      0    000000e4    00004254     
                  000000e4    00000afc     main.obj (.text)
                  00000be0    00000a4e     rtsv7M4_T_le_v4SPD16_eabi.lib : _printfi.c.obj (.text:__TI_printfi)
                  0000162e    00000002                                   : _lock.c.obj (.text:_nop)
                  00001630    00000414     Motor.obj (.text)
                  00001a44    00000334     system_msp432p401r.obj (.text)
                  00001d78    00000270     rtsv7M4_T_le_v4SPD16_eabi.lib : _printfi.c.obj (.text:_pconv_a)
                  00001fe8    000001ec     IR.obj (.text)
                  000021d4    000001e0     Clock.obj (.text)
                  000023b4    000001d0     rtsv7M4_T_le_v4SPD16_eabi.lib : _printfi.c.obj (.text:_pconv_g)
                  00002584    000001b6                                   : fd_add_t2.asm.obj (.text)
                  0000273a    00000002                                   : div0.asm.obj (.text)
                  0000273c    00000140     Timer.obj (.text)
                  0000287c    0000013c     rtsv7M4_T_le_v4SPD16_eabi.lib : _printfi.c.obj (.text:_pconv_e)
                  000029b8    00000136                                   : fd_div_t2.asm.obj (.text)
                  00002aee    00000002     --HOLE-- [fill = 0]
                  00002af0    00000124                                   : _printfi.c.obj (.text:fcvt)
                  00002c14    00000114                                   : fputs.c.obj (.text:fputs)
                  00002d28    00000110                                   : s_scalbn.c.obj (.text:scalbn)
                  00002e38    00000100                                   : memory.c.obj (.text:aligned_alloc)
                  00002f38    000000fc                                   : fd_mul_t2.asm.obj (.text)
                  00003034    000000e4                                   : memory.c.obj (.text:free)
                  00003118    000000dc                                   : setvbuf.c.obj (.text:setvbuf)
                  000031f4    000000b1                                   : _printfi.c.obj (.text:_ltostr)
                  000032a5    00000003     --HOLE-- [fill = 0]
                  000032a8    000000a0     Led.obj (.text)
                  00003348    0000009c     rtsv7M4_T_le_v4SPD16_eabi.lib : memcpy_t2.asm.obj (.text)
                  000033e4    00000096                                   : ull_div_t2.asm.obj (.text)
                  0000347a    00000002     --HOLE-- [fill = 0]
                  0000347c    0000008c                                   : fputc.c.obj (.text:fputc)
                  00003508    00000086                                   : fd_cmp_t2.asm.obj (.text:__aeabi_cdcmple)
                  0000358e    00000086                                   : fd_cmp_t2.asm.obj (.text:__aeabi_cdrcmple)
                  00003614    0000007a                                   : memset_t2.asm.obj (.text)
                  0000368e    00000002     --HOLE-- [fill = 0]
                  00003690    00000074                                   : fclose.c.obj (.text:__TI_closefile)
                  00003704    00000070                                   : memory.c.obj (.text:split)
                  00003774    0000006e                                   : _printfi.c.obj (.text:_mcpy)
                  000037e2    00000002     --HOLE-- [fill = 0]
                  000037e4    0000006c                                   : hostrename.c.obj (.text:HOSTrename)
                  00003850    00000068                                   : hostlseek.c.obj (.text:HOSTlseek)
                  000038b8    00000068                                   : copy_decompress_lzss.c.obj (.text:decompress:lzss:__TI_decompress_lzss)
                  00003920    00000068                                   : printf.c.obj (.text:printf)
                  00003988    00000064                                   : s_frexp.c.obj (.text:frexp)
                  000039ec    00000064                                   : fseek.c.obj (.text:fseek)
                  00003a50    00000062                                   : _io_perm.c.obj (.text:__TI_wrt_ok)
                  00003ab2    00000002     --HOLE-- [fill = 0]
                  00003ab4    00000060                                   : hostopen.c.obj (.text:HOSTopen)
                  00003b14    00000060     Switch.obj (.text)
                  00003b74    0000005c     rtsv7M4_T_le_v4SPD16_eabi.lib : close.c.obj (.text:close)
                  00003bd0    00000058                                   : hostread.c.obj (.text:HOSTread)
                  00003c28    00000058                                   : hostwrite.c.obj (.text:HOSTwrite)
                  00003c80    00000056                                   : _printfi.c.obj (.text:_pconv_f)
                  00003cd6    00000054                                   : _ltoa.c.obj (.text:__TI_ltoa)
                  00003d2a    00000052                                   : _printfi.c.obj (.text:_ecpy)
                  00003d7c    0000004c                                   : fflush.c.obj (.text:__TI_doflush)
                  00003dc8    0000004c                                   : atoi.c.obj (.text:atoi)
                  00003e14    00000048                                   : exit.c.obj (.text:exit)
                  00003e5c    00000048                                   : fd_toi_t2.asm.obj (.text)
                  00003ea4    00000044                                   : hostclose.c.obj (.text:HOSTclose)
                  00003ee8    00000044                                   : hostunlink.c.obj (.text:HOSTunlink)
                  00003f2c    00000044                                   : autoinit.c.obj (.text:__TI_auto_init_nobinit_nopinit:__TI_auto_init_nobinit_nopinit)
                  00003f70    00000044                                   : getdevice.c.obj (.text:getdevice)
                  00003fb4    0000003e                                   : _printfi.c.obj (.text:_fcpy)
                  00003ff2    00000002     --HOLE-- [fill = 0]
                  00003ff4    00000038                                   : trgmsg.c.obj (.text:__TI_writemsg)
                  0000402c    00000036                                   : strncpy.c.obj (.text:strncpy)
                  00004062    00000002     --HOLE-- [fill = 0]
                  00004064    00000034                                   : fopen.c.obj (.text:__TI_cleanup)
                  00004098    00000034                                   : trgmsg.c.obj (.text:__TI_readmsg)
                  000040cc    00000034                                   : boot_cortex_m.c.obj (.text:_c_int00_noargs:_c_int00_noargs)
                  00004100    00000030                                   : getdevice.c.obj (.text:finddevice)
                  00004130    0000002e                                   : i_tofd_t2.asm.obj (.text)
                  0000415e    00000002     --HOLE-- [fill = 0]
                  00004160    0000002c                                   : unlink.c.obj (.text:unlink)
                  0000418c    00000028                                   : memory.c.obj (.text:free_list_insert)
                  000041b4    00000028                                   : lseek.c.obj (.text:lseek)
                  000041dc    00000028                                   : write.c.obj (.text:write)
                  00004204    00000020                                   : memchr.c.obj (.text:memchr)
                  00004224    0000001c                                   : copy_zero_init.c.obj (.text:decompress:ZI:__TI_zero_init_nomemset:__TI_zero_init_nomemset)
                  00004240    0000001c                                   : memory.c.obj (.text:free_list_remove)
                  0000425c    0000001c                                   : memccpy.c.obj (.text:memccpy)
                  00004278    0000001a                                   : s_copysign.c.obj (.text:copysign)
                  00004292    00000018                                   : strcmp.c.obj (.text:strcmp)
                  000042aa    00000016                                   : strchr.c.obj (.text:strchr)
                  000042c0    00000014                                   : strcpy.c.obj (.text:strcpy)
                  000042d4    00000014                                   : strlen.c.obj (.text:strlen)
                  000042e8    00000012                                   : wcslen.c.obj (.text:wcslen)
                  000042fa    0000000e                                   : copy_decompress_none.c.obj (.text:decompress:none:__TI_decompress_none)
                  00004308    0000000e     startup_msp432p401r_ccs.obj (.text)
                  00004316    00000002     --HOLE-- [fill = 0]
                  00004318    00000008     rtsv7M4_T_le_v4SPD16_eabi.lib : errno.c.obj (.text:__aeabi_errno_addr)
                  00004320    00000008                                   : memory.c.obj (.text:malloc)
                  00004328    00000004                                   : printf.c.obj (.text:_outc)
                  0000432c    00000004                                   : printf.c.obj (.text:_outs)
                  00004330    00000004                                   : pre_init.c.obj (.text:_system_pre_init)
                  00004334    00000004                                   : exit.c.obj (.text:abort:abort)

.const     0    00004338    00000144     
                  00004338    00000101     rtsv7M4_T_le_v4SPD16_eabi.lib : ctype.c.obj (.const:.string:_ctypes_)
                  00004439    00000003     --HOLE-- [fill = 0]
                  0000443c    00000020     Motor.obj (.const:$P$T0$1)
                  0000445c    00000020     Motor.obj (.const:$P$T1$2)

.cinit     0    00004480    000000e0     
                  00004480    000000b9     (.cinit..data.load) [load image, compression = lzss]
                  00004539    00000003     --HOLE-- [fill = 0]
                  0000453c    0000000c     (__TI_handler_table)
                  00004548    00000008     (.cinit..bss.load) [load image, compression = zero_init]
                  00004550    00000010     (__TI_cinit_table)

.init_array 
*          0    00000000    00000000     UNINITIALIZED

.binit     0    00000000    00000000     

.sysmem    0    20000000    00000400     UNINITIALIZED
                  20000000    00000010     rtsv7M4_T_le_v4SPD16_eabi.lib : memory.c.obj (.sysmem)
                  20000010    000003f0     --HOLE--

.data      0    20000400    00000310     UNINITIALIZED
                  20000400    00000100     main.obj (.data:node_map)
                  20000500    000000f0     rtsv7M4_T_le_v4SPD16_eabi.lib : defs.c.obj (.data:_ftable)
                  200005f0    00000078                                   : host_device.c.obj (.data:_device)
                  20000668    00000050                                   : host_device.c.obj (.data:_stream)
                  200006b8    00000018     Clock.obj (.data)
                  200006d0    00000010     rtsv7M4_T_le_v4SPD16_eabi.lib : defs.c.obj (.data)
                  200006e0    0000000c                                   : exit.c.obj (.data:$O1$$)
                  200006ec    00000008                                   : _lock.c.obj (.data:$O1$$)
                  200006f4    00000008                                   : memory.c.obj (.data:$O1$$)
                  200006fc    00000005     main.obj (.data)
                  20000701    00000003     --HOLE--
                  20000704    00000004     Timer.obj (.data)
                  20000708    00000004     rtsv7M4_T_le_v4SPD16_eabi.lib : errno.c.obj (.data)
                  2000070c    00000004     system_msp432p401r.obj (.data)

.bss       0    20000710    000002d1     UNINITIALIZED
                  20000710    00000120     rtsv7M4_T_le_v4SPD16_eabi.lib : trgmsg.c.obj (.bss:_CIOBUF_)
                  20000830    000000a0     (.common:__TI_tmpnams)
                  200008d0    00000080     (.common:dir_stack)
                  20000950    00000080     (.common:node_stack)
                  200009d0    00000008     (.common:parmbuf)
                  200009d8    00000008     (.common:sensors)
                  200009e0    00000001     (.common:type)

.stack     0    2000fe00    00000200     UNINITIALIZED
                  2000fe00    00000004     rtsv7M4_T_le_v4SPD16_eabi.lib : boot_cortex_m.c.obj (.stack)
                  2000fe04    000001fc     --HOLE--

__llvm_prf_cnts 
*          0    20000000    00000000     UNINITIALIZED

MODULE SUMMARY

       Module                        code    ro data   rw data
       ------                        ----    -------   -------
    .\
       main.obj                      2812    0         1052   
       system_msp432p401r.obj        820     0         8      
       startup_msp432p401r_ccs.obj   14      228       0      
    +--+-----------------------------+-------+---------+---------+
       Total:                        3646    228       1060   
                                                              
    .\Helpers\
       Motor.obj                     1044    64        0      
       Clock.obj                     480     0         48     
       IR.obj                        492     0         0      
       Timer.obj                     320     0         8      
       Led.obj                       160     0         0      
       Switch.obj                    96      0         0      
    +--+-----------------------------+-------+---------+---------+
       Total:                        2592    64        56     
                                                              
    C:\ti\ccs1270\ccs\tools\compiler\ti-cgt-arm_20.2.7.LTS\lib\rtsv7M4_T_le_v4SPD16_eabi.lib
       _printfi.c.obj                4851    0         0      
       defs.c.obj                    0       0         832    
       memory.c.obj                  672     0         16     
       trgmsg.c.obj                  108     0         576    
       fd_add_t2.asm.obj             438     0         0      
       host_device.c.obj             0       0         400    
       fd_div_t2.asm.obj             310     0         0      
       fputs.c.obj                   276     0         0      
       s_scalbn.c.obj                272     0         0      
       fd_cmp_t2.asm.obj             268     0         0      
       ctype.c.obj                   0       257       0      
       fd_mul_t2.asm.obj             252     0         0      
       setvbuf.c.obj                 220     0         0      
       memcpy_t2.asm.obj             156     0         0      
       ull_div_t2.asm.obj            150     0         0      
       fputc.c.obj                   140     0         0      
       memset_t2.asm.obj             122     0         0      
       fclose.c.obj                  116     0         0      
       getdevice.c.obj               116     0         0      
       hostopen.c.obj                96      0         16     
       printf.c.obj                  112     0         0      
       hostrename.c.obj              108     0         0      
       copy_decompress_lzss.c.obj    104     0         0      
       hostlseek.c.obj               104     0         0      
       exit.c.obj                    76      0         24     
       fseek.c.obj                   100     0         0      
       s_frexp.c.obj                 100     0         0      
       _io_perm.c.obj                98      0         0      
       close.c.obj                   92      0         0      
       hostread.c.obj                88      0         0      
       hostwrite.c.obj               88      0         0      
       _ltoa.c.obj                   84      0         0      
       atoi.c.obj                    76      0         0      
       fflush.c.obj                  76      0         0      
       fd_toi_t2.asm.obj             72      0         0      
       autoinit.c.obj                68      0         0      
       hostclose.c.obj               68      0         0      
       hostunlink.c.obj              68      0         0      
       strncpy.c.obj                 54      0         0      
       boot_cortex_m.c.obj           52      0         0      
       fopen.c.obj                   52      0         0      
       i_tofd_t2.asm.obj             46      0         0      
       unlink.c.obj                  44      0         0      
       lseek.c.obj                   40      0         0      
       write.c.obj                   40      0         0      
       memchr.c.obj                  32      0         0      
       copy_zero_init.c.obj          28      0         0      
       memccpy.c.obj                 28      0         0      
       s_copysign.c.obj              26      0         0      
       strcmp.c.obj                  24      0         0      
       strchr.c.obj                  22      0         0      
       strcpy.c.obj                  20      0         0      
       strlen.c.obj                  20      0         0      
       _lock.c.obj                   2       0         16     
       wcslen.c.obj                  18      0         0      
       errno.c.obj                   8       0         8      
       copy_decompress_none.c.obj    14      0         0      
       pre_init.c.obj                4       0         0      
       div0.asm.obj                  2       0         0      
    +--+-----------------------------+-------+---------+---------+
       Total:                        10721   257       1888   
                                                              
       Heap:                         0       0         2048   
       Stack:                        0       0         1024   
       Linker Generated:             0       221       0      
    +--+-----------------------------+-------+---------+---------+
       Grand Total:                  16959   770       6076   


LINKER GENERATED COPY TABLES

__TI_cinit_table @ 00004550 records: 2, size/record: 8, table size: 16
	.data: load addr=00004480, load size=000000b9 bytes, run addr=20000400, run size=00000310 bytes, compression=lzss
	.bss: load addr=00004548, load size=00000008 bytes, run addr=20000710, run size=000002d1 bytes, compression=zero_init


LINKER GENERATED HANDLER TABLE

__TI_handler_table @ 0000453c records: 3, size/record: 4, table size: 12
	index: 0, handler: __TI_decompress_lzss
	index: 1, handler: __TI_decompress_none
	index: 2, handler: __TI_zero_init


GLOBAL SYMBOLS: SORTED ALPHABETICALLY BY Name 

address   name                           
-------   ----                           
00004315  ADC14_IRQHandler               
00004315  AES256_IRQHandler              
000019a9  Align_And_Move_Backward        
00001905  Align_And_Move_Forward         
00004315  BusFault_Handler               
00004335  C$$EXIT                        
00004023  C$$IO$$                        
00004315  COMP_E0_IRQHandler             
00004315  COMP_E1_IRQHandler             
200006c0  CPMwait                        
00004315  CS_IRQHandler                  
200006b8  ClockFrequency                 
00002329  Clock_Delay1ms                 
000022ff  Clock_Delay1us                 
000022eb  Clock_GetFreq                  
000021d5  Clock_Init48MHz                
00001881  Compute_Backward_CenteringError
0000181d  Compute_Forward_CenteringError 
200006cc  Crystalstable                  
00004315  DMA_ERR_IRQHandler             
00004315  DMA_INT0_IRQHandler            
00004315  DMA_INT1_IRQHandler            
00004315  DMA_INT2_IRQHandler            
00004315  DMA_INT3_IRQHandler            
00004315  DebugMon_Handler               
00004315  Default_Handler                
000000e5  Detect_NodeType                
00004315  EUSCIA0_IRQHandler             
00004315  EUSCIA1_IRQHandler             
00004315  EUSCIA2_IRQHandler             
00004315  EUSCIA3_IRQHandler             
00004315  EUSCIB0_IRQHandler             
00004315  EUSCIB1_IRQHandler             
00004315  EUSCIB2_IRQHandler             
00004315  EUSCIB3_IRQHandler             
00000761  Escape_And_Memorize_Maze       
00004315  FLCTL_IRQHandler               
00004315  FPU_IRQHandler                 
0000210f  Get_IR_Sensor_Value            
00003ea5  HOSTclose                      
00003851  HOSTlseek                      
00003ab5  HOSTopen                       
00003bd1  HOSTread                       
000037e5  HOSTrename                     
00003ee9  HOSTunlink                     
00003c29  HOSTwrite                      
00004315  HardFault_Handler              
200006c8  IFlags                         
00001fe9  IR_Init                        
000032a9  Led_Init                       
000016eb  Left_Backward                  
000016df  Left_Forward                   
00004315  MemManage_Handler              
00001631  Motor_Init                     
000016b9  Motor_Move                     
00001803  Motor_Stop                     
0000173b  Move_Backward                  
0000036b  Move_Backward_Straight         
0000170f  Move_Forward                   
000003ad  Move_Forward_Straight          
00004315  NMI_Handler                    
00002081  Off_IR_Emitter                 
00002059  On_IR_Emitter                  
00004315  PCM_IRQHandler                 
00004315  PORT1_IRQHandler               
00004315  PORT2_IRQHandler               
00004315  PORT3_IRQHandler               
00004315  PORT4_IRQHandler               
00004315  PORT5_IRQHandler               
00004315  PORT6_IRQHandler               
00004315  PSS_IRQHandler                 
000027a5  PWM_Duty3                      
000027b9  PWM_Duty4                      
000027cd  PWM_Init34                     
00004315  PendSV_Handler                 
000009a7  Phase_One_Two                  
000009e9  Phase_Three                    
200006c4  Postwait                       
200006bc  Prewait                        
0000214b  Print_IR_Sensor                
000003f5  Process_Backtrack_Branch       
0000053b  Process_Backtrack_Left         
00000609  Process_Backtrack_Right        
00004315  RTC_C_IRQHandler               
000020a9  Read_IR_Sensor                 
00003b53  Read_Switch_Left               
00003b49  Read_Switch_Right              
00004309  Reset_Handler                  
00001703  Right_Backward                 
000016f7  Right_Forward                  
00001767  Rotate_Left                    
000017bf  Rotate_Left90                  
00001793  Rotate_Right                   
000017e1  Rotate_Right90                 
00004315  SVC_Handler                    
000000f3  Stack_Init_With_Answer         
00003b15  Switch_Init                    
00004315  SysTick_Handler                
2000070c  SystemCoreClock                
00001a45  SystemCoreClockUpdate          
00001cbd  SystemInit                     
00004315  T32_INT1_IRQHandler            
00004315  T32_INT2_IRQHandler            
00004315  T32_INTC_IRQHandler            
00004315  TA0_0_IRQHandler               
00004315  TA0_N_IRQHandler               
00004315  TA1_0_IRQHandler               
00004315  TA1_N_IRQHandler               
00002791  TA2_0_IRQHandler               
00002791  TA2_0_IRQHandler               
00004315  TA2_N_IRQHandler               
00004315  TA3_0_IRQHandler               
00004315  TA3_N_IRQHandler               
20000704  TimerA2Task                    
0000273d  TimerA2_Init                   
000032fd  Toggle_Led                     
000002d5  Toggle_Led_By_NodeType         
000032f1  TurnOff_Led                    
000032d3  TurnOn_Led                     
00004315  UsageFault_Handler             
4000480c  WDTCTL_SYM                     
00004315  WDT_A_IRQHandler               
20000710  __CIOBUF_                      
20010000  __STACK_END                    
00000200  __STACK_SIZE                   
00000400  __SYSMEM_SIZE                  
00004550  __TI_CINIT_Base                
00004560  __TI_CINIT_Limit               
0000453c  __TI_Handler_Table_Base        
00004548  __TI_Handler_Table_Limit       
00003f2d  __TI_auto_init_nobinit_nopinit 
00004065  __TI_cleanup                   
200006e0  __TI_cleanup_ptr               
00003691  __TI_closefile                 
000038b9  __TI_decompress_lzss           
000042fb  __TI_decompress_none           
00003d7d  __TI_doflush                   
200006e4  __TI_dtors_ptr                 
200006e8  __TI_enable_exit_profile_output
200006d0  __TI_ft_end                    
00003cd7  __TI_ltoa                      
ffffffff  __TI_pprof_out_hndl            
00000be1  __TI_printfi                   
ffffffff  __TI_prof_data_size            
ffffffff  __TI_prof_data_start           
00004099  __TI_readmsg                   
00000000  __TI_static_base__             
20000830  __TI_tmpnams                   
00003ff5  __TI_writemsg                  
00003a51  __TI_wrt_ok                    
00004225  __TI_zero_init_nomemset        
00003509  __aeabi_cdcmpeq                
00003509  __aeabi_cdcmple                
0000358f  __aeabi_cdrcmple               
00003e5d  __aeabi_d2iz                   
0000258f  __aeabi_dadd                   
000029b9  __aeabi_ddiv                   
00002f39  __aeabi_dmul                   
00002585  __aeabi_dsub                   
00004319  __aeabi_errno_addr             
00004131  __aeabi_i2d                    
0000273b  __aeabi_idiv0                  
0000273b  __aeabi_ldiv0                  
00003615  __aeabi_memclr                 
00003615  __aeabi_memclr4                
00003615  __aeabi_memclr8                
00003349  __aeabi_memcpy                 
00003349  __aeabi_memcpy4                
00003349  __aeabi_memcpy8                
00003617  __aeabi_memset                 
00003617  __aeabi_memset4                
00003617  __aeabi_memset8                
200006dc  __aeabi_stderr                 
200006d4  __aeabi_stdin                  
200006d8  __aeabi_stdout                 
000033e5  __aeabi_uldivmod               
ffffffff  __binit__                      
ffffffff  __c_args__                     
UNDEFED   __mpu_init                     
2000fe00  __stack                        
20000000  __start___llvm_prf_cnts        
20000000  __stop___llvm_prf_cnts         
000040cd  _c_int00_noargs                
00004338  _ctypes_                       
200005f0  _device                        
20000500  _ftable                        
200006ec  _lock                          
0000162f  _nop                           
20000668  _stream                        
20000000  _sys_memory                    
UNDEFED   _system_post_cinit             
00004331  _system_pre_init               
200006f0  _unlock                        
00004335  abort                          
00002e39  aligned_alloc                  
00003dc9  atoi                           
20000700  backtrack_count                
ffffffff  binit                          
00003b75  close                          
00004279  copysign                       
00004279  copysignl                      
000022f1  delay                          
200008d0  dir_stack                      
20000708  errno                          
00003e15  exit                           
00004101  finddevice                     
0000347d  fputc                          
00002c15  fputs                          
00003035  free                           
00003989  frexp                          
00003989  frexpl                         
000039ed  fseek                          
00003f71  getdevice                      
00000000  interruptVectors               
00002d29  ldexp                          
00002d29  ldexpl                         
000041b5  lseek                          
00000b55  main                           
00004321  malloc                         
00002e39  memalign                       
0000425d  memccpy                        
00004205  memchr                         
00003349  memcpy                         
0000361d  memset                         
20000400  node_map                       
20000950  node_stack                     
200009d0  parmbuf                        
00003921  printf                         
0000347d  putc                           
00004161  remove                         
00002d29  scalbn                         
00002d29  scalbnl                        
200009d8  sensors                        
00003119  setvbuf                        
000042ab  strchr                         
00004293  strcmp                         
000042c1  strcpy                         
000042d5  strlen                         
0000402d  strncpy                        
200006fc  top                            
200009e0  type                           
00004161  unlink                         
000042e9  wcslen                         
000041dd  write                          


GLOBAL SYMBOLS: SORTED BY Symbol Address 

address   name                           
-------   ----                           
00000000  __TI_static_base__             
00000000  interruptVectors               
000000e5  Detect_NodeType                
000000f3  Stack_Init_With_Answer         
00000200  __STACK_SIZE                   
000002d5  Toggle_Led_By_NodeType         
0000036b  Move_Backward_Straight         
000003ad  Move_Forward_Straight          
000003f5  Process_Backtrack_Branch       
00000400  __SYSMEM_SIZE                  
0000053b  Process_Backtrack_Left         
00000609  Process_Backtrack_Right        
00000761  Escape_And_Memorize_Maze       
000009a7  Phase_One_Two                  
000009e9  Phase_Three                    
00000b55  main                           
00000be1  __TI_printfi                   
0000162f  _nop                           
00001631  Motor_Init                     
000016b9  Motor_Move                     
000016df  Left_Forward                   
000016eb  Left_Backward                  
000016f7  Right_Forward                  
00001703  Right_Backward                 
0000170f  Move_Forward                   
0000173b  Move_Backward                  
00001767  Rotate_Left                    
00001793  Rotate_Right                   
000017bf  Rotate_Left90                  
000017e1  Rotate_Right90                 
00001803  Motor_Stop                     
0000181d  Compute_Forward_CenteringError 
00001881  Compute_Backward_CenteringError
00001905  Align_And_Move_Forward         
000019a9  Align_And_Move_Backward        
00001a45  SystemCoreClockUpdate          
00001cbd  SystemInit                     
00001fe9  IR_Init                        
00002059  On_IR_Emitter                  
00002081  Off_IR_Emitter                 
000020a9  Read_IR_Sensor                 
0000210f  Get_IR_Sensor_Value            
0000214b  Print_IR_Sensor                
000021d5  Clock_Init48MHz                
000022eb  Clock_GetFreq                  
000022f1  delay                          
000022ff  Clock_Delay1us                 
00002329  Clock_Delay1ms                 
00002585  __aeabi_dsub                   
0000258f  __aeabi_dadd                   
0000273b  __aeabi_idiv0                  
0000273b  __aeabi_ldiv0                  
0000273d  TimerA2_Init                   
00002791  TA2_0_IRQHandler               
00002791  TA2_0_IRQHandler               
000027a5  PWM_Duty3                      
000027b9  PWM_Duty4                      
000027cd  PWM_Init34                     
000029b9  __aeabi_ddiv                   
00002c15  fputs                          
00002d29  ldexp                          
00002d29  ldexpl                         
00002d29  scalbn                         
00002d29  scalbnl                        
00002e39  aligned_alloc                  
00002e39  memalign                       
00002f39  __aeabi_dmul                   
00003035  free                           
00003119  setvbuf                        
000032a9  Led_Init                       
000032d3  TurnOn_Led                     
000032f1  TurnOff_Led                    
000032fd  Toggle_Led                     
00003349  __aeabi_memcpy                 
00003349  __aeabi_memcpy4                
00003349  __aeabi_memcpy8                
00003349  memcpy                         
000033e5  __aeabi_uldivmod               
0000347d  fputc                          
0000347d  putc                           
00003509  __aeabi_cdcmpeq                
00003509  __aeabi_cdcmple                
0000358f  __aeabi_cdrcmple               
00003615  __aeabi_memclr                 
00003615  __aeabi_memclr4                
00003615  __aeabi_memclr8                
00003617  __aeabi_memset                 
00003617  __aeabi_memset4                
00003617  __aeabi_memset8                
0000361d  memset                         
00003691  __TI_closefile                 
000037e5  HOSTrename                     
00003851  HOSTlseek                      
000038b9  __TI_decompress_lzss           
00003921  printf                         
00003989  frexp                          
00003989  frexpl                         
000039ed  fseek                          
00003a51  __TI_wrt_ok                    
00003ab5  HOSTopen                       
00003b15  Switch_Init                    
00003b49  Read_Switch_Right              
00003b53  Read_Switch_Left               
00003b75  close                          
00003bd1  HOSTread                       
00003c29  HOSTwrite                      
00003cd7  __TI_ltoa                      
00003d7d  __TI_doflush                   
00003dc9  atoi                           
00003e15  exit                           
00003e5d  __aeabi_d2iz                   
00003ea5  HOSTclose                      
00003ee9  HOSTunlink                     
00003f2d  __TI_auto_init_nobinit_nopinit 
00003f71  getdevice                      
00003ff5  __TI_writemsg                  
00004023  C$$IO$$                        
0000402d  strncpy                        
00004065  __TI_cleanup                   
00004099  __TI_readmsg                   
000040cd  _c_int00_noargs                
00004101  finddevice                     
00004131  __aeabi_i2d                    
00004161  remove                         
00004161  unlink                         
000041b5  lseek                          
000041dd  write                          
00004205  memchr                         
00004225  __TI_zero_init_nomemset        
0000425d  memccpy                        
00004279  copysign                       
00004279  copysignl                      
00004293  strcmp                         
000042ab  strchr                         
000042c1  strcpy                         
000042d5  strlen                         
000042e9  wcslen                         
000042fb  __TI_decompress_none           
00004309  Reset_Handler                  
00004315  ADC14_IRQHandler               
00004315  AES256_IRQHandler              
00004315  BusFault_Handler               
00004315  COMP_E0_IRQHandler             
00004315  COMP_E1_IRQHandler             
00004315  CS_IRQHandler                  
00004315  DMA_ERR_IRQHandler             
00004315  DMA_INT0_IRQHandler            
00004315  DMA_INT1_IRQHandler            
00004315  DMA_INT2_IRQHandler            
00004315  DMA_INT3_IRQHandler            
00004315  DebugMon_Handler               
00004315  Default_Handler                
00004315  EUSCIA0_IRQHandler             
00004315  EUSCIA1_IRQHandler             
00004315  EUSCIA2_IRQHandler             
00004315  EUSCIA3_IRQHandler             
00004315  EUSCIB0_IRQHandler             
00004315  EUSCIB1_IRQHandler             
00004315  EUSCIB2_IRQHandler             
00004315  EUSCIB3_IRQHandler             
00004315  FLCTL_IRQHandler               
00004315  FPU_IRQHandler                 
00004315  HardFault_Handler              
00004315  MemManage_Handler              
00004315  NMI_Handler                    
00004315  PCM_IRQHandler                 
00004315  PORT1_IRQHandler               
00004315  PORT2_IRQHandler               
00004315  PORT3_IRQHandler               
00004315  PORT4_IRQHandler               
00004315  PORT5_IRQHandler               
00004315  PORT6_IRQHandler               
00004315  PSS_IRQHandler                 
00004315  PendSV_Handler                 
00004315  RTC_C_IRQHandler               
00004315  SVC_Handler                    
00004315  SysTick_Handler                
00004315  T32_INT1_IRQHandler            
00004315  T32_INT2_IRQHandler            
00004315  T32_INTC_IRQHandler            
00004315  TA0_0_IRQHandler               
00004315  TA0_N_IRQHandler               
00004315  TA1_0_IRQHandler               
00004315  TA1_N_IRQHandler               
00004315  TA2_N_IRQHandler               
00004315  TA3_0_IRQHandler               
00004315  TA3_N_IRQHandler               
00004315  UsageFault_Handler             
00004315  WDT_A_IRQHandler               
00004319  __aeabi_errno_addr             
00004321  malloc                         
00004331  _system_pre_init               
00004335  C$$EXIT                        
00004335  abort                          
00004338  _ctypes_                       
0000453c  __TI_Handler_Table_Base        
00004548  __TI_Handler_Table_Limit       
00004550  __TI_CINIT_Base                
00004560  __TI_CINIT_Limit               
20000000  __start___llvm_prf_cnts        
20000000  __stop___llvm_prf_cnts         
20000000  _sys_memory                    
20000400  node_map                       
20000500  _ftable                        
200005f0  _device                        
20000668  _stream                        
200006b8  ClockFrequency                 
200006bc  Prewait                        
200006c0  CPMwait                        
200006c4  Postwait                       
200006c8  IFlags                         
200006cc  Crystalstable                  
200006d0  __TI_ft_end                    
200006d4  __aeabi_stdin                  
200006d8  __aeabi_stdout                 
200006dc  __aeabi_stderr                 
200006e0  __TI_cleanup_ptr               
200006e4  __TI_dtors_ptr                 
200006e8  __TI_enable_exit_profile_output
200006ec  _lock                          
200006f0  _unlock                        
200006fc  top                            
20000700  backtrack_count                
20000704  TimerA2Task                    
20000708  errno                          
2000070c  SystemCoreClock                
20000710  __CIOBUF_                      
20000830  __TI_tmpnams                   
200008d0  dir_stack                      
20000950  node_stack                     
200009d0  parmbuf                        
200009d8  sensors                        
200009e0  type                           
2000fe00  __stack                        
20010000  __STACK_END                    
4000480c  WDTCTL_SYM                     
ffffffff  __TI_pprof_out_hndl            
ffffffff  __TI_prof_data_size            
ffffffff  __TI_prof_data_start           
ffffffff  __binit__                      
ffffffff  __c_args__                     
ffffffff  binit                          
UNDEFED   __mpu_init                     
UNDEFED   _system_post_cinit             

[244 symbols]
