******************************************************************************
                  TI ARM Linker PC v20.2.7                     
******************************************************************************
>> Linked Thu Jun 19 19:29:49 2025

OUTPUT FILE NAME:   <Week8.out>
ENTRY POINT SYMBOL: "_c_int00_noargs"  address: 0000403d


MEMORY CONFIGURATION

         name            origin    length      used     unused   attr    fill
----------------------  --------  ---------  --------  --------  ----  --------
  MAIN                  00000000   00040000  000044c4  0003bb3c  R  X
  INFO                  00200000   00004000  00000000  00004000  R  X
  SRAM_CODE             01000000   00010000  00000be1  0000f41f  RW X
  SRAM_DATA             20000000   00010000  00000be1  0000f41f  RW  


SEGMENT ALLOCATION MAP

run origin  load origin   length   init length attrs members
----------  ----------- ---------- ----------- ----- -------
00000000    00000000    000044c8   000044c8    r-x
  00000000    00000000    000000e4   000000e4    r-- .intvecs
  000000e4    000000e4    000041c4   000041c4    r-x .text
  000042a8    000042a8    00000144   00000144    r-- .const
  000043f0    000043f0    000000d8   000000d8    r-- .cinit
20000000    20000000    000009e1   00000000    rw-
  20000000    20000000    00000400   00000000    rw- .sysmem
  20000400    20000400    00000310   00000000    rw- .data
  20000710    20000710    000002d1   00000000    rw- .bss
2000fe00    2000fe00    00000200   00000000    rw-
  2000fe00    2000fe00    00000200   00000000    rw- .stack


SECTION ALLOCATION MAP

 output                                  attributes/
section   page    origin      length       input sections
--------  ----  ----------  ----------   ----------------
.intvecs   0    00000000    000000e4     
                  00000000    000000e4     startup_msp432p401r_ccs.obj (.intvecs:retain)

.text      0    000000e4    000041c4     
                  000000e4    00000a4e     rtsv7M4_T_le_v4SPD16_eabi.lib : _printfi.c.obj (.text:__TI_printfi)
                  00000b32    00000002                                   : _lock.c.obj (.text:_nop)
                  00000b34    00000a24     main.obj (.text)
                  00001558    0000045c     Motor.obj (.text)
                  000019b4    00000334     system_msp432p401r.obj (.text)
                  00001ce8    00000270     rtsv7M4_T_le_v4SPD16_eabi.lib : _printfi.c.obj (.text:_pconv_a)
                  00001f58    000001ec     IR.obj (.text)
                  00002144    000001e0     Clock.obj (.text)
                  00002324    000001d0     rtsv7M4_T_le_v4SPD16_eabi.lib : _printfi.c.obj (.text:_pconv_g)
                  000024f4    000001b6                                   : fd_add_t2.asm.obj (.text)
                  000026aa    00000002                                   : div0.asm.obj (.text)
                  000026ac    00000140     Timer.obj (.text)
                  000027ec    0000013c     rtsv7M4_T_le_v4SPD16_eabi.lib : _printfi.c.obj (.text:_pconv_e)
                  00002928    00000136                                   : fd_div_t2.asm.obj (.text)
                  00002a5e    00000002     --HOLE-- [fill = 0]
                  00002a60    00000124                                   : _printfi.c.obj (.text:fcvt)
                  00002b84    00000114                                   : fputs.c.obj (.text:fputs)
                  00002c98    00000110                                   : s_scalbn.c.obj (.text:scalbn)
                  00002da8    00000100                                   : memory.c.obj (.text:aligned_alloc)
                  00002ea8    000000fc                                   : fd_mul_t2.asm.obj (.text)
                  00002fa4    000000e4                                   : memory.c.obj (.text:free)
                  00003088    000000dc                                   : setvbuf.c.obj (.text:setvbuf)
                  00003164    000000b1                                   : _printfi.c.obj (.text:_ltostr)
                  00003215    00000003     --HOLE-- [fill = 0]
                  00003218    000000a0     Led.obj (.text)
                  000032b8    0000009c     rtsv7M4_T_le_v4SPD16_eabi.lib : memcpy_t2.asm.obj (.text)
                  00003354    00000096                                   : ull_div_t2.asm.obj (.text)
                  000033ea    00000002     --HOLE-- [fill = 0]
                  000033ec    0000008c                                   : fputc.c.obj (.text:fputc)
                  00003478    00000086                                   : fd_cmp_t2.asm.obj (.text:__aeabi_cdcmple)
                  000034fe    00000086                                   : fd_cmp_t2.asm.obj (.text:__aeabi_cdrcmple)
                  00003584    0000007a                                   : memset_t2.asm.obj (.text)
                  000035fe    00000002     --HOLE-- [fill = 0]
                  00003600    00000074                                   : fclose.c.obj (.text:__TI_closefile)
                  00003674    00000070                                   : memory.c.obj (.text:split)
                  000036e4    0000006e                                   : _printfi.c.obj (.text:_mcpy)
                  00003752    00000002     --HOLE-- [fill = 0]
                  00003754    0000006c                                   : hostrename.c.obj (.text:HOSTrename)
                  000037c0    00000068                                   : hostlseek.c.obj (.text:HOSTlseek)
                  00003828    00000068                                   : copy_decompress_lzss.c.obj (.text:decompress:lzss:__TI_decompress_lzss)
                  00003890    00000068                                   : printf.c.obj (.text:printf)
                  000038f8    00000064                                   : s_frexp.c.obj (.text:frexp)
                  0000395c    00000064                                   : fseek.c.obj (.text:fseek)
                  000039c0    00000062                                   : _io_perm.c.obj (.text:__TI_wrt_ok)
                  00003a22    00000002     --HOLE-- [fill = 0]
                  00003a24    00000060                                   : hostopen.c.obj (.text:HOSTopen)
                  00003a84    00000060     Switch.obj (.text)
                  00003ae4    0000005c     rtsv7M4_T_le_v4SPD16_eabi.lib : close.c.obj (.text:close)
                  00003b40    00000058                                   : hostread.c.obj (.text:HOSTread)
                  00003b98    00000058                                   : hostwrite.c.obj (.text:HOSTwrite)
                  00003bf0    00000056                                   : _printfi.c.obj (.text:_pconv_f)
                  00003c46    00000054                                   : _ltoa.c.obj (.text:__TI_ltoa)
                  00003c9a    00000052                                   : _printfi.c.obj (.text:_ecpy)
                  00003cec    0000004c                                   : fflush.c.obj (.text:__TI_doflush)
                  00003d38    0000004c                                   : atoi.c.obj (.text:atoi)
                  00003d84    00000048                                   : exit.c.obj (.text:exit)
                  00003dcc    00000048                                   : fd_toi_t2.asm.obj (.text)
                  00003e14    00000044                                   : hostclose.c.obj (.text:HOSTclose)
                  00003e58    00000044                                   : hostunlink.c.obj (.text:HOSTunlink)
                  00003e9c    00000044                                   : autoinit.c.obj (.text:__TI_auto_init_nobinit_nopinit:__TI_auto_init_nobinit_nopinit)
                  00003ee0    00000044                                   : getdevice.c.obj (.text:getdevice)
                  00003f24    0000003e                                   : _printfi.c.obj (.text:_fcpy)
                  00003f62    00000002     --HOLE-- [fill = 0]
                  00003f64    00000038                                   : trgmsg.c.obj (.text:__TI_writemsg)
                  00003f9c    00000036                                   : strncpy.c.obj (.text:strncpy)
                  00003fd2    00000002     --HOLE-- [fill = 0]
                  00003fd4    00000034                                   : fopen.c.obj (.text:__TI_cleanup)
                  00004008    00000034                                   : trgmsg.c.obj (.text:__TI_readmsg)
                  0000403c    00000034                                   : boot_cortex_m.c.obj (.text:_c_int00_noargs:_c_int00_noargs)
                  00004070    00000030                                   : getdevice.c.obj (.text:finddevice)
                  000040a0    0000002e                                   : i_tofd_t2.asm.obj (.text)
                  000040ce    00000002     --HOLE-- [fill = 0]
                  000040d0    0000002c                                   : unlink.c.obj (.text:unlink)
                  000040fc    00000028                                   : memory.c.obj (.text:free_list_insert)
                  00004124    00000028                                   : lseek.c.obj (.text:lseek)
                  0000414c    00000028                                   : write.c.obj (.text:write)
                  00004174    00000020                                   : memchr.c.obj (.text:memchr)
                  00004194    0000001c                                   : copy_zero_init.c.obj (.text:decompress:ZI:__TI_zero_init_nomemset:__TI_zero_init_nomemset)
                  000041b0    0000001c                                   : memory.c.obj (.text:free_list_remove)
                  000041cc    0000001c                                   : memccpy.c.obj (.text:memccpy)
                  000041e8    0000001a                                   : s_copysign.c.obj (.text:copysign)
                  00004202    00000018                                   : strcmp.c.obj (.text:strcmp)
                  0000421a    00000016                                   : strchr.c.obj (.text:strchr)
                  00004230    00000014                                   : strcpy.c.obj (.text:strcpy)
                  00004244    00000014                                   : strlen.c.obj (.text:strlen)
                  00004258    00000012                                   : wcslen.c.obj (.text:wcslen)
                  0000426a    0000000e                                   : copy_decompress_none.c.obj (.text:decompress:none:__TI_decompress_none)
                  00004278    0000000e     startup_msp432p401r_ccs.obj (.text)
                  00004286    00000002     --HOLE-- [fill = 0]
                  00004288    00000008     rtsv7M4_T_le_v4SPD16_eabi.lib : errno.c.obj (.text:__aeabi_errno_addr)
                  00004290    00000008                                   : memory.c.obj (.text:malloc)
                  00004298    00000004                                   : printf.c.obj (.text:_outc)
                  0000429c    00000004                                   : printf.c.obj (.text:_outs)
                  000042a0    00000004                                   : pre_init.c.obj (.text:_system_pre_init)
                  000042a4    00000004                                   : exit.c.obj (.text:abort:abort)

.const     0    000042a8    00000144     
                  000042a8    00000101     rtsv7M4_T_le_v4SPD16_eabi.lib : ctype.c.obj (.const:.string:_ctypes_)
                  000043a9    00000003     --HOLE-- [fill = 0]
                  000043ac    00000020     Motor.obj (.const:$P$T0$1)
                  000043cc    00000020     Motor.obj (.const:$P$T1$2)

.cinit     0    000043f0    000000d8     
                  000043f0    000000b0     (.cinit..data.load) [load image, compression = lzss]
                  000044a0    0000000c     (__TI_handler_table)
                  000044ac    00000004     --HOLE-- [fill = 0]
                  000044b0    00000008     (.cinit..bss.load) [load image, compression = zero_init]
                  000044b8    00000010     (__TI_cinit_table)

.init_array 
*          0    00000000    00000000     UNINITIALIZED

.binit     0    00000000    00000000     

.sysmem    0    20000000    00000400     UNINITIALIZED
                  20000000    00000010     rtsv7M4_T_le_v4SPD16_eabi.lib : memory.c.obj (.sysmem)
                  20000010    000003f0     --HOLE--

.data      0    20000400    00000310     UNINITIALIZED
                  20000400    00000100     main.obj (.data:node_map)
                  20000500    000000f0     rtsv7M4_T_le_v4SPD16_eabi.lib : defs.c.obj (.data:_ftable)
                  200005f0    00000078                                   : host_device.c.obj (.data:_device)
                  20000668    00000050                                   : host_device.c.obj (.data:_stream)
                  200006b8    00000018     Clock.obj (.data)
                  200006d0    00000010     rtsv7M4_T_le_v4SPD16_eabi.lib : defs.c.obj (.data)
                  200006e0    0000000c                                   : exit.c.obj (.data:$O1$$)
                  200006ec    00000008                                   : _lock.c.obj (.data:$O1$$)
                  200006f4    00000008                                   : memory.c.obj (.data:$O1$$)
                  200006fc    00000005     main.obj (.data)
                  20000701    00000003     --HOLE--
                  20000704    00000004     Timer.obj (.data)
                  20000708    00000004     rtsv7M4_T_le_v4SPD16_eabi.lib : errno.c.obj (.data)
                  2000070c    00000004     system_msp432p401r.obj (.data)

.bss       0    20000710    000002d1     UNINITIALIZED
                  20000710    00000120     rtsv7M4_T_le_v4SPD16_eabi.lib : trgmsg.c.obj (.bss:_CIOBUF_)
                  20000830    000000a0     (.common:__TI_tmpnams)
                  200008d0    00000080     (.common:dir_stack)
                  20000950    00000080     (.common:node_stack)
                  200009d0    00000008     (.common:parmbuf)
                  200009d8    00000008     (.common:sensors)
                  200009e0    00000001     (.common:type)

.stack     0    2000fe00    00000200     UNINITIALIZED
                  2000fe00    00000004     rtsv7M4_T_le_v4SPD16_eabi.lib : boot_cortex_m.c.obj (.stack)
                  2000fe04    000001fc     --HOLE--

__llvm_prf_cnts 
*          0    20000000    00000000     UNINITIALIZED

MODULE SUMMARY

       Module                        code    ro data   rw data
       ------                        ----    -------   -------
    .\
       main.obj                      2596    0         1052   
       system_msp432p401r.obj        820     0         8      
       startup_msp432p401r_ccs.obj   14      228       0      
    +--+-----------------------------+-------+---------+---------+
       Total:                        3430    228       1060   
                                                              
    .\Helpers\
       Motor.obj                     1116    64        0      
       Clock.obj                     480     0         48     
       IR.obj                        492     0         0      
       Timer.obj                     320     0         8      
       Led.obj                       160     0         0      
       Switch.obj                    96      0         0      
    +--+-----------------------------+-------+---------+---------+
       Total:                        2664    64        56     
                                                              
    C:\ti\ccs1270\ccs\tools\compiler\ti-cgt-arm_20.2.7.LTS\lib\rtsv7M4_T_le_v4SPD16_eabi.lib
       _printfi.c.obj                4851    0         0      
       defs.c.obj                    0       0         832    
       memory.c.obj                  672     0         16     
       trgmsg.c.obj                  108     0         576    
       fd_add_t2.asm.obj             438     0         0      
       host_device.c.obj             0       0         400    
       fd_div_t2.asm.obj             310     0         0      
       fputs.c.obj                   276     0         0      
       s_scalbn.c.obj                272     0         0      
       fd_cmp_t2.asm.obj             268     0         0      
       ctype.c.obj                   0       257       0      
       fd_mul_t2.asm.obj             252     0         0      
       setvbuf.c.obj                 220     0         0      
       memcpy_t2.asm.obj             156     0         0      
       ull_div_t2.asm.obj            150     0         0      
       fputc.c.obj                   140     0         0      
       memset_t2.asm.obj             122     0         0      
       fclose.c.obj                  116     0         0      
       getdevice.c.obj               116     0         0      
       hostopen.c.obj                96      0         16     
       printf.c.obj                  112     0         0      
       hostrename.c.obj              108     0         0      
       copy_decompress_lzss.c.obj    104     0         0      
       hostlseek.c.obj               104     0         0      
       exit.c.obj                    76      0         24     
       fseek.c.obj                   100     0         0      
       s_frexp.c.obj                 100     0         0      
       _io_perm.c.obj                98      0         0      
       close.c.obj                   92      0         0      
       hostread.c.obj                88      0         0      
       hostwrite.c.obj               88      0         0      
       _ltoa.c.obj                   84      0         0      
       atoi.c.obj                    76      0         0      
       fflush.c.obj                  76      0         0      
       fd_toi_t2.asm.obj             72      0         0      
       autoinit.c.obj                68      0         0      
       hostclose.c.obj               68      0         0      
       hostunlink.c.obj              68      0         0      
       strncpy.c.obj                 54      0         0      
       boot_cortex_m.c.obj           52      0         0      
       fopen.c.obj                   52      0         0      
       i_tofd_t2.asm.obj             46      0         0      
       unlink.c.obj                  44      0         0      
       lseek.c.obj                   40      0         0      
       write.c.obj                   40      0         0      
       memchr.c.obj                  32      0         0      
       copy_zero_init.c.obj          28      0         0      
       memccpy.c.obj                 28      0         0      
       s_copysign.c.obj              26      0         0      
       strcmp.c.obj                  24      0         0      
       strchr.c.obj                  22      0         0      
       strcpy.c.obj                  20      0         0      
       strlen.c.obj                  20      0         0      
       _lock.c.obj                   2       0         16     
       wcslen.c.obj                  18      0         0      
       errno.c.obj                   8       0         8      
       copy_decompress_none.c.obj    14      0         0      
       pre_init.c.obj                4       0         0      
       div0.asm.obj                  2       0         0      
    +--+-----------------------------+-------+---------+---------+
       Total:                        10721   257       1888   
                                                              
       Heap:                         0       0         2048   
       Stack:                        0       0         1024   
       Linker Generated:             0       212       0      
    +--+-----------------------------+-------+---------+---------+
       Grand Total:                  16815   761       6076   


LINKER GENERATED COPY TABLES

__TI_cinit_table @ 000044b8 records: 2, size/record: 8, table size: 16
	.data: load addr=000043f0, load size=000000b0 bytes, run addr=20000400, run size=00000310 bytes, compression=lzss
	.bss: load addr=000044b0, load size=00000008 bytes, run addr=20000710, run size=000002d1 bytes, compression=zero_init


LINKER GENERATED HANDLER TABLE

__TI_handler_table @ 000044a0 records: 3, size/record: 4, table size: 12
	index: 0, handler: __TI_decompress_lzss
	index: 1, handler: __TI_decompress_none
	index: 2, handler: __TI_zero_init


GLOBAL SYMBOLS: SORTED ALPHABETICALLY BY Name 

address   name                           
-------   ----                           
00004285  ADC14_IRQHandler               
00004285  AES256_IRQHandler              
000018f5  Align_And_Move_Backward        
0000183d  Align_And_Move_Forward         
00004285  BusFault_Handler               
000042a5  C$$EXIT                        
00003f93  C$$IO$$                        
00004285  COMP_E0_IRQHandler             
00004285  COMP_E1_IRQHandler             
200006c0  CPMwait                        
00004285  CS_IRQHandler                  
200006b8  ClockFrequency                 
00002299  Clock_Delay1ms                 
0000226f  Clock_Delay1us                 
0000225b  Clock_GetFreq                  
00002145  Clock_Init48MHz                
000017a9  Compute_Backward_CenteringError
00001745  Compute_Forward_CenteringError 
200006cc  Crystalstable                  
00004285  DMA_ERR_IRQHandler             
00004285  DMA_INT0_IRQHandler            
00004285  DMA_INT1_IRQHandler            
00004285  DMA_INT2_IRQHandler            
00004285  DMA_INT3_IRQHandler            
00004285  DebugMon_Handler               
00004285  Default_Handler                
00000b35  Detect_NodeType                
00004285  EUSCIA0_IRQHandler             
00004285  EUSCIA1_IRQHandler             
00004285  EUSCIA2_IRQHandler             
00004285  EUSCIA3_IRQHandler             
00004285  EUSCIB0_IRQHandler             
00004285  EUSCIB1_IRQHandler             
00004285  EUSCIB2_IRQHandler             
00004285  EUSCIB3_IRQHandler             
00001011  Escape_And_Memorize_Maze       
00004285  FLCTL_IRQHandler               
00004285  FPU_IRQHandler                 
0000207f  Get_IR_Sensor_Value            
00003e15  HOSTclose                      
000037c1  HOSTlseek                      
00003a25  HOSTopen                       
00003b41  HOSTread                       
00003755  HOSTrename                     
00003e59  HOSTunlink                     
00003b99  HOSTwrite                      
00004285  HardFault_Handler              
200006c8  IFlags                         
00001f59  IR_Init                        
00003219  Led_Init                       
00001613  Left_Backward                  
00001607  Left_Forward                   
00004285  MemManage_Handler              
00001559  Motor_Init                     
000015e1  Motor_Move                     
0000172b  Motor_Stop                     
00001663  Move_Backward                  
00000bd9  Move_Backward_Straight         
00001637  Move_Forward                   
00000c1d  Move_Forward_Straight          
00004285  NMI_Handler                    
00001ff1  Off_IR_Emitter                 
00001fc9  On_IR_Emitter                  
00004285  PCM_IRQHandler                 
00004285  PORT1_IRQHandler               
00004285  PORT2_IRQHandler               
00004285  PORT3_IRQHandler               
00004285  PORT4_IRQHandler               
00004285  PORT5_IRQHandler               
00004285  PORT6_IRQHandler               
00004285  PSS_IRQHandler                 
00002715  PWM_Duty3                      
00002729  PWM_Duty4                      
0000273d  PWM_Init34                     
00004285  PendSV_Handler                 
00001279  Phase_One_Two                  
000012bd  Phase_Three                    
200006c4  Postwait                       
200006bc  Prewait                        
000020bb  Print_IR_Sensor                
00000c61  Process_Backtrack_Branch       
00000dc9  Process_Backtrack_Left         
00000eb9  Process_Backtrack_Right        
00004285  RTC_C_IRQHandler               
00002019  Read_IR_Sensor                 
00003ac3  Read_Switch_Left               
00003ab9  Read_Switch_Right              
00004279  Reset_Handler                  
0000162b  Right_Backward                 
0000161f  Right_Forward                  
0000168f  Rotate_Left                    
000016e7  Rotate_Left90                  
000016bb  Rotate_Right                   
00001709  Rotate_Right90                 
00004285  SVC_Handler                    
00003a85  Switch_Init                    
00004285  SysTick_Handler                
2000070c  SystemCoreClock                
000019b5  SystemCoreClockUpdate          
00001c2d  SystemInit                     
00004285  T32_INT1_IRQHandler            
00004285  T32_INT2_IRQHandler            
00004285  T32_INTC_IRQHandler            
00004285  TA0_0_IRQHandler               
00004285  TA0_N_IRQHandler               
00004285  TA1_0_IRQHandler               
00004285  TA1_N_IRQHandler               
00002701  TA2_0_IRQHandler               
00002701  TA2_0_IRQHandler               
00004285  TA2_N_IRQHandler               
00004285  TA3_0_IRQHandler               
00004285  TA3_N_IRQHandler               
20000704  TimerA2Task                    
000026ad  TimerA2_Init                   
0000326d  Toggle_Led                     
00000b43  Toggle_Led_By_NodeType         
00003261  TurnOff_Led                    
00003243  TurnOn_Led                     
00004285  UsageFault_Handler             
4000480c  WDTCTL_SYM                     
00004285  WDT_A_IRQHandler               
20000710  __CIOBUF_                      
20010000  __STACK_END                    
00000200  __STACK_SIZE                   
00000400  __SYSMEM_SIZE                  
000044b8  __TI_CINIT_Base                
000044c8  __TI_CINIT_Limit               
000044a0  __TI_Handler_Table_Base        
000044ac  __TI_Handler_Table_Limit       
00003e9d  __TI_auto_init_nobinit_nopinit 
00003fd5  __TI_cleanup                   
200006e0  __TI_cleanup_ptr               
00003601  __TI_closefile                 
00003829  __TI_decompress_lzss           
0000426b  __TI_decompress_none           
00003ced  __TI_doflush                   
200006e4  __TI_dtors_ptr                 
200006e8  __TI_enable_exit_profile_output
200006d0  __TI_ft_end                    
00003c47  __TI_ltoa                      
ffffffff  __TI_pprof_out_hndl            
000000e5  __TI_printfi                   
ffffffff  __TI_prof_data_size            
ffffffff  __TI_prof_data_start           
00004009  __TI_readmsg                   
00000000  __TI_static_base__             
20000830  __TI_tmpnams                   
00003f65  __TI_writemsg                  
000039c1  __TI_wrt_ok                    
00004195  __TI_zero_init_nomemset        
00003479  __aeabi_cdcmpeq                
00003479  __aeabi_cdcmple                
000034ff  __aeabi_cdrcmple               
00003dcd  __aeabi_d2iz                   
000024ff  __aeabi_dadd                   
00002929  __aeabi_ddiv                   
00002ea9  __aeabi_dmul                   
000024f5  __aeabi_dsub                   
00004289  __aeabi_errno_addr             
000040a1  __aeabi_i2d                    
000026ab  __aeabi_idiv0                  
000026ab  __aeabi_ldiv0                  
00003585  __aeabi_memclr                 
00003585  __aeabi_memclr4                
00003585  __aeabi_memclr8                
000032b9  __aeabi_memcpy                 
000032b9  __aeabi_memcpy4                
000032b9  __aeabi_memcpy8                
00003587  __aeabi_memset                 
00003587  __aeabi_memset4                
00003587  __aeabi_memset8                
200006dc  __aeabi_stderr                 
200006d4  __aeabi_stdin                  
200006d8  __aeabi_stdout                 
00003355  __aeabi_uldivmod               
ffffffff  __binit__                      
ffffffff  __c_args__                     
UNDEFED   __mpu_init                     
2000fe00  __stack                        
20000000  __start___llvm_prf_cnts        
20000000  __stop___llvm_prf_cnts         
0000403d  _c_int00_noargs                
000042a8  _ctypes_                       
200005f0  _device                        
20000500  _ftable                        
200006ec  _lock                          
00000b33  _nop                           
20000668  _stream                        
20000000  _sys_memory                    
UNDEFED   _system_post_cinit             
000042a1  _system_pre_init               
200006f0  _unlock                        
000042a5  abort                          
00002da9  aligned_alloc                  
00003d39  atoi                           
20000700  backtrack_count                
ffffffff  binit                          
00003ae5  close                          
000041e9  copysign                       
000041e9  copysignl                      
00002261  delay                          
200008d0  dir_stack                      
20000708  errno                          
00003d85  exit                           
00004071  finddevice                     
000033ed  fputc                          
00002b85  fputs                          
00002fa5  free                           
000038f9  frexp                          
000038f9  frexpl                         
0000395d  fseek                          
00003ee1  getdevice                      
00000000  interruptVectors               
00002c99  ldexp                          
00002c99  ldexpl                         
00004125  lseek                          
0000149b  main                           
00004291  malloc                         
00002da9  memalign                       
000041cd  memccpy                        
00004175  memchr                         
000032b9  memcpy                         
0000358d  memset                         
20000400  node_map                       
20000950  node_stack                     
200009d0  parmbuf                        
00003891  printf                         
000033ed  putc                           
000040d1  remove                         
00002c99  scalbn                         
00002c99  scalbnl                        
200009d8  sensors                        
00003089  setvbuf                        
0000421b  strchr                         
00004203  strcmp                         
00004231  strcpy                         
00004245  strlen                         
00003f9d  strncpy                        
200006fc  top                            
200009e0  type                           
000040d1  unlink                         
00004259  wcslen                         
0000414d  write                          


GLOBAL SYMBOLS: SORTED BY Symbol Address 

address   name                           
-------   ----                           
00000000  __TI_static_base__             
00000000  interruptVectors               
000000e5  __TI_printfi                   
00000200  __STACK_SIZE                   
00000400  __SYSMEM_SIZE                  
00000b33  _nop                           
00000b35  Detect_NodeType                
00000b43  Toggle_Led_By_NodeType         
00000bd9  Move_Backward_Straight         
00000c1d  Move_Forward_Straight          
00000c61  Process_Backtrack_Branch       
00000dc9  Process_Backtrack_Left         
00000eb9  Process_Backtrack_Right        
00001011  Escape_And_Memorize_Maze       
00001279  Phase_One_Two                  
000012bd  Phase_Three                    
0000149b  main                           
00001559  Motor_Init                     
000015e1  Motor_Move                     
00001607  Left_Forward                   
00001613  Left_Backward                  
0000161f  Right_Forward                  
0000162b  Right_Backward                 
00001637  Move_Forward                   
00001663  Move_Backward                  
0000168f  Rotate_Left                    
000016bb  Rotate_Right                   
000016e7  Rotate_Left90                  
00001709  Rotate_Right90                 
0000172b  Motor_Stop                     
00001745  Compute_Forward_CenteringError 
000017a9  Compute_Backward_CenteringError
0000183d  Align_And_Move_Forward         
000018f5  Align_And_Move_Backward        
000019b5  SystemCoreClockUpdate          
00001c2d  SystemInit                     
00001f59  IR_Init                        
00001fc9  On_IR_Emitter                  
00001ff1  Off_IR_Emitter                 
00002019  Read_IR_Sensor                 
0000207f  Get_IR_Sensor_Value            
000020bb  Print_IR_Sensor                
00002145  Clock_Init48MHz                
0000225b  Clock_GetFreq                  
00002261  delay                          
0000226f  Clock_Delay1us                 
00002299  Clock_Delay1ms                 
000024f5  __aeabi_dsub                   
000024ff  __aeabi_dadd                   
000026ab  __aeabi_idiv0                  
000026ab  __aeabi_ldiv0                  
000026ad  TimerA2_Init                   
00002701  TA2_0_IRQHandler               
00002701  TA2_0_IRQHandler               
00002715  PWM_Duty3                      
00002729  PWM_Duty4                      
0000273d  PWM_Init34                     
00002929  __aeabi_ddiv                   
00002b85  fputs                          
00002c99  ldexp                          
00002c99  ldexpl                         
00002c99  scalbn                         
00002c99  scalbnl                        
00002da9  aligned_alloc                  
00002da9  memalign                       
00002ea9  __aeabi_dmul                   
00002fa5  free                           
00003089  setvbuf                        
00003219  Led_Init                       
00003243  TurnOn_Led                     
00003261  TurnOff_Led                    
0000326d  Toggle_Led                     
000032b9  __aeabi_memcpy                 
000032b9  __aeabi_memcpy4                
000032b9  __aeabi_memcpy8                
000032b9  memcpy                         
00003355  __aeabi_uldivmod               
000033ed  fputc                          
000033ed  putc                           
00003479  __aeabi_cdcmpeq                
00003479  __aeabi_cdcmple                
000034ff  __aeabi_cdrcmple               
00003585  __aeabi_memclr                 
00003585  __aeabi_memclr4                
00003585  __aeabi_memclr8                
00003587  __aeabi_memset                 
00003587  __aeabi_memset4                
00003587  __aeabi_memset8                
0000358d  memset                         
00003601  __TI_closefile                 
00003755  HOSTrename                     
000037c1  HOSTlseek                      
00003829  __TI_decompress_lzss           
00003891  printf                         
000038f9  frexp                          
000038f9  frexpl                         
0000395d  fseek                          
000039c1  __TI_wrt_ok                    
00003a25  HOSTopen                       
00003a85  Switch_Init                    
00003ab9  Read_Switch_Right              
00003ac3  Read_Switch_Left               
00003ae5  close                          
00003b41  HOSTread                       
00003b99  HOSTwrite                      
00003c47  __TI_ltoa                      
00003ced  __TI_doflush                   
00003d39  atoi                           
00003d85  exit                           
00003dcd  __aeabi_d2iz                   
00003e15  HOSTclose                      
00003e59  HOSTunlink                     
00003e9d  __TI_auto_init_nobinit_nopinit 
00003ee1  getdevice                      
00003f65  __TI_writemsg                  
00003f93  C$$IO$$                        
00003f9d  strncpy                        
00003fd5  __TI_cleanup                   
00004009  __TI_readmsg                   
0000403d  _c_int00_noargs                
00004071  finddevice                     
000040a1  __aeabi_i2d                    
000040d1  remove                         
000040d1  unlink                         
00004125  lseek                          
0000414d  write                          
00004175  memchr                         
00004195  __TI_zero_init_nomemset        
000041cd  memccpy                        
000041e9  copysign                       
000041e9  copysignl                      
00004203  strcmp                         
0000421b  strchr                         
00004231  strcpy                         
00004245  strlen                         
00004259  wcslen                         
0000426b  __TI_decompress_none           
00004279  Reset_Handler                  
00004285  ADC14_IRQHandler               
00004285  AES256_IRQHandler              
00004285  BusFault_Handler               
00004285  COMP_E0_IRQHandler             
00004285  COMP_E1_IRQHandler             
00004285  CS_IRQHandler                  
00004285  DMA_ERR_IRQHandler             
00004285  DMA_INT0_IRQHandler            
00004285  DMA_INT1_IRQHandler            
00004285  DMA_INT2_IRQHandler            
00004285  DMA_INT3_IRQHandler            
00004285  DebugMon_Handler               
00004285  Default_Handler                
00004285  EUSCIA0_IRQHandler             
00004285  EUSCIA1_IRQHandler             
00004285  EUSCIA2_IRQHandler             
00004285  EUSCIA3_IRQHandler             
00004285  EUSCIB0_IRQHandler             
00004285  EUSCIB1_IRQHandler             
00004285  EUSCIB2_IRQHandler             
00004285  EUSCIB3_IRQHandler             
00004285  FLCTL_IRQHandler               
00004285  FPU_IRQHandler                 
00004285  HardFault_Handler              
00004285  MemManage_Handler              
00004285  NMI_Handler                    
00004285  PCM_IRQHandler                 
00004285  PORT1_IRQHandler               
00004285  PORT2_IRQHandler               
00004285  PORT3_IRQHandler               
00004285  PORT4_IRQHandler               
00004285  PORT5_IRQHandler               
00004285  PORT6_IRQHandler               
00004285  PSS_IRQHandler                 
00004285  PendSV_Handler                 
00004285  RTC_C_IRQHandler               
00004285  SVC_Handler                    
00004285  SysTick_Handler                
00004285  T32_INT1_IRQHandler            
00004285  T32_INT2_IRQHandler            
00004285  T32_INTC_IRQHandler            
00004285  TA0_0_IRQHandler               
00004285  TA0_N_IRQHandler               
00004285  TA1_0_IRQHandler               
00004285  TA1_N_IRQHandler               
00004285  TA2_N_IRQHandler               
00004285  TA3_0_IRQHandler               
00004285  TA3_N_IRQHandler               
00004285  UsageFault_Handler             
00004285  WDT_A_IRQHandler               
00004289  __aeabi_errno_addr             
00004291  malloc                         
000042a1  _system_pre_init               
000042a5  C$$EXIT                        
000042a5  abort                          
000042a8  _ctypes_                       
000044a0  __TI_Handler_Table_Base        
000044ac  __TI_Handler_Table_Limit       
000044b8  __TI_CINIT_Base                
000044c8  __TI_CINIT_Limit               
20000000  __start___llvm_prf_cnts        
20000000  __stop___llvm_prf_cnts         
20000000  _sys_memory                    
20000400  node_map                       
20000500  _ftable                        
200005f0  _device                        
20000668  _stream                        
200006b8  ClockFrequency                 
200006bc  Prewait                        
200006c0  CPMwait                        
200006c4  Postwait                       
200006c8  IFlags                         
200006cc  Crystalstable                  
200006d0  __TI_ft_end                    
200006d4  __aeabi_stdin                  
200006d8  __aeabi_stdout                 
200006dc  __aeabi_stderr                 
200006e0  __TI_cleanup_ptr               
200006e4  __TI_dtors_ptr                 
200006e8  __TI_enable_exit_profile_output
200006ec  _lock                          
200006f0  _unlock                        
200006fc  top                            
20000700  backtrack_count                
20000704  TimerA2Task                    
20000708  errno                          
2000070c  SystemCoreClock                
20000710  __CIOBUF_                      
20000830  __TI_tmpnams                   
200008d0  dir_stack                      
20000950  node_stack                     
200009d0  parmbuf                        
200009d8  sensors                        
200009e0  type                           
2000fe00  __stack                        
20010000  __STACK_END                    
4000480c  WDTCTL_SYM                     
ffffffff  __TI_pprof_out_hndl            
ffffffff  __TI_prof_data_size            
ffffffff  __TI_prof_data_start           
ffffffff  __binit__                      
ffffffff  __c_args__                     
ffffffff  binit                          
UNDEFED   __mpu_init                     
UNDEFED   _system_post_cinit             

[243 symbols]
