<?xml version="1.0" encoding="ISO-8859-1" ?>
<link_info>
   <banner>TI ARM Linker PC v20.2.7.LTS</banner>
   <copyright>Copyright (c) 1996-2018 Texas Instruments Incorporated</copyright>
   <link_time>0x6853e69d</link_time>
   <link_errors>0x0</link_errors>
   <output_file>Week8.out</output_file>
   <entry_point>
      <name>_c_int00_noargs</name>
      <address>0x403d</address>
   </entry_point>
   <input_file_list>
      <input_file id="fl-2">
         <path>.\</path>
         <kind>object</kind>
         <file>main.obj</file>
         <name>main.obj</name>
      </input_file>
      <input_file id="fl-3">
         <path>.\</path>
         <kind>object</kind>
         <file>startup_msp432p401r_ccs.obj</file>
         <name>startup_msp432p401r_ccs.obj</name>
      </input_file>
      <input_file id="fl-4">
         <path>.\</path>
         <kind>object</kind>
         <file>system_msp432p401r.obj</file>
         <name>system_msp432p401r.obj</name>
      </input_file>
      <input_file id="fl-5">
         <path>.\Helpers\</path>
         <kind>object</kind>
         <file>Clock.obj</file>
         <name>Clock.obj</name>
      </input_file>
      <input_file id="fl-6">
         <path>.\Helpers\</path>
         <kind>object</kind>
         <file>IR.obj</file>
         <name>IR.obj</name>
      </input_file>
      <input_file id="fl-7">
         <path>.\Helpers\</path>
         <kind>object</kind>
         <file>Led.obj</file>
         <name>Led.obj</name>
      </input_file>
      <input_file id="fl-8">
         <path>.\Helpers\</path>
         <kind>object</kind>
         <file>Motor.obj</file>
         <name>Motor.obj</name>
      </input_file>
      <input_file id="fl-9">
         <path>.\Helpers\</path>
         <kind>object</kind>
         <file>Switch.obj</file>
         <name>Switch.obj</name>
      </input_file>
      <input_file id="fl-a">
         <path>.\Helpers\</path>
         <kind>object</kind>
         <file>SysTick.obj</file>
         <name>SysTick.obj</name>
      </input_file>
      <input_file id="fl-b">
         <path>.\Helpers\</path>
         <kind>object</kind>
         <file>Timer.obj</file>
         <name>Timer.obj</name>
      </input_file>
      <input_file id="fl-f">
         <kind>object</kind>
         <file>&lt;internal&gt;</file>
         <name>&lt;internal&gt;</name>
      </input_file>
      <input_file id="fl-c5">
         <path>C:\ti\ccs1270\ccs\tools\compiler\ti-cgt-arm_20.2.7.LTS\lib\</path>
         <kind>archive</kind>
         <file>rtsv7M4_T_le_v4SPD16_eabi.lib</file>
         <name>printf.c.obj</name>
      </input_file>
      <input_file id="fl-c6">
         <path>C:\ti\ccs1270\ccs\tools\compiler\ti-cgt-arm_20.2.7.LTS\lib\</path>
         <kind>archive</kind>
         <file>rtsv7M4_T_le_v4SPD16_eabi.lib</file>
         <name>_printfi.c.obj</name>
      </input_file>
      <input_file id="fl-c7">
         <path>C:\ti\ccs1270\ccs\tools\compiler\ti-cgt-arm_20.2.7.LTS\lib\</path>
         <kind>archive</kind>
         <file>rtsv7M4_T_le_v4SPD16_eabi.lib</file>
         <name>fputc.c.obj</name>
      </input_file>
      <input_file id="fl-c8">
         <path>C:\ti\ccs1270\ccs\tools\compiler\ti-cgt-arm_20.2.7.LTS\lib\</path>
         <kind>archive</kind>
         <file>rtsv7M4_T_le_v4SPD16_eabi.lib</file>
         <name>fputs.c.obj</name>
      </input_file>
      <input_file id="fl-c9">
         <path>C:\ti\ccs1270\ccs\tools\compiler\ti-cgt-arm_20.2.7.LTS\lib\</path>
         <kind>archive</kind>
         <file>rtsv7M4_T_le_v4SPD16_eabi.lib</file>
         <name>_io_perm.c.obj</name>
      </input_file>
      <input_file id="fl-ca">
         <path>C:\ti\ccs1270\ccs\tools\compiler\ti-cgt-arm_20.2.7.LTS\lib\</path>
         <kind>archive</kind>
         <file>rtsv7M4_T_le_v4SPD16_eabi.lib</file>
         <name>setvbuf.c.obj</name>
      </input_file>
      <input_file id="fl-cb">
         <path>C:\ti\ccs1270\ccs\tools\compiler\ti-cgt-arm_20.2.7.LTS\lib\</path>
         <kind>archive</kind>
         <file>rtsv7M4_T_le_v4SPD16_eabi.lib</file>
         <name>fd_add_t2.asm.obj</name>
      </input_file>
      <input_file id="fl-cc">
         <path>C:\ti\ccs1270\ccs\tools\compiler\ti-cgt-arm_20.2.7.LTS\lib\</path>
         <kind>archive</kind>
         <file>rtsv7M4_T_le_v4SPD16_eabi.lib</file>
         <name>fd_cmp_t2.asm.obj</name>
      </input_file>
      <input_file id="fl-cd">
         <path>C:\ti\ccs1270\ccs\tools\compiler\ti-cgt-arm_20.2.7.LTS\lib\</path>
         <kind>archive</kind>
         <file>rtsv7M4_T_le_v4SPD16_eabi.lib</file>
         <name>fd_div_t2.asm.obj</name>
      </input_file>
      <input_file id="fl-ce">
         <path>C:\ti\ccs1270\ccs\tools\compiler\ti-cgt-arm_20.2.7.LTS\lib\</path>
         <kind>archive</kind>
         <file>rtsv7M4_T_le_v4SPD16_eabi.lib</file>
         <name>fd_mul_t2.asm.obj</name>
      </input_file>
      <input_file id="fl-cf">
         <path>C:\ti\ccs1270\ccs\tools\compiler\ti-cgt-arm_20.2.7.LTS\lib\</path>
         <kind>archive</kind>
         <file>rtsv7M4_T_le_v4SPD16_eabi.lib</file>
         <name>fd_toi_t2.asm.obj</name>
      </input_file>
      <input_file id="fl-d0">
         <path>C:\ti\ccs1270\ccs\tools\compiler\ti-cgt-arm_20.2.7.LTS\lib\</path>
         <kind>archive</kind>
         <file>rtsv7M4_T_le_v4SPD16_eabi.lib</file>
         <name>i_tofd_t2.asm.obj</name>
      </input_file>
      <input_file id="fl-d1">
         <path>C:\ti\ccs1270\ccs\tools\compiler\ti-cgt-arm_20.2.7.LTS\lib\</path>
         <kind>archive</kind>
         <file>rtsv7M4_T_le_v4SPD16_eabi.lib</file>
         <name>memcpy_t2.asm.obj</name>
      </input_file>
      <input_file id="fl-d2">
         <path>C:\ti\ccs1270\ccs\tools\compiler\ti-cgt-arm_20.2.7.LTS\lib\</path>
         <kind>archive</kind>
         <file>rtsv7M4_T_le_v4SPD16_eabi.lib</file>
         <name>memset_t2.asm.obj</name>
      </input_file>
      <input_file id="fl-d3">
         <path>C:\ti\ccs1270\ccs\tools\compiler\ti-cgt-arm_20.2.7.LTS\lib\</path>
         <kind>archive</kind>
         <file>rtsv7M4_T_le_v4SPD16_eabi.lib</file>
         <name>ull_div_t2.asm.obj</name>
      </input_file>
      <input_file id="fl-d4">
         <path>C:\ti\ccs1270\ccs\tools\compiler\ti-cgt-arm_20.2.7.LTS\lib\</path>
         <kind>archive</kind>
         <file>rtsv7M4_T_le_v4SPD16_eabi.lib</file>
         <name>copy_zero_init.c.obj</name>
      </input_file>
      <input_file id="fl-d5">
         <path>C:\ti\ccs1270\ccs\tools\compiler\ti-cgt-arm_20.2.7.LTS\lib\</path>
         <kind>archive</kind>
         <file>rtsv7M4_T_le_v4SPD16_eabi.lib</file>
         <name>copy_decompress_none.c.obj</name>
      </input_file>
      <input_file id="fl-d6">
         <path>C:\ti\ccs1270\ccs\tools\compiler\ti-cgt-arm_20.2.7.LTS\lib\</path>
         <kind>archive</kind>
         <file>rtsv7M4_T_le_v4SPD16_eabi.lib</file>
         <name>copy_decompress_lzss.c.obj</name>
      </input_file>
      <input_file id="fl-d7">
         <path>C:\ti\ccs1270\ccs\tools\compiler\ti-cgt-arm_20.2.7.LTS\lib\</path>
         <kind>archive</kind>
         <file>rtsv7M4_T_le_v4SPD16_eabi.lib</file>
         <name>exit.c.obj</name>
      </input_file>
      <input_file id="fl-d8">
         <path>C:\ti\ccs1270\ccs\tools\compiler\ti-cgt-arm_20.2.7.LTS\lib\</path>
         <kind>archive</kind>
         <file>rtsv7M4_T_le_v4SPD16_eabi.lib</file>
         <name>_lock.c.obj</name>
      </input_file>
      <input_file id="fl-d9">
         <path>C:\ti\ccs1270\ccs\tools\compiler\ti-cgt-arm_20.2.7.LTS\lib\</path>
         <kind>archive</kind>
         <file>rtsv7M4_T_le_v4SPD16_eabi.lib</file>
         <name>_ltoa.c.obj</name>
      </input_file>
      <input_file id="fl-da">
         <path>C:\ti\ccs1270\ccs\tools\compiler\ti-cgt-arm_20.2.7.LTS\lib\</path>
         <kind>archive</kind>
         <file>rtsv7M4_T_le_v4SPD16_eabi.lib</file>
         <name>atoi.c.obj</name>
      </input_file>
      <input_file id="fl-db">
         <path>C:\ti\ccs1270\ccs\tools\compiler\ti-cgt-arm_20.2.7.LTS\lib\</path>
         <kind>archive</kind>
         <file>rtsv7M4_T_le_v4SPD16_eabi.lib</file>
         <name>ctype.c.obj</name>
      </input_file>
      <input_file id="fl-dc">
         <path>C:\ti\ccs1270\ccs\tools\compiler\ti-cgt-arm_20.2.7.LTS\lib\</path>
         <kind>archive</kind>
         <file>rtsv7M4_T_le_v4SPD16_eabi.lib</file>
         <name>defs.c.obj</name>
      </input_file>
      <input_file id="fl-dd">
         <path>C:\ti\ccs1270\ccs\tools\compiler\ti-cgt-arm_20.2.7.LTS\lib\</path>
         <kind>archive</kind>
         <file>rtsv7M4_T_le_v4SPD16_eabi.lib</file>
         <name>memccpy.c.obj</name>
      </input_file>
      <input_file id="fl-de">
         <path>C:\ti\ccs1270\ccs\tools\compiler\ti-cgt-arm_20.2.7.LTS\lib\</path>
         <kind>archive</kind>
         <file>rtsv7M4_T_le_v4SPD16_eabi.lib</file>
         <name>memchr.c.obj</name>
      </input_file>
      <input_file id="fl-df">
         <path>C:\ti\ccs1270\ccs\tools\compiler\ti-cgt-arm_20.2.7.LTS\lib\</path>
         <kind>archive</kind>
         <file>rtsv7M4_T_le_v4SPD16_eabi.lib</file>
         <name>memory.c.obj</name>
      </input_file>
      <input_file id="fl-e0">
         <path>C:\ti\ccs1270\ccs\tools\compiler\ti-cgt-arm_20.2.7.LTS\lib\</path>
         <kind>archive</kind>
         <file>rtsv7M4_T_le_v4SPD16_eabi.lib</file>
         <name>strchr.c.obj</name>
      </input_file>
      <input_file id="fl-e1">
         <path>C:\ti\ccs1270\ccs\tools\compiler\ti-cgt-arm_20.2.7.LTS\lib\</path>
         <kind>archive</kind>
         <file>rtsv7M4_T_le_v4SPD16_eabi.lib</file>
         <name>strlen.c.obj</name>
      </input_file>
      <input_file id="fl-e2">
         <path>C:\ti\ccs1270\ccs\tools\compiler\ti-cgt-arm_20.2.7.LTS\lib\</path>
         <kind>archive</kind>
         <file>rtsv7M4_T_le_v4SPD16_eabi.lib</file>
         <name>boot_cortex_m.c.obj</name>
      </input_file>
      <input_file id="fl-e3">
         <path>C:\ti\ccs1270\ccs\tools\compiler\ti-cgt-arm_20.2.7.LTS\lib\</path>
         <kind>archive</kind>
         <file>rtsv7M4_T_le_v4SPD16_eabi.lib</file>
         <name>write.c.obj</name>
      </input_file>
      <input_file id="fl-e4">
         <path>C:\ti\ccs1270\ccs\tools\compiler\ti-cgt-arm_20.2.7.LTS\lib\</path>
         <kind>archive</kind>
         <file>rtsv7M4_T_le_v4SPD16_eabi.lib</file>
         <name>host_device.c.obj</name>
      </input_file>
      <input_file id="fl-e5">
         <path>C:\ti\ccs1270\ccs\tools\compiler\ti-cgt-arm_20.2.7.LTS\lib\</path>
         <kind>archive</kind>
         <file>rtsv7M4_T_le_v4SPD16_eabi.lib</file>
         <name>errno.c.obj</name>
      </input_file>
      <input_file id="fl-e6">
         <path>C:\ti\ccs1270\ccs\tools\compiler\ti-cgt-arm_20.2.7.LTS\lib\</path>
         <kind>archive</kind>
         <file>rtsv7M4_T_le_v4SPD16_eabi.lib</file>
         <name>wcslen.c.obj</name>
      </input_file>
      <input_file id="fl-e7">
         <path>C:\ti\ccs1270\ccs\tools\compiler\ti-cgt-arm_20.2.7.LTS\lib\</path>
         <kind>archive</kind>
         <file>rtsv7M4_T_le_v4SPD16_eabi.lib</file>
         <name>s_frexp.c.obj</name>
      </input_file>
      <input_file id="fl-e8">
         <path>C:\ti\ccs1270\ccs\tools\compiler\ti-cgt-arm_20.2.7.LTS\lib\</path>
         <kind>archive</kind>
         <file>rtsv7M4_T_le_v4SPD16_eabi.lib</file>
         <name>s_scalbn.c.obj</name>
      </input_file>
      <input_file id="fl-e9">
         <path>C:\ti\ccs1270\ccs\tools\compiler\ti-cgt-arm_20.2.7.LTS\lib\</path>
         <kind>archive</kind>
         <file>rtsv7M4_T_le_v4SPD16_eabi.lib</file>
         <name>fflush.c.obj</name>
      </input_file>
      <input_file id="fl-ea">
         <path>C:\ti\ccs1270\ccs\tools\compiler\ti-cgt-arm_20.2.7.LTS\lib\</path>
         <kind>archive</kind>
         <file>rtsv7M4_T_le_v4SPD16_eabi.lib</file>
         <name>fopen.c.obj</name>
      </input_file>
      <input_file id="fl-eb">
         <path>C:\ti\ccs1270\ccs\tools\compiler\ti-cgt-arm_20.2.7.LTS\lib\</path>
         <kind>archive</kind>
         <file>rtsv7M4_T_le_v4SPD16_eabi.lib</file>
         <name>fseek.c.obj</name>
      </input_file>
      <input_file id="fl-ec">
         <path>C:\ti\ccs1270\ccs\tools\compiler\ti-cgt-arm_20.2.7.LTS\lib\</path>
         <kind>archive</kind>
         <file>rtsv7M4_T_le_v4SPD16_eabi.lib</file>
         <name>div0.asm.obj</name>
      </input_file>
      <input_file id="fl-ed">
         <path>C:\ti\ccs1270\ccs\tools\compiler\ti-cgt-arm_20.2.7.LTS\lib\</path>
         <kind>archive</kind>
         <file>rtsv7M4_T_le_v4SPD16_eabi.lib</file>
         <name>autoinit.c.obj</name>
      </input_file>
      <input_file id="fl-ee">
         <path>C:\ti\ccs1270\ccs\tools\compiler\ti-cgt-arm_20.2.7.LTS\lib\</path>
         <kind>archive</kind>
         <file>rtsv7M4_T_le_v4SPD16_eabi.lib</file>
         <name>pre_init.c.obj</name>
      </input_file>
      <input_file id="fl-ef">
         <path>C:\ti\ccs1270\ccs\tools\compiler\ti-cgt-arm_20.2.7.LTS\lib\</path>
         <kind>archive</kind>
         <file>rtsv7M4_T_le_v4SPD16_eabi.lib</file>
         <name>cpy_tbl.c.obj</name>
      </input_file>
      <input_file id="fl-f0">
         <path>C:\ti\ccs1270\ccs\tools\compiler\ti-cgt-arm_20.2.7.LTS\lib\</path>
         <kind>archive</kind>
         <file>rtsv7M4_T_le_v4SPD16_eabi.lib</file>
         <name>args_main.c.obj</name>
      </input_file>
      <input_file id="fl-f1">
         <path>C:\ti\ccs1270\ccs\tools\compiler\ti-cgt-arm_20.2.7.LTS\lib\</path>
         <kind>archive</kind>
         <file>rtsv7M4_T_le_v4SPD16_eabi.lib</file>
         <name>hostclose.c.obj</name>
      </input_file>
      <input_file id="fl-f2">
         <path>C:\ti\ccs1270\ccs\tools\compiler\ti-cgt-arm_20.2.7.LTS\lib\</path>
         <kind>archive</kind>
         <file>rtsv7M4_T_le_v4SPD16_eabi.lib</file>
         <name>hostlseek.c.obj</name>
      </input_file>
      <input_file id="fl-f3">
         <path>C:\ti\ccs1270\ccs\tools\compiler\ti-cgt-arm_20.2.7.LTS\lib\</path>
         <kind>archive</kind>
         <file>rtsv7M4_T_le_v4SPD16_eabi.lib</file>
         <name>hostopen.c.obj</name>
      </input_file>
      <input_file id="fl-f4">
         <path>C:\ti\ccs1270\ccs\tools\compiler\ti-cgt-arm_20.2.7.LTS\lib\</path>
         <kind>archive</kind>
         <file>rtsv7M4_T_le_v4SPD16_eabi.lib</file>
         <name>hostread.c.obj</name>
      </input_file>
      <input_file id="fl-f5">
         <path>C:\ti\ccs1270\ccs\tools\compiler\ti-cgt-arm_20.2.7.LTS\lib\</path>
         <kind>archive</kind>
         <file>rtsv7M4_T_le_v4SPD16_eabi.lib</file>
         <name>hostrename.c.obj</name>
      </input_file>
      <input_file id="fl-f6">
         <path>C:\ti\ccs1270\ccs\tools\compiler\ti-cgt-arm_20.2.7.LTS\lib\</path>
         <kind>archive</kind>
         <file>rtsv7M4_T_le_v4SPD16_eabi.lib</file>
         <name>hostunlink.c.obj</name>
      </input_file>
      <input_file id="fl-f7">
         <path>C:\ti\ccs1270\ccs\tools\compiler\ti-cgt-arm_20.2.7.LTS\lib\</path>
         <kind>archive</kind>
         <file>rtsv7M4_T_le_v4SPD16_eabi.lib</file>
         <name>hostwrite.c.obj</name>
      </input_file>
      <input_file id="fl-f8">
         <path>C:\ti\ccs1270\ccs\tools\compiler\ti-cgt-arm_20.2.7.LTS\lib\</path>
         <kind>archive</kind>
         <file>rtsv7M4_T_le_v4SPD16_eabi.lib</file>
         <name>trgmsg.c.obj</name>
      </input_file>
      <input_file id="fl-f9">
         <path>C:\ti\ccs1270\ccs\tools\compiler\ti-cgt-arm_20.2.7.LTS\lib\</path>
         <kind>archive</kind>
         <file>rtsv7M4_T_le_v4SPD16_eabi.lib</file>
         <name>open.c.obj</name>
      </input_file>
      <input_file id="fl-fa">
         <path>C:\ti\ccs1270\ccs\tools\compiler\ti-cgt-arm_20.2.7.LTS\lib\</path>
         <kind>archive</kind>
         <file>rtsv7M4_T_le_v4SPD16_eabi.lib</file>
         <name>lseek.c.obj</name>
      </input_file>
      <input_file id="fl-fb">
         <path>C:\ti\ccs1270\ccs\tools\compiler\ti-cgt-arm_20.2.7.LTS\lib\</path>
         <kind>archive</kind>
         <file>rtsv7M4_T_le_v4SPD16_eabi.lib</file>
         <name>s_copysign.c.obj</name>
      </input_file>
      <input_file id="fl-fc">
         <path>C:\ti\ccs1270\ccs\tools\compiler\ti-cgt-arm_20.2.7.LTS\lib\</path>
         <kind>archive</kind>
         <file>rtsv7M4_T_le_v4SPD16_eabi.lib</file>
         <name>fclose.c.obj</name>
      </input_file>
      <input_file id="fl-fd">
         <path>C:\ti\ccs1270\ccs\tools\compiler\ti-cgt-arm_20.2.7.LTS\lib\</path>
         <kind>archive</kind>
         <file>rtsv7M4_T_le_v4SPD16_eabi.lib</file>
         <name>getdevice.c.obj</name>
      </input_file>
      <input_file id="fl-fe">
         <path>C:\ti\ccs1270\ccs\tools\compiler\ti-cgt-arm_20.2.7.LTS\lib\</path>
         <kind>archive</kind>
         <file>rtsv7M4_T_le_v4SPD16_eabi.lib</file>
         <name>strcmp.c.obj</name>
      </input_file>
      <input_file id="fl-ff">
         <path>C:\ti\ccs1270\ccs\tools\compiler\ti-cgt-arm_20.2.7.LTS\lib\</path>
         <kind>archive</kind>
         <file>rtsv7M4_T_le_v4SPD16_eabi.lib</file>
         <name>strcpy.c.obj</name>
      </input_file>
      <input_file id="fl-100">
         <path>C:\ti\ccs1270\ccs\tools\compiler\ti-cgt-arm_20.2.7.LTS\lib\</path>
         <kind>archive</kind>
         <file>rtsv7M4_T_le_v4SPD16_eabi.lib</file>
         <name>strncpy.c.obj</name>
      </input_file>
      <input_file id="fl-101">
         <path>C:\ti\ccs1270\ccs\tools\compiler\ti-cgt-arm_20.2.7.LTS\lib\</path>
         <kind>archive</kind>
         <file>rtsv7M4_T_le_v4SPD16_eabi.lib</file>
         <name>remove.c.obj</name>
      </input_file>
      <input_file id="fl-102">
         <path>C:\ti\ccs1270\ccs\tools\compiler\ti-cgt-arm_20.2.7.LTS\lib\</path>
         <kind>archive</kind>
         <file>rtsv7M4_T_le_v4SPD16_eabi.lib</file>
         <name>close.c.obj</name>
      </input_file>
      <input_file id="fl-103">
         <path>C:\ti\ccs1270\ccs\tools\compiler\ti-cgt-arm_20.2.7.LTS\lib\</path>
         <kind>archive</kind>
         <file>rtsv7M4_T_le_v4SPD16_eabi.lib</file>
         <name>unlink.c.obj</name>
      </input_file>
   </input_file_list>
   <object_component_list>
      <object_component id="oc-26">
         <name>.intvecs:retain</name>
         <load_address>0x0</load_address>
         <run_address>0x0</run_address>
         <size>0xe4</size>
         <input_file_ref idref="fl-3"/>
      </object_component>
      <object_component id="oc-1a9">
         <name>.text:__TI_printfi</name>
         <load_address>0xe4</load_address>
         <run_address>0xe4</run_address>
         <size>0xa4e</size>
         <input_file_ref idref="fl-c6"/>
      </object_component>
      <object_component id="oc-1d6">
         <name>.text:_nop</name>
         <load_address>0xb32</load_address>
         <run_address>0xb32</run_address>
         <size>0x2</size>
         <input_file_ref idref="fl-d8"/>
      </object_component>
      <object_component id="oc-a0">
         <name>.text</name>
         <load_address>0xb34</load_address>
         <run_address>0xb34</run_address>
         <size>0xa24</size>
         <input_file_ref idref="fl-2"/>
      </object_component>
      <object_component id="oc-f8">
         <name>.text</name>
         <load_address>0x1558</load_address>
         <run_address>0x1558</run_address>
         <size>0x45c</size>
         <input_file_ref idref="fl-8"/>
      </object_component>
      <object_component id="oc-b2">
         <name>.text</name>
         <load_address>0x19b4</load_address>
         <run_address>0x19b4</run_address>
         <size>0x334</size>
         <input_file_ref idref="fl-4"/>
      </object_component>
      <object_component id="oc-21e">
         <name>.text:_pconv_a</name>
         <load_address>0x1ce8</load_address>
         <run_address>0x1ce8</run_address>
         <size>0x270</size>
         <input_file_ref idref="fl-c6"/>
      </object_component>
      <object_component id="oc-e6">
         <name>.text</name>
         <load_address>0x1f58</load_address>
         <run_address>0x1f58</run_address>
         <size>0x1ec</size>
         <input_file_ref idref="fl-6"/>
      </object_component>
      <object_component id="oc-f2">
         <name>.text</name>
         <load_address>0x2144</load_address>
         <run_address>0x2144</run_address>
         <size>0x1e0</size>
         <input_file_ref idref="fl-5"/>
      </object_component>
      <object_component id="oc-20c">
         <name>.text:_pconv_g</name>
         <load_address>0x2324</load_address>
         <run_address>0x2324</run_address>
         <size>0x1d0</size>
         <input_file_ref idref="fl-c6"/>
      </object_component>
      <object_component id="oc-297">
         <name>.text</name>
         <load_address>0x24f4</load_address>
         <run_address>0x24f4</run_address>
         <size>0x1b6</size>
         <input_file_ref idref="fl-cb"/>
      </object_component>
      <object_component id="oc-30e">
         <name>.text</name>
         <load_address>0x26aa</load_address>
         <run_address>0x26aa</run_address>
         <size>0x2</size>
         <input_file_ref idref="fl-ec"/>
      </object_component>
      <object_component id="oc-70">
         <name>.text</name>
         <load_address>0x26ac</load_address>
         <run_address>0x26ac</run_address>
         <size>0x140</size>
         <input_file_ref idref="fl-b"/>
      </object_component>
      <object_component id="oc-218">
         <name>.text:_pconv_e</name>
         <load_address>0x27ec</load_address>
         <run_address>0x27ec</run_address>
         <size>0x13c</size>
         <input_file_ref idref="fl-c6"/>
      </object_component>
      <object_component id="oc-27d">
         <name>.text</name>
         <load_address>0x2928</load_address>
         <run_address>0x2928</run_address>
         <size>0x136</size>
         <input_file_ref idref="fl-cd"/>
      </object_component>
      <object_component id="oc-2a9">
         <name>.text:fcvt</name>
         <load_address>0x2a60</load_address>
         <run_address>0x2a60</run_address>
         <size>0x124</size>
         <input_file_ref idref="fl-c6"/>
      </object_component>
      <object_component id="oc-246">
         <name>.text:fputs</name>
         <load_address>0x2b84</load_address>
         <run_address>0x2b84</run_address>
         <size>0x114</size>
         <input_file_ref idref="fl-c8"/>
      </object_component>
      <object_component id="oc-2bd">
         <name>.text:scalbn</name>
         <load_address>0x2c98</load_address>
         <run_address>0x2c98</run_address>
         <size>0x110</size>
         <input_file_ref idref="fl-e8"/>
      </object_component>
      <object_component id="oc-3b9">
         <name>.text:aligned_alloc</name>
         <load_address>0x2da8</load_address>
         <run_address>0x2da8</run_address>
         <size>0x100</size>
         <input_file_ref idref="fl-df"/>
      </object_component>
      <object_component id="oc-278">
         <name>.text</name>
         <load_address>0x2ea8</load_address>
         <run_address>0x2ea8</run_address>
         <size>0xfc</size>
         <input_file_ref idref="fl-ce"/>
      </object_component>
      <object_component id="oc-377">
         <name>.text:free</name>
         <load_address>0x2fa4</load_address>
         <run_address>0x2fa4</run_address>
         <size>0xe4</size>
         <input_file_ref idref="fl-df"/>
      </object_component>
      <object_component id="oc-349">
         <name>.text:setvbuf</name>
         <load_address>0x3088</load_address>
         <run_address>0x3088</run_address>
         <size>0xdc</size>
         <input_file_ref idref="fl-ca"/>
      </object_component>
      <object_component id="oc-201">
         <name>.text:_ltostr</name>
         <load_address>0x3164</load_address>
         <run_address>0x3164</run_address>
         <size>0xb1</size>
         <input_file_ref idref="fl-c6"/>
      </object_component>
      <object_component id="oc-ec">
         <name>.text</name>
         <load_address>0x3218</load_address>
         <run_address>0x3218</run_address>
         <size>0xa0</size>
         <input_file_ref idref="fl-7"/>
      </object_component>
      <object_component id="oc-3a">
         <name>.text</name>
         <load_address>0x32b8</load_address>
         <run_address>0x32b8</run_address>
         <size>0x9c</size>
         <input_file_ref idref="fl-d1"/>
      </object_component>
      <object_component id="oc-271">
         <name>.text</name>
         <load_address>0x3354</load_address>
         <run_address>0x3354</run_address>
         <size>0x96</size>
         <input_file_ref idref="fl-d3"/>
      </object_component>
      <object_component id="oc-24d">
         <name>.text:fputc</name>
         <load_address>0x33ec</load_address>
         <run_address>0x33ec</run_address>
         <size>0x8c</size>
         <input_file_ref idref="fl-c7"/>
      </object_component>
      <object_component id="oc-207">
         <name>.text:__aeabi_cdcmple</name>
         <load_address>0x3478</load_address>
         <run_address>0x3478</run_address>
         <size>0x86</size>
         <input_file_ref idref="fl-cc"/>
      </object_component>
      <object_component id="oc-282">
         <name>.text:__aeabi_cdrcmple</name>
         <load_address>0x34fe</load_address>
         <run_address>0x34fe</run_address>
         <size>0x86</size>
         <input_file_ref idref="fl-cc"/>
      </object_component>
      <object_component id="oc-94">
         <name>.text</name>
         <load_address>0x3584</load_address>
         <run_address>0x3584</run_address>
         <size>0x7a</size>
         <input_file_ref idref="fl-d2"/>
      </object_component>
      <object_component id="oc-3c0">
         <name>.text:__TI_closefile</name>
         <load_address>0x3600</load_address>
         <run_address>0x3600</run_address>
         <size>0x74</size>
         <input_file_ref idref="fl-fc"/>
      </object_component>
      <object_component id="oc-401">
         <name>.text:split</name>
         <load_address>0x3674</load_address>
         <run_address>0x3674</run_address>
         <size>0x70</size>
         <input_file_ref idref="fl-df"/>
      </object_component>
      <object_component id="oc-2a2">
         <name>.text:_mcpy</name>
         <load_address>0x36e4</load_address>
         <run_address>0x36e4</run_address>
         <size>0x6e</size>
         <input_file_ref idref="fl-c6"/>
      </object_component>
      <object_component id="oc-3f0">
         <name>.text:HOSTrename</name>
         <load_address>0x3754</load_address>
         <run_address>0x3754</run_address>
         <size>0x6c</size>
         <input_file_ref idref="fl-f5"/>
      </object_component>
      <object_component id="oc-3e4">
         <name>.text:HOSTlseek</name>
         <load_address>0x37c0</load_address>
         <run_address>0x37c0</run_address>
         <size>0x68</size>
         <input_file_ref idref="fl-f2"/>
      </object_component>
      <object_component id="oc-17">
         <name>.text:decompress:lzss:__TI_decompress_lzss</name>
         <load_address>0x3828</load_address>
         <run_address>0x3828</run_address>
         <size>0x68</size>
         <input_file_ref idref="fl-d6"/>
      </object_component>
      <object_component id="oc-16b">
         <name>.text:printf</name>
         <load_address>0x3890</load_address>
         <run_address>0x3890</run_address>
         <size>0x68</size>
         <input_file_ref idref="fl-c5"/>
      </object_component>
      <object_component id="oc-2b7">
         <name>.text:frexp</name>
         <load_address>0x38f8</load_address>
         <run_address>0x38f8</run_address>
         <size>0x64</size>
         <input_file_ref idref="fl-e7"/>
      </object_component>
      <object_component id="oc-343">
         <name>.text:fseek</name>
         <load_address>0x395c</load_address>
         <run_address>0x395c</run_address>
         <size>0x64</size>
         <input_file_ref idref="fl-eb"/>
      </object_component>
      <object_component id="oc-2eb">
         <name>.text:__TI_wrt_ok</name>
         <load_address>0x39c0</load_address>
         <run_address>0x39c0</run_address>
         <size>0x62</size>
         <input_file_ref idref="fl-c9"/>
      </object_component>
      <object_component id="oc-3cc">
         <name>.text:HOSTopen</name>
         <load_address>0x3a24</load_address>
         <run_address>0x3a24</run_address>
         <size>0x60</size>
         <input_file_ref idref="fl-f3"/>
      </object_component>
      <object_component id="oc-10a">
         <name>.text</name>
         <load_address>0x3a84</load_address>
         <run_address>0x3a84</run_address>
         <size>0x60</size>
         <input_file_ref idref="fl-9"/>
      </object_component>
      <object_component id="oc-408">
         <name>.text:close</name>
         <load_address>0x3ae4</load_address>
         <run_address>0x3ae4</run_address>
         <size>0x5c</size>
         <input_file_ref idref="fl-102"/>
      </object_component>
      <object_component id="oc-3d8">
         <name>.text:HOSTread</name>
         <load_address>0x3b40</load_address>
         <run_address>0x3b40</run_address>
         <size>0x58</size>
         <input_file_ref idref="fl-f4"/>
      </object_component>
      <object_component id="oc-3de">
         <name>.text:HOSTwrite</name>
         <load_address>0x3b98</load_address>
         <run_address>0x3b98</run_address>
         <size>0x58</size>
         <input_file_ref idref="fl-f7"/>
      </object_component>
      <object_component id="oc-212">
         <name>.text:_pconv_f</name>
         <load_address>0x3bf0</load_address>
         <run_address>0x3bf0</run_address>
         <size>0x56</size>
         <input_file_ref idref="fl-c6"/>
      </object_component>
      <object_component id="oc-28c">
         <name>.text:__TI_ltoa</name>
         <load_address>0x3c46</load_address>
         <run_address>0x3c46</run_address>
         <size>0x54</size>
         <input_file_ref idref="fl-d9"/>
      </object_component>
      <object_component id="oc-29c">
         <name>.text:_ecpy</name>
         <load_address>0x3c9a</load_address>
         <run_address>0x3c9a</run_address>
         <size>0x52</size>
         <input_file_ref idref="fl-c6"/>
      </object_component>
      <object_component id="oc-2f7">
         <name>.text:__TI_doflush</name>
         <load_address>0x3cec</load_address>
         <run_address>0x3cec</run_address>
         <size>0x4c</size>
         <input_file_ref idref="fl-e9"/>
      </object_component>
      <object_component id="oc-1fb">
         <name>.text:atoi</name>
         <load_address>0x3d38</load_address>
         <run_address>0x3d38</run_address>
         <size>0x4c</size>
         <input_file_ref idref="fl-da"/>
      </object_component>
      <object_component id="oc-11c">
         <name>.text:exit</name>
         <load_address>0x3d84</load_address>
         <run_address>0x3d84</run_address>
         <size>0x48</size>
         <input_file_ref idref="fl-d7"/>
      </object_component>
      <object_component id="oc-287">
         <name>.text</name>
         <load_address>0x3dcc</load_address>
         <run_address>0x3dcc</run_address>
         <size>0x48</size>
         <input_file_ref idref="fl-cf"/>
      </object_component>
      <object_component id="oc-3d2">
         <name>.text:HOSTclose</name>
         <load_address>0x3e14</load_address>
         <run_address>0x3e14</run_address>
         <size>0x44</size>
         <input_file_ref idref="fl-f1"/>
      </object_component>
      <object_component id="oc-3ea">
         <name>.text:HOSTunlink</name>
         <load_address>0x3e58</load_address>
         <run_address>0x3e58</run_address>
         <size>0x44</size>
         <input_file_ref idref="fl-f6"/>
      </object_component>
      <object_component id="oc-122">
         <name>.text:__TI_auto_init_nobinit_nopinit:__TI_auto_init_nobinit_nopinit</name>
         <load_address>0x3e9c</load_address>
         <run_address>0x3e9c</run_address>
         <size>0x44</size>
         <input_file_ref idref="fl-ed"/>
      </object_component>
      <object_component id="oc-440">
         <name>.text:getdevice</name>
         <load_address>0x3ee0</load_address>
         <run_address>0x3ee0</run_address>
         <size>0x44</size>
         <input_file_ref idref="fl-fd"/>
      </object_component>
      <object_component id="oc-2af">
         <name>.text:_fcpy</name>
         <load_address>0x3f24</load_address>
         <run_address>0x3f24</run_address>
         <size>0x3e</size>
         <input_file_ref idref="fl-c6"/>
      </object_component>
      <object_component id="oc-419">
         <name>.text:__TI_writemsg</name>
         <load_address>0x3f64</load_address>
         <run_address>0x3f64</run_address>
         <size>0x38</size>
         <input_file_ref idref="fl-f8"/>
      </object_component>
      <object_component id="oc-462">
         <name>.text:strncpy</name>
         <load_address>0x3f9c</load_address>
         <run_address>0x3f9c</run_address>
         <size>0x36</size>
         <input_file_ref idref="fl-100"/>
      </object_component>
      <object_component id="oc-383">
         <name>.text:__TI_cleanup</name>
         <load_address>0x3fd4</load_address>
         <run_address>0x3fd4</run_address>
         <size>0x34</size>
         <input_file_ref idref="fl-ea"/>
      </object_component>
      <object_component id="oc-41f">
         <name>.text:__TI_readmsg</name>
         <load_address>0x4008</load_address>
         <run_address>0x4008</run_address>
         <size>0x34</size>
         <input_file_ref idref="fl-f8"/>
      </object_component>
      <object_component id="oc-58">
         <name>.text:_c_int00_noargs:_c_int00_noargs</name>
         <load_address>0x403c</load_address>
         <run_address>0x403c</run_address>
         <size>0x34</size>
         <input_file_ref idref="fl-e2"/>
      </object_component>
      <object_component id="oc-468">
         <name>.text:finddevice</name>
         <load_address>0x4070</load_address>
         <run_address>0x4070</run_address>
         <size>0x30</size>
         <input_file_ref idref="fl-fd"/>
      </object_component>
      <object_component id="oc-292">
         <name>.text</name>
         <load_address>0x40a0</load_address>
         <run_address>0x40a0</run_address>
         <size>0x2e</size>
         <input_file_ref idref="fl-d0"/>
      </object_component>
      <object_component id="oc-40e">
         <name>.text:unlink</name>
         <load_address>0x40d0</load_address>
         <run_address>0x40d0</run_address>
         <size>0x2c</size>
         <input_file_ref idref="fl-103"/>
      </object_component>
      <object_component id="oc-3b2">
         <name>.text:free_list_insert</name>
         <load_address>0x40fc</load_address>
         <run_address>0x40fc</run_address>
         <size>0x28</size>
         <input_file_ref idref="fl-df"/>
      </object_component>
      <object_component id="oc-36f">
         <name>.text:lseek</name>
         <load_address>0x4124</load_address>
         <run_address>0x4124</run_address>
         <size>0x28</size>
         <input_file_ref idref="fl-fa"/>
      </object_component>
      <object_component id="oc-2fd">
         <name>.text:write</name>
         <load_address>0x414c</load_address>
         <run_address>0x414c</run_address>
         <size>0x28</size>
         <input_file_ref idref="fl-e3"/>
      </object_component>
      <object_component id="oc-2f1">
         <name>.text:memchr</name>
         <load_address>0x4174</load_address>
         <run_address>0x4174</run_address>
         <size>0x20</size>
         <input_file_ref idref="fl-de"/>
      </object_component>
      <object_component id="oc-46">
         <name>.text:decompress:ZI:__TI_zero_init_nomemset:__TI_zero_init_nomemset</name>
         <load_address>0x4194</load_address>
         <run_address>0x4194</run_address>
         <size>0x1c</size>
         <input_file_ref idref="fl-d4"/>
      </object_component>
      <object_component id="oc-3ac">
         <name>.text:free_list_remove</name>
         <load_address>0x41b0</load_address>
         <run_address>0x41b0</run_address>
         <size>0x1c</size>
         <input_file_ref idref="fl-df"/>
      </object_component>
      <object_component id="oc-224">
         <name>.text:memccpy</name>
         <load_address>0x41cc</load_address>
         <run_address>0x41cc</run_address>
         <size>0x1c</size>
         <input_file_ref idref="fl-dd"/>
      </object_component>
      <object_component id="oc-327">
         <name>.text:copysign</name>
         <load_address>0x41e8</load_address>
         <run_address>0x41e8</run_address>
         <size>0x1a</size>
         <input_file_ref idref="fl-fb"/>
      </object_component>
      <object_component id="oc-47f">
         <name>.text:strcmp</name>
         <load_address>0x4202</load_address>
         <run_address>0x4202</run_address>
         <size>0x18</size>
         <input_file_ref idref="fl-fe"/>
      </object_component>
      <object_component id="oc-2c3">
         <name>.text:strchr</name>
         <load_address>0x421a</load_address>
         <run_address>0x421a</run_address>
         <size>0x16</size>
         <input_file_ref idref="fl-e0"/>
      </object_component>
      <object_component id="oc-433">
         <name>.text:strcpy</name>
         <load_address>0x4230</load_address>
         <run_address>0x4230</run_address>
         <size>0x14</size>
         <input_file_ref idref="fl-ff"/>
      </object_component>
      <object_component id="oc-1f5">
         <name>.text:strlen</name>
         <load_address>0x4244</load_address>
         <run_address>0x4244</run_address>
         <size>0x14</size>
         <input_file_ref idref="fl-e1"/>
      </object_component>
      <object_component id="oc-22a">
         <name>.text:wcslen</name>
         <load_address>0x4258</load_address>
         <run_address>0x4258</run_address>
         <size>0x12</size>
         <input_file_ref idref="fl-e6"/>
      </object_component>
      <object_component id="oc-1d">
         <name>.text:decompress:none:__TI_decompress_none</name>
         <load_address>0x426a</load_address>
         <run_address>0x426a</run_address>
         <size>0xe</size>
         <input_file_ref idref="fl-d5"/>
      </object_component>
      <object_component id="oc-6a">
         <name>.text</name>
         <load_address>0x4278</load_address>
         <run_address>0x4278</run_address>
         <size>0xe</size>
         <input_file_ref idref="fl-3"/>
      </object_component>
      <object_component id="oc-230">
         <name>.text:__aeabi_errno_addr</name>
         <load_address>0x4288</load_address>
         <run_address>0x4288</run_address>
         <size>0x8</size>
         <input_file_ref idref="fl-e5"/>
      </object_component>
      <object_component id="oc-37d">
         <name>.text:malloc</name>
         <load_address>0x4290</load_address>
         <run_address>0x4290</run_address>
         <size>0x8</size>
         <input_file_ref idref="fl-df"/>
      </object_component>
      <object_component id="oc-1b8">
         <name>.text:_outc</name>
         <load_address>0x4298</load_address>
         <run_address>0x4298</run_address>
         <size>0x4</size>
         <input_file_ref idref="fl-c5"/>
      </object_component>
      <object_component id="oc-1b2">
         <name>.text:_outs</name>
         <load_address>0x429c</load_address>
         <run_address>0x429c</run_address>
         <size>0x4</size>
         <input_file_ref idref="fl-c5"/>
      </object_component>
      <object_component id="oc-9a">
         <name>.text:_system_pre_init</name>
         <load_address>0x42a0</load_address>
         <run_address>0x42a0</run_address>
         <size>0x4</size>
         <input_file_ref idref="fl-ee"/>
      </object_component>
      <object_component id="oc-116">
         <name>.text:abort:abort</name>
         <load_address>0x42a4</load_address>
         <run_address>0x42a4</run_address>
         <size>0x4</size>
         <input_file_ref idref="fl-d7"/>
      </object_component>
      <object_component id="oc-26c">
         <name>.const:.string:_ctypes_</name>
         <load_address>0x42a8</load_address>
         <run_address>0x42a8</run_address>
         <size>0x101</size>
         <input_file_ref idref="fl-db"/>
      </object_component>
      <object_component id="oc-178">
         <name>.const:$P$T0$1</name>
         <load_address>0x43ac</load_address>
         <run_address>0x43ac</run_address>
         <size>0x20</size>
         <input_file_ref idref="fl-8"/>
      </object_component>
      <object_component id="oc-17b">
         <name>.const:$P$T1$2</name>
         <load_address>0x43cc</load_address>
         <run_address>0x43cc</run_address>
         <size>0x20</size>
         <input_file_ref idref="fl-8"/>
      </object_component>
      <object_component id="oc-4bf">
         <name>.cinit..data.load</name>
         <load_address>0x43f0</load_address>
         <run_address>0x43f0</run_address>
         <size>0xb0</size>
      </object_component>
      <object_component id="oc-4bd">
         <name>__TI_handler_table</name>
         <load_address>0x44a0</load_address>
         <run_address>0x44a0</run_address>
         <size>0xc</size>
      </object_component>
      <object_component id="oc-4c0">
         <name>.cinit..bss.load</name>
         <load_address>0x44b0</load_address>
         <run_address>0x44b0</run_address>
         <size>0x8</size>
      </object_component>
      <object_component id="oc-4be">
         <name>__TI_cinit_table</name>
         <load_address>0x44b8</load_address>
         <run_address>0x44b8</run_address>
         <size>0x10</size>
      </object_component>
      <object_component id="oc-491">
         <name>.binit</name>
         <load_address>0x0</load_address>
         <run_address>0x0</run_address>
         <size>0x0</size>
      </object_component>
      <object_component id="oc-fe">
         <name>.data:node_map</name>
         <load_address>0x20000400</load_address>
         <run_address>0x20000400</run_address>
         <size>0x100</size>
         <input_file_ref idref="fl-2"/>
      </object_component>
      <object_component id="oc-106">
         <name>.data</name>
         <load_address>0x200006fc</load_address>
         <run_address>0x200006fc</run_address>
         <size>0x5</size>
         <input_file_ref idref="fl-2"/>
      </object_component>
      <object_component id="oc-154">
         <name>.data</name>
         <load_address>0x2000070c</load_address>
         <run_address>0x2000070c</run_address>
         <size>0x4</size>
         <input_file_ref idref="fl-4"/>
      </object_component>
      <object_component id="oc-174">
         <name>.data</name>
         <load_address>0x200006b8</load_address>
         <run_address>0x200006b8</run_address>
         <size>0x18</size>
         <input_file_ref idref="fl-5"/>
      </object_component>
      <object_component id="oc-b9">
         <name>.data</name>
         <load_address>0x20000704</load_address>
         <run_address>0x20000704</run_address>
         <size>0x4</size>
         <input_file_ref idref="fl-b"/>
      </object_component>
      <object_component id="oc-188">
         <name>.data:$O1$$</name>
         <load_address>0x200006e0</load_address>
         <run_address>0x200006e0</run_address>
         <size>0xc</size>
         <input_file_ref idref="fl-d7"/>
      </object_component>
      <object_component id="oc-18b">
         <name>.data:$O1$$</name>
         <load_address>0x200006ec</load_address>
         <run_address>0x200006ec</run_address>
         <size>0x8</size>
         <input_file_ref idref="fl-d8"/>
      </object_component>
      <object_component id="oc-1af">
         <name>.data:_ftable</name>
         <load_address>0x20000500</load_address>
         <run_address>0x20000500</run_address>
         <size>0xf0</size>
         <input_file_ref idref="fl-dc"/>
      </object_component>
      <object_component id="oc-3c6">
         <name>.data</name>
         <load_address>0x200006d0</load_address>
         <run_address>0x200006d0</run_address>
         <size>0x10</size>
         <input_file_ref idref="fl-dc"/>
      </object_component>
      <object_component id="oc-3fc">
         <name>.data:$O1$$</name>
         <load_address>0x200006f4</load_address>
         <run_address>0x200006f4</run_address>
         <size>0x8</size>
         <input_file_ref idref="fl-df"/>
      </object_component>
      <object_component id="oc-396">
         <name>.data:_device</name>
         <load_address>0x200005f0</load_address>
         <run_address>0x200005f0</run_address>
         <size>0x78</size>
         <input_file_ref idref="fl-e4"/>
      </object_component>
      <object_component id="oc-355">
         <name>.data:_stream</name>
         <load_address>0x20000668</load_address>
         <run_address>0x20000668</run_address>
         <size>0x50</size>
         <input_file_ref idref="fl-e4"/>
      </object_component>
      <object_component id="oc-2d3">
         <name>.data</name>
         <load_address>0x20000708</load_address>
         <run_address>0x20000708</run_address>
         <size>0x4</size>
         <input_file_ref idref="fl-e5"/>
      </object_component>
      <object_component id="oc-44a">
         <name>.bss:_CIOBUF_</name>
         <uninitialized>true</uninitialized>
         <run_address>0x20000710</run_address>
         <size>0x120</size>
         <input_file_ref idref="fl-f8"/>
      </object_component>
      <object_component id="oc-104">
         <name>.common:sensors</name>
         <uninitialized>true</uninitialized>
         <run_address>0x200009d8</run_address>
         <size>0x8</size>
      </object_component>
      <object_component id="oc-101">
         <name>.common:type</name>
         <uninitialized>true</uninitialized>
         <run_address>0x200009e0</run_address>
         <size>0x1</size>
      </object_component>
      <object_component id="oc-105">
         <name>.common:dir_stack</name>
         <uninitialized>true</uninitialized>
         <run_address>0x200008d0</run_address>
         <size>0x80</size>
      </object_component>
      <object_component id="oc-109">
         <name>.common:node_stack</name>
         <uninitialized>true</uninitialized>
         <run_address>0x20000950</run_address>
         <size>0x80</size>
      </object_component>
      <object_component id="oc-414">
         <name>.common:__TI_tmpnams</name>
         <uninitialized>true</uninitialized>
         <run_address>0x20000830</run_address>
         <size>0xa0</size>
      </object_component>
      <object_component id="oc-425">
         <name>.common:parmbuf</name>
         <uninitialized>true</uninitialized>
         <run_address>0x200009d0</run_address>
         <size>0x8</size>
      </object_component>
      <object_component id="oc-29">
         <name>.sysmem</name>
         <uninitialized>true</uninitialized>
         <run_address>0x20000000</run_address>
         <size>0x10</size>
         <input_file_ref idref="fl-df"/>
      </object_component>
      <object_component id="oc-4c3">
         <name>.sysmem</name>
         <uninitialized>true</uninitialized>
         <run_address>0x20000000</run_address>
         <size>0x0</size>
      </object_component>
      <object_component id="oc-2c">
         <name>.stack</name>
         <uninitialized>true</uninitialized>
         <run_address>0x2000fe00</run_address>
         <size>0x4</size>
         <input_file_ref idref="fl-e2"/>
      </object_component>
      <object_component id="oc-4c2">
         <name>.stack</name>
         <uninitialized>true</uninitialized>
         <run_address>0x2000fe00</run_address>
         <size>0x0</size>
      </object_component>
      <object_component id="oc-102">
         <name>.debug_info</name>
         <load_address>0x0</load_address>
         <run_address>0x0</run_address>
         <size>0x931</size>
         <input_file_ref idref="fl-2"/>
      </object_component>
      <object_component id="oc-ff">
         <name>.debug_info</name>
         <load_address>0x931</load_address>
         <run_address>0x931</run_address>
         <size>0xc8</size>
         <input_file_ref idref="fl-2"/>
      </object_component>
      <object_component id="oc-107">
         <name>.debug_info</name>
         <load_address>0x9f9</load_address>
         <run_address>0x9f9</run_address>
         <size>0xed</size>
         <input_file_ref idref="fl-2"/>
      </object_component>
      <object_component id="oc-a1">
         <name>.debug_info</name>
         <load_address>0xae6</load_address>
         <run_address>0xae6</run_address>
         <size>0x12ec</size>
         <input_file_ref idref="fl-2"/>
      </object_component>
      <object_component id="oc-111">
         <name>.debug_info</name>
         <load_address>0x1dd2</load_address>
         <run_address>0x1dd2</run_address>
         <size>0x9e</size>
         <input_file_ref idref="fl-2"/>
      </object_component>
      <object_component id="oc-c5">
         <name>.debug_info</name>
         <load_address>0x1e70</load_address>
         <run_address>0x1e70</run_address>
         <size>0x26b</size>
         <input_file_ref idref="fl-2"/>
      </object_component>
      <object_component id="oc-161">
         <name>.debug_info</name>
         <load_address>0x20db</load_address>
         <run_address>0x20db</run_address>
         <size>0x1055</size>
         <input_file_ref idref="fl-2"/>
      </object_component>
      <object_component id="oc-15c">
         <name>.debug_info</name>
         <load_address>0x3130</load_address>
         <run_address>0x3130</run_address>
         <size>0x37e2</size>
         <input_file_ref idref="fl-2"/>
      </object_component>
      <object_component id="oc-35">
         <name>.debug_info</name>
         <load_address>0x6912</load_address>
         <run_address>0x6912</run_address>
         <size>0x84</size>
         <input_file_ref idref="fl-2"/>
      </object_component>
      <object_component id="oc-166">
         <name>.debug_info</name>
         <load_address>0x6996</load_address>
         <run_address>0x6996</run_address>
         <size>0x2a4</size>
         <input_file_ref idref="fl-2"/>
      </object_component>
      <object_component id="oc-be">
         <name>.debug_info</name>
         <load_address>0x6c3a</load_address>
         <run_address>0x6c3a</run_address>
         <size>0xbb</size>
         <input_file_ref idref="fl-2"/>
      </object_component>
      <object_component id="oc-1c0">
         <name>.debug_info</name>
         <load_address>0x6cf5</load_address>
         <run_address>0x6cf5</run_address>
         <size>0x2c</size>
         <input_file_ref idref="fl-2"/>
      </object_component>
      <object_component id="oc-78">
         <name>.debug_info</name>
         <load_address>0x6d21</load_address>
         <run_address>0x6d21</run_address>
         <size>0x2bf</size>
         <input_file_ref idref="fl-3"/>
      </object_component>
      <object_component id="oc-27">
         <name>.debug_info</name>
         <load_address>0x6fe0</load_address>
         <run_address>0x6fe0</run_address>
         <size>0xeb</size>
         <input_file_ref idref="fl-3"/>
      </object_component>
      <object_component id="oc-6b">
         <name>.debug_info</name>
         <load_address>0x70cb</load_address>
         <run_address>0x70cb</run_address>
         <size>0x1b2</size>
         <input_file_ref idref="fl-3"/>
      </object_component>
      <object_component id="oc-155">
         <name>.debug_info</name>
         <load_address>0x727d</load_address>
         <run_address>0x727d</run_address>
         <size>0xe4</size>
         <input_file_ref idref="fl-4"/>
      </object_component>
      <object_component id="oc-b3">
         <name>.debug_info</name>
         <load_address>0x7361</load_address>
         <run_address>0x7361</run_address>
         <size>0x256</size>
         <input_file_ref idref="fl-4"/>
      </object_component>
      <object_component id="oc-175">
         <name>.debug_info</name>
         <load_address>0x75b7</load_address>
         <run_address>0x75b7</run_address>
         <size>0x184</size>
         <input_file_ref idref="fl-5"/>
      </object_component>
      <object_component id="oc-f3">
         <name>.debug_info</name>
         <load_address>0x773b</load_address>
         <run_address>0x773b</run_address>
         <size>0x2f8</size>
         <input_file_ref idref="fl-5"/>
      </object_component>
      <object_component id="oc-172">
         <name>.debug_info</name>
         <load_address>0x7a33</load_address>
         <run_address>0x7a33</run_address>
         <size>0x592</size>
         <input_file_ref idref="fl-6"/>
      </object_component>
      <object_component id="oc-e8">
         <name>.debug_info</name>
         <load_address>0x7fc5</load_address>
         <run_address>0x7fc5</run_address>
         <size>0x4d6</size>
         <input_file_ref idref="fl-6"/>
      </object_component>
      <object_component id="oc-f0">
         <name>.debug_info</name>
         <load_address>0x849b</load_address>
         <run_address>0x849b</run_address>
         <size>0x2d6</size>
         <input_file_ref idref="fl-7"/>
      </object_component>
      <object_component id="oc-17f">
         <name>.debug_info</name>
         <load_address>0x8771</load_address>
         <run_address>0x8771</run_address>
         <size>0x5fb</size>
         <input_file_ref idref="fl-8"/>
      </object_component>
      <object_component id="oc-179">
         <name>.debug_info</name>
         <load_address>0x8d6c</load_address>
         <run_address>0x8d6c</run_address>
         <size>0xce</size>
         <input_file_ref idref="fl-8"/>
      </object_component>
      <object_component id="oc-17c">
         <name>.debug_info</name>
         <load_address>0x8e3a</load_address>
         <run_address>0x8e3a</run_address>
         <size>0xce</size>
         <input_file_ref idref="fl-8"/>
      </object_component>
      <object_component id="oc-fa">
         <name>.debug_info</name>
         <load_address>0x8f08</load_address>
         <run_address>0x8f08</run_address>
         <size>0xfbe</size>
         <input_file_ref idref="fl-8"/>
      </object_component>
      <object_component id="oc-1cf">
         <name>.debug_info</name>
         <load_address>0x9ec6</load_address>
         <run_address>0x9ec6</run_address>
         <size>0x37e2</size>
         <input_file_ref idref="fl-8"/>
      </object_component>
      <object_component id="oc-10d">
         <name>.debug_info</name>
         <load_address>0xd6a8</load_address>
         <run_address>0xd6a8</run_address>
         <size>0x1ee</size>
         <input_file_ref idref="fl-9"/>
      </object_component>
      <object_component id="oc-bd">
         <name>.debug_info</name>
         <load_address>0xd896</load_address>
         <run_address>0xd896</run_address>
         <size>0x530</size>
         <input_file_ref idref="fl-b"/>
      </object_component>
      <object_component id="oc-ba">
         <name>.debug_info</name>
         <load_address>0xddc6</load_address>
         <run_address>0xddc6</run_address>
         <size>0xd7</size>
         <input_file_ref idref="fl-b"/>
      </object_component>
      <object_component id="oc-74">
         <name>.debug_info</name>
         <load_address>0xde9d</load_address>
         <run_address>0xde9d</run_address>
         <size>0x39d</size>
         <input_file_ref idref="fl-b"/>
      </object_component>
      <object_component id="oc-1bf">
         <name>.debug_info</name>
         <load_address>0xe23a</load_address>
         <run_address>0xe23a</run_address>
         <size>0x3e5</size>
         <input_file_ref idref="fl-c5"/>
      </object_component>
      <object_component id="oc-1bb">
         <name>.debug_info</name>
         <load_address>0xe61f</load_address>
         <run_address>0xe61f</run_address>
         <size>0x157</size>
         <input_file_ref idref="fl-c5"/>
      </object_component>
      <object_component id="oc-1b6">
         <name>.debug_info</name>
         <load_address>0xe776</load_address>
         <run_address>0xe776</run_address>
         <size>0x166</size>
         <input_file_ref idref="fl-c5"/>
      </object_component>
      <object_component id="oc-16d">
         <name>.debug_info</name>
         <load_address>0xe8dc</load_address>
         <run_address>0xe8dc</run_address>
         <size>0x1ac</size>
         <input_file_ref idref="fl-c5"/>
      </object_component>
      <object_component id="oc-256">
         <name>.debug_info</name>
         <load_address>0xea88</load_address>
         <run_address>0xea88</run_address>
         <size>0xb2</size>
         <input_file_ref idref="fl-c5"/>
      </object_component>
      <object_component id="oc-237">
         <name>.debug_info</name>
         <load_address>0xeb3a</load_address>
         <run_address>0xeb3a</run_address>
         <size>0x590</size>
         <input_file_ref idref="fl-c6"/>
      </object_component>
      <object_component id="oc-204">
         <name>.debug_info</name>
         <load_address>0xf0ca</load_address>
         <run_address>0xf0ca</run_address>
         <size>0x21e</size>
         <input_file_ref idref="fl-c6"/>
      </object_component>
      <object_component id="oc-29f">
         <name>.debug_info</name>
         <load_address>0xf2e8</load_address>
         <run_address>0xf2e8</run_address>
         <size>0x1b3</size>
         <input_file_ref idref="fl-c6"/>
      </object_component>
      <object_component id="oc-2a5">
         <name>.debug_info</name>
         <load_address>0xf49b</load_address>
         <run_address>0xf49b</run_address>
         <size>0x21b</size>
         <input_file_ref idref="fl-c6"/>
      </object_component>
      <object_component id="oc-20f">
         <name>.debug_info</name>
         <load_address>0xf6b6</load_address>
         <run_address>0xf6b6</run_address>
         <size>0x3c0</size>
         <input_file_ref idref="fl-c6"/>
      </object_component>
      <object_component id="oc-2ac">
         <name>.debug_info</name>
         <load_address>0xfa76</load_address>
         <run_address>0xfa76</run_address>
         <size>0x30a</size>
         <input_file_ref idref="fl-c6"/>
      </object_component>
      <object_component id="oc-2b2">
         <name>.debug_info</name>
         <load_address>0xfd80</load_address>
         <run_address>0xfd80</run_address>
         <size>0x215</size>
         <input_file_ref idref="fl-c6"/>
      </object_component>
      <object_component id="oc-215">
         <name>.debug_info</name>
         <load_address>0xff95</load_address>
         <run_address>0xff95</run_address>
         <size>0x215</size>
         <input_file_ref idref="fl-c6"/>
      </object_component>
      <object_component id="oc-21b">
         <name>.debug_info</name>
         <load_address>0x101aa</load_address>
         <run_address>0x101aa</run_address>
         <size>0x304</size>
         <input_file_ref idref="fl-c6"/>
      </object_component>
      <object_component id="oc-221">
         <name>.debug_info</name>
         <load_address>0x104ae</load_address>
         <run_address>0x104ae</run_address>
         <size>0x4b5</size>
         <input_file_ref idref="fl-c6"/>
      </object_component>
      <object_component id="oc-1ac">
         <name>.debug_info</name>
         <load_address>0x10963</load_address>
         <run_address>0x10963</run_address>
         <size>0x5f4</size>
         <input_file_ref idref="fl-c6"/>
      </object_component>
      <object_component id="oc-238">
         <name>.debug_info</name>
         <load_address>0x10f57</load_address>
         <run_address>0x10f57</run_address>
         <size>0x86</size>
         <input_file_ref idref="fl-c6"/>
      </object_component>
      <object_component id="oc-2df">
         <name>.debug_info</name>
         <load_address>0x10fdd</load_address>
         <run_address>0x10fdd</run_address>
         <size>0x39</size>
         <input_file_ref idref="fl-c6"/>
      </object_component>
      <object_component id="oc-33e">
         <name>.debug_info</name>
         <load_address>0x11016</load_address>
         <run_address>0x11016</run_address>
         <size>0xb6</size>
         <input_file_ref idref="fl-c6"/>
      </object_component>
      <object_component id="oc-2e4">
         <name>.debug_info</name>
         <load_address>0x110cc</load_address>
         <run_address>0x110cc</run_address>
         <size>0x46</size>
         <input_file_ref idref="fl-c6"/>
      </object_component>
      <object_component id="oc-23d">
         <name>.debug_info</name>
         <load_address>0x11112</load_address>
         <run_address>0x11112</run_address>
         <size>0x46</size>
         <input_file_ref idref="fl-c6"/>
      </object_component>
      <object_component id="oc-2da">
         <name>.debug_info</name>
         <load_address>0x11158</load_address>
         <run_address>0x11158</run_address>
         <size>0x2c</size>
         <input_file_ref idref="fl-c6"/>
      </object_component>
      <object_component id="oc-306">
         <name>.debug_info</name>
         <load_address>0x11184</load_address>
         <run_address>0x11184</run_address>
         <size>0x383</size>
         <input_file_ref idref="fl-c7"/>
      </object_component>
      <object_component id="oc-251">
         <name>.debug_info</name>
         <load_address>0x11507</load_address>
         <run_address>0x11507</run_address>
         <size>0x1ea</size>
         <input_file_ref idref="fl-c7"/>
      </object_component>
      <object_component id="oc-304">
         <name>.debug_info</name>
         <load_address>0x116f1</load_address>
         <run_address>0x116f1</run_address>
         <size>0x3fc</size>
         <input_file_ref idref="fl-c8"/>
      </object_component>
      <object_component id="oc-24a">
         <name>.debug_info</name>
         <load_address>0x11aed</load_address>
         <run_address>0x11aed</run_address>
         <size>0x2e2</size>
         <input_file_ref idref="fl-c8"/>
      </object_component>
      <object_component id="oc-dd">
         <name>.debug_info</name>
         <load_address>0x11dcf</load_address>
         <run_address>0x11dcf</run_address>
         <size>0x2c</size>
         <input_file_ref idref="fl-c8"/>
      </object_component>
      <object_component id="oc-350">
         <name>.debug_info</name>
         <load_address>0x11dfb</load_address>
         <run_address>0x11dfb</run_address>
         <size>0x300</size>
         <input_file_ref idref="fl-c9"/>
      </object_component>
      <object_component id="oc-2ed">
         <name>.debug_info</name>
         <load_address>0x120fb</load_address>
         <run_address>0x120fb</run_address>
         <size>0x19c</size>
         <input_file_ref idref="fl-c9"/>
      </object_component>
      <object_component id="oc-38b">
         <name>.debug_info</name>
         <load_address>0x12297</load_address>
         <run_address>0x12297</run_address>
         <size>0xbf</size>
         <input_file_ref idref="fl-c9"/>
      </object_component>
      <object_component id="oc-38a">
         <name>.debug_info</name>
         <load_address>0x12356</load_address>
         <run_address>0x12356</run_address>
         <size>0x374</size>
         <input_file_ref idref="fl-ca"/>
      </object_component>
      <object_component id="oc-34d">
         <name>.debug_info</name>
         <load_address>0x126ca</load_address>
         <run_address>0x126ca</run_address>
         <size>0x20b</size>
         <input_file_ref idref="fl-ca"/>
      </object_component>
      <object_component id="oc-299">
         <name>.debug_info</name>
         <load_address>0x128d5</load_address>
         <run_address>0x128d5</run_address>
         <size>0x14c</size>
         <input_file_ref idref="fl-cb"/>
      </object_component>
      <object_component id="oc-209">
         <name>.debug_info</name>
         <load_address>0x12a21</load_address>
         <run_address>0x12a21</run_address>
         <size>0x128</size>
         <input_file_ref idref="fl-cc"/>
      </object_component>
      <object_component id="oc-283">
         <name>.debug_info</name>
         <load_address>0x12b49</load_address>
         <run_address>0x12b49</run_address>
         <size>0x12a</size>
         <input_file_ref idref="fl-cc"/>
      </object_component>
      <object_component id="oc-280">
         <name>.debug_info</name>
         <load_address>0x12c73</load_address>
         <run_address>0x12c73</run_address>
         <size>0x13a</size>
         <input_file_ref idref="fl-cd"/>
      </object_component>
      <object_component id="oc-27a">
         <name>.debug_info</name>
         <load_address>0x12dad</load_address>
         <run_address>0x12dad</run_address>
         <size>0x13a</size>
         <input_file_ref idref="fl-ce"/>
      </object_component>
      <object_component id="oc-28a">
         <name>.debug_info</name>
         <load_address>0x12ee7</load_address>
         <run_address>0x12ee7</run_address>
         <size>0x12e</size>
         <input_file_ref idref="fl-cf"/>
      </object_component>
      <object_component id="oc-294">
         <name>.debug_info</name>
         <load_address>0x13015</load_address>
         <run_address>0x13015</run_address>
         <size>0x12c</size>
         <input_file_ref idref="fl-d0"/>
      </object_component>
      <object_component id="oc-3c">
         <name>.debug_info</name>
         <load_address>0x13141</load_address>
         <run_address>0x13141</run_address>
         <size>0x119</size>
         <input_file_ref idref="fl-d1"/>
      </object_component>
      <object_component id="oc-96">
         <name>.debug_info</name>
         <load_address>0x1325a</load_address>
         <run_address>0x1325a</run_address>
         <size>0x147</size>
         <input_file_ref idref="fl-d2"/>
      </object_component>
      <object_component id="oc-273">
         <name>.debug_info</name>
         <load_address>0x133a1</load_address>
         <run_address>0x133a1</run_address>
         <size>0x134</size>
         <input_file_ref idref="fl-d3"/>
      </object_component>
      <object_component id="oc-93">
         <name>.debug_info</name>
         <load_address>0x134d5</load_address>
         <run_address>0x134d5</run_address>
         <size>0x2d4</size>
         <input_file_ref idref="fl-d4"/>
      </object_component>
      <object_component id="oc-49">
         <name>.debug_info</name>
         <load_address>0x137a9</load_address>
         <run_address>0x137a9</run_address>
         <size>0x1d2</size>
         <input_file_ref idref="fl-d4"/>
      </object_component>
      <object_component id="oc-8e">
         <name>.debug_info</name>
         <load_address>0x1397b</load_address>
         <run_address>0x1397b</run_address>
         <size>0x46</size>
         <input_file_ref idref="fl-d4"/>
      </object_component>
      <object_component id="oc-45">
         <name>.debug_info</name>
         <load_address>0x139c1</load_address>
         <run_address>0x139c1</run_address>
         <size>0x2a8</size>
         <input_file_ref idref="fl-d5"/>
      </object_component>
      <object_component id="oc-1e">
         <name>.debug_info</name>
         <load_address>0x13c69</load_address>
         <run_address>0x13c69</run_address>
         <size>0x1ea</size>
         <input_file_ref idref="fl-d5"/>
      </object_component>
      <object_component id="oc-40">
         <name>.debug_info</name>
         <load_address>0x13e53</load_address>
         <run_address>0x13e53</run_address>
         <size>0x46</size>
         <input_file_ref idref="fl-d5"/>
      </object_component>
      <object_component id="oc-86">
         <name>.debug_info</name>
         <load_address>0x13e99</load_address>
         <run_address>0x13e99</run_address>
         <size>0x2c</size>
         <input_file_ref idref="fl-d5"/>
      </object_component>
      <object_component id="oc-84">
         <name>.debug_info</name>
         <load_address>0x13ec5</load_address>
         <run_address>0x13ec5</run_address>
         <size>0x29e</size>
         <input_file_ref idref="fl-d6"/>
      </object_component>
      <object_component id="oc-19">
         <name>.debug_info</name>
         <load_address>0x14163</load_address>
         <run_address>0x14163</run_address>
         <size>0x250</size>
         <input_file_ref idref="fl-d6"/>
      </object_component>
      <object_component id="oc-30">
         <name>.debug_info</name>
         <load_address>0x143b3</load_address>
         <run_address>0x143b3</run_address>
         <size>0x60</size>
         <input_file_ref idref="fl-d6"/>
      </object_component>
      <object_component id="oc-d6">
         <name>.debug_info</name>
         <load_address>0x14413</load_address>
         <run_address>0x14413</run_address>
         <size>0x46</size>
         <input_file_ref idref="fl-d6"/>
      </object_component>
      <object_component id="oc-7f">
         <name>.debug_info</name>
         <load_address>0x14459</load_address>
         <run_address>0x14459</run_address>
         <size>0x39</size>
         <input_file_ref idref="fl-d6"/>
      </object_component>
      <object_component id="oc-18f">
         <name>.debug_info</name>
         <load_address>0x14492</load_address>
         <run_address>0x14492</run_address>
         <size>0x3ad</size>
         <input_file_ref idref="fl-d7"/>
      </object_component>
      <object_component id="oc-189">
         <name>.debug_info</name>
         <load_address>0x1483f</load_address>
         <run_address>0x1483f</run_address>
         <size>0x190</size>
         <input_file_ref idref="fl-d7"/>
      </object_component>
      <object_component id="oc-119">
         <name>.debug_info</name>
         <load_address>0x149cf</load_address>
         <run_address>0x149cf</run_address>
         <size>0x122</size>
         <input_file_ref idref="fl-d7"/>
      </object_component>
      <object_component id="oc-11d">
         <name>.debug_info</name>
         <load_address>0x14af1</load_address>
         <run_address>0x14af1</run_address>
         <size>0x184</size>
         <input_file_ref idref="fl-d7"/>
      </object_component>
      <object_component id="oc-1de">
         <name>.debug_info</name>
         <load_address>0x14c75</load_address>
         <run_address>0x14c75</run_address>
         <size>0x2c9</size>
         <input_file_ref idref="fl-d8"/>
      </object_component>
      <object_component id="oc-18c">
         <name>.debug_info</name>
         <load_address>0x14f3e</load_address>
         <run_address>0x14f3e</run_address>
         <size>0x11e</size>
         <input_file_ref idref="fl-d8"/>
      </object_component>
      <object_component id="oc-1d9">
         <name>.debug_info</name>
         <load_address>0x1505c</load_address>
         <run_address>0x1505c</run_address>
         <size>0x12e</size>
         <input_file_ref idref="fl-d8"/>
      </object_component>
      <object_component id="oc-319">
         <name>.debug_info</name>
         <load_address>0x1518a</load_address>
         <run_address>0x1518a</run_address>
         <size>0x29c</size>
         <input_file_ref idref="fl-d9"/>
      </object_component>
      <object_component id="oc-28d">
         <name>.debug_info</name>
         <load_address>0x15426</load_address>
         <run_address>0x15426</run_address>
         <size>0x1da</size>
         <input_file_ref idref="fl-d9"/>
      </object_component>
      <object_component id="oc-270">
         <name>.debug_info</name>
         <load_address>0x15600</load_address>
         <run_address>0x15600</run_address>
         <size>0x2b9</size>
         <input_file_ref idref="fl-da"/>
      </object_component>
      <object_component id="oc-1ff">
         <name>.debug_info</name>
         <load_address>0x158b9</load_address>
         <run_address>0x158b9</run_address>
         <size>0x17c</size>
         <input_file_ref idref="fl-da"/>
      </object_component>
      <object_component id="oc-30b">
         <name>.debug_info</name>
         <load_address>0x15a35</load_address>
         <run_address>0x15a35</run_address>
         <size>0xf9</size>
         <input_file_ref idref="fl-db"/>
      </object_component>
      <object_component id="oc-26d">
         <name>.debug_info</name>
         <load_address>0x15b2e</load_address>
         <run_address>0x15b2e</run_address>
         <size>0x105</size>
         <input_file_ref idref="fl-db"/>
      </object_component>
      <object_component id="oc-244">
         <name>.debug_info</name>
         <load_address>0x15c33</load_address>
         <run_address>0x15c33</run_address>
         <size>0x144</size>
         <input_file_ref idref="fl-dc"/>
      </object_component>
      <object_component id="oc-1b0">
         <name>.debug_info</name>
         <load_address>0x15d77</load_address>
         <run_address>0x15d77</run_address>
         <size>0x102</size>
         <input_file_ref idref="fl-dc"/>
      </object_component>
      <object_component id="oc-3c7">
         <name>.debug_info</name>
         <load_address>0x15e79</load_address>
         <run_address>0x15e79</run_address>
         <size>0x18f</size>
         <input_file_ref idref="fl-dc"/>
      </object_component>
      <object_component id="oc-2cb">
         <name>.debug_info</name>
         <load_address>0x16008</load_address>
         <run_address>0x16008</run_address>
         <size>0x2a7</size>
         <input_file_ref idref="fl-dd"/>
      </object_component>
      <object_component id="oc-226">
         <name>.debug_info</name>
         <load_address>0x162af</load_address>
         <run_address>0x162af</run_address>
         <size>0x1b8</size>
         <input_file_ref idref="fl-dd"/>
      </object_component>
      <object_component id="oc-352">
         <name>.debug_info</name>
         <load_address>0x16467</load_address>
         <run_address>0x16467</run_address>
         <size>0x2a5</size>
         <input_file_ref idref="fl-de"/>
      </object_component>
      <object_component id="oc-2f2">
         <name>.debug_info</name>
         <load_address>0x1670c</load_address>
         <run_address>0x1670c</run_address>
         <size>0x25d</size>
         <input_file_ref idref="fl-de"/>
      </object_component>
      <object_component id="oc-7b">
         <name>.debug_info</name>
         <load_address>0x16969</load_address>
         <run_address>0x16969</run_address>
         <size>0x3b2</size>
         <input_file_ref idref="fl-df"/>
      </object_component>
      <object_component id="oc-2a">
         <name>.debug_info</name>
         <load_address>0x16d1b</load_address>
         <run_address>0x16d1b</run_address>
         <size>0x10c</size>
         <input_file_ref idref="fl-df"/>
      </object_component>
      <object_component id="oc-3fd">
         <name>.debug_info</name>
         <load_address>0x16e27</load_address>
         <run_address>0x16e27</run_address>
         <size>0x13f</size>
         <input_file_ref idref="fl-df"/>
      </object_component>
      <object_component id="oc-37e">
         <name>.debug_info</name>
         <load_address>0x16f66</load_address>
         <run_address>0x16f66</run_address>
         <size>0x168</size>
         <input_file_ref idref="fl-df"/>
      </object_component>
      <object_component id="oc-3ad">
         <name>.debug_info</name>
         <load_address>0x170ce</load_address>
         <run_address>0x170ce</run_address>
         <size>0x18e</size>
         <input_file_ref idref="fl-df"/>
      </object_component>
      <object_component id="oc-3b3">
         <name>.debug_info</name>
         <load_address>0x1725c</load_address>
         <run_address>0x1725c</run_address>
         <size>0x19f</size>
         <input_file_ref idref="fl-df"/>
      </object_component>
      <object_component id="oc-378">
         <name>.debug_info</name>
         <load_address>0x173fb</load_address>
         <run_address>0x173fb</run_address>
         <size>0x203</size>
         <input_file_ref idref="fl-df"/>
      </object_component>
      <object_component id="oc-403">
         <name>.debug_info</name>
         <load_address>0x175fe</load_address>
         <run_address>0x175fe</run_address>
         <size>0x1db</size>
         <input_file_ref idref="fl-df"/>
      </object_component>
      <object_component id="oc-3ba">
         <name>.debug_info</name>
         <load_address>0x177d9</load_address>
         <run_address>0x177d9</run_address>
         <size>0x299</size>
         <input_file_ref idref="fl-df"/>
      </object_component>
      <object_component id="oc-d1">
         <name>.debug_info</name>
         <load_address>0x17a72</load_address>
         <run_address>0x17a72</run_address>
         <size>0xb2</size>
         <input_file_ref idref="fl-df"/>
      </object_component>
      <object_component id="oc-cc">
         <name>.debug_info</name>
         <load_address>0x17b24</load_address>
         <run_address>0x17b24</run_address>
         <size>0x2c</size>
         <input_file_ref idref="fl-df"/>
      </object_component>
      <object_component id="oc-330">
         <name>.debug_info</name>
         <load_address>0x17b50</load_address>
         <run_address>0x17b50</run_address>
         <size>0x29a</size>
         <input_file_ref idref="fl-e0"/>
      </object_component>
      <object_component id="oc-2c6">
         <name>.debug_info</name>
         <load_address>0x17dea</load_address>
         <run_address>0x17dea</run_address>
         <size>0x262</size>
         <input_file_ref idref="fl-e0"/>
      </object_component>
      <object_component id="oc-26b">
         <name>.debug_info</name>
         <load_address>0x1804c</load_address>
         <run_address>0x1804c</run_address>
         <size>0x28f</size>
         <input_file_ref idref="fl-e1"/>
      </object_component>
      <object_component id="oc-1f8">
         <name>.debug_info</name>
         <load_address>0x182db</load_address>
         <run_address>0x182db</run_address>
         <size>0x245</size>
         <input_file_ref idref="fl-e1"/>
      </object_component>
      <object_component id="oc-2d">
         <name>.debug_info</name>
         <load_address>0x18520</load_address>
         <run_address>0x18520</run_address>
         <size>0x10b</size>
         <input_file_ref idref="fl-e2"/>
      </object_component>
      <object_component id="oc-59">
         <name>.debug_info</name>
         <load_address>0x1862b</load_address>
         <run_address>0x1862b</run_address>
         <size>0x1a9</size>
         <input_file_ref idref="fl-e2"/>
      </object_component>
      <object_component id="oc-359">
         <name>.debug_info</name>
         <load_address>0x187d4</load_address>
         <run_address>0x187d4</run_address>
         <size>0x397</size>
         <input_file_ref idref="fl-e3"/>
      </object_component>
      <object_component id="oc-2fe">
         <name>.debug_info</name>
         <load_address>0x18b6b</load_address>
         <run_address>0x18b6b</run_address>
         <size>0x18f</size>
         <input_file_ref idref="fl-e3"/>
      </object_component>
      <object_component id="oc-39e">
         <name>.debug_info</name>
         <load_address>0x18cfa</load_address>
         <run_address>0x18cfa</run_address>
         <size>0x120</size>
         <input_file_ref idref="fl-e3"/>
      </object_component>
      <object_component id="oc-3a3">
         <name>.debug_info</name>
         <load_address>0x18e1a</load_address>
         <run_address>0x18e1a</run_address>
         <size>0x2c</size>
         <input_file_ref idref="fl-e3"/>
[...]
      </symbol>
      <symbol id="sm-525">
         <name>__aeabi_dmul</name>
         <value>0x2ea9</value>
         <object_component_ref idref="oc-278"/>
      </symbol>
      <symbol id="sm-52f">
         <name>__aeabi_d2iz</name>
         <value>0x3dcd</value>
         <object_component_ref idref="oc-287"/>
      </symbol>
      <symbol id="sm-539">
         <name>__aeabi_i2d</name>
         <value>0x40a1</value>
         <object_component_ref idref="oc-292"/>
      </symbol>
      <symbol id="sm-554">
         <name>memcpy</name>
         <value>0x32b9</value>
         <object_component_ref idref="oc-3a"/>
      </symbol>
      <symbol id="sm-555">
         <name>__aeabi_memcpy</name>
         <value>0x32b9</value>
         <object_component_ref idref="oc-3a"/>
      </symbol>
      <symbol id="sm-556">
         <name>__aeabi_memcpy8</name>
         <value>0x32b9</value>
         <object_component_ref idref="oc-3a"/>
      </symbol>
      <symbol id="sm-557">
         <name>__aeabi_memcpy4</name>
         <value>0x32b9</value>
         <object_component_ref idref="oc-3a"/>
      </symbol>
      <symbol id="sm-566">
         <name>__aeabi_memset</name>
         <value>0x3587</value>
         <object_component_ref idref="oc-94"/>
      </symbol>
      <symbol id="sm-567">
         <name>memset</name>
         <value>0x358d</value>
         <object_component_ref idref="oc-94"/>
      </symbol>
      <symbol id="sm-568">
         <name>__aeabi_memset8</name>
         <value>0x3587</value>
         <object_component_ref idref="oc-94"/>
      </symbol>
      <symbol id="sm-569">
         <name>__aeabi_memset4</name>
         <value>0x3587</value>
         <object_component_ref idref="oc-94"/>
      </symbol>
      <symbol id="sm-56a">
         <name>__aeabi_memclr8</name>
         <value>0x3585</value>
         <object_component_ref idref="oc-94"/>
      </symbol>
      <symbol id="sm-56b">
         <name>__aeabi_memclr4</name>
         <value>0x3585</value>
         <object_component_ref idref="oc-94"/>
      </symbol>
      <symbol id="sm-56c">
         <name>__aeabi_memclr</name>
         <value>0x3585</value>
         <object_component_ref idref="oc-94"/>
      </symbol>
      <symbol id="sm-579">
         <name>__aeabi_uldivmod</name>
         <value>0x3355</value>
         <object_component_ref idref="oc-271"/>
      </symbol>
      <symbol id="sm-58d">
         <name>__TI_zero_init_nomemset</name>
         <value>0x4195</value>
         <object_component_ref idref="oc-46"/>
      </symbol>
      <symbol id="sm-5a4">
         <name>__TI_decompress_none</name>
         <value>0x426b</value>
         <object_component_ref idref="oc-1d"/>
      </symbol>
      <symbol id="sm-5c7">
         <name>__TI_decompress_lzss</name>
         <value>0x3829</value>
         <object_component_ref idref="oc-17"/>
      </symbol>
      <symbol id="sm-5ed">
         <name>C$$EXIT</name>
         <value>0x42a5</value>
         <object_component_ref idref="oc-116"/>
      </symbol>
      <symbol id="sm-5ee">
         <name>abort</name>
         <value>0x42a5</value>
         <object_component_ref idref="oc-116"/>
      </symbol>
      <symbol id="sm-5ef">
         <name>__TI_dtors_ptr</name>
         <value>0x200006e4</value>
         <object_component_ref idref="oc-188"/>
      </symbol>
      <symbol id="sm-5f0">
         <name>__TI_cleanup_ptr</name>
         <value>0x200006e0</value>
         <object_component_ref idref="oc-188"/>
      </symbol>
      <symbol id="sm-5f1">
         <name>__TI_enable_exit_profile_output</name>
         <value>0x200006e8</value>
         <object_component_ref idref="oc-188"/>
      </symbol>
      <symbol id="sm-5f2">
         <name>exit</name>
         <value>0x3d85</value>
         <object_component_ref idref="oc-11c"/>
      </symbol>
      <symbol id="sm-607">
         <name>_nop</name>
         <value>0xb33</value>
         <object_component_ref idref="oc-1d6"/>
      </symbol>
      <symbol id="sm-608">
         <name>_lock</name>
         <value>0x200006ec</value>
         <object_component_ref idref="oc-18b"/>
      </symbol>
      <symbol id="sm-609">
         <name>_unlock</name>
         <value>0x200006f0</value>
         <object_component_ref idref="oc-18b"/>
      </symbol>
      <symbol id="sm-618">
         <name>__TI_ltoa</name>
         <value>0x3c47</value>
         <object_component_ref idref="oc-28c"/>
      </symbol>
      <symbol id="sm-62e">
         <name>atoi</name>
         <value>0x3d39</value>
         <object_component_ref idref="oc-1fb"/>
      </symbol>
      <symbol id="sm-639">
         <name>_ctypes_</name>
         <value>0x42a8</value>
         <object_component_ref idref="oc-26c"/>
      </symbol>
      <symbol id="sm-64e">
         <name>__TI_tmpnams</name>
         <value>0x20000830</value>
      </symbol>
      <symbol id="sm-64f">
         <name>__aeabi_stdout</name>
         <value>0x200006d8</value>
         <object_component_ref idref="oc-3c6"/>
      </symbol>
      <symbol id="sm-650">
         <name>__aeabi_stderr</name>
         <value>0x200006dc</value>
         <object_component_ref idref="oc-3c6"/>
      </symbol>
      <symbol id="sm-651">
         <name>__aeabi_stdin</name>
         <value>0x200006d4</value>
         <object_component_ref idref="oc-3c6"/>
      </symbol>
      <symbol id="sm-652">
         <name>_ftable</name>
         <value>0x20000500</value>
         <object_component_ref idref="oc-1af"/>
      </symbol>
      <symbol id="sm-653">
         <name>__TI_ft_end</name>
         <value>0x200006d0</value>
         <object_component_ref idref="oc-3c6"/>
      </symbol>
      <symbol id="sm-663">
         <name>memccpy</name>
         <value>0x41cd</value>
         <object_component_ref idref="oc-224"/>
      </symbol>
      <symbol id="sm-673">
         <name>memchr</name>
         <value>0x4175</value>
         <object_component_ref idref="oc-2f1"/>
      </symbol>
      <symbol id="sm-6fc">
         <name>_sys_memory</name>
         <value>0x20000000</value>
         <object_component_ref idref="oc-29"/>
      </symbol>
      <symbol id="sm-6fd">
         <name>free</name>
         <value>0x2fa5</value>
         <object_component_ref idref="oc-377"/>
      </symbol>
      <symbol id="sm-6fe">
         <name>memalign</name>
         <value>0x2da9</value>
         <object_component_ref idref="oc-3b9"/>
      </symbol>
      <symbol id="sm-6ff">
         <name>malloc</name>
         <value>0x4291</value>
         <object_component_ref idref="oc-37d"/>
      </symbol>
      <symbol id="sm-700">
         <name>aligned_alloc</name>
         <value>0x2da9</value>
         <object_component_ref idref="oc-3b9"/>
      </symbol>
      <symbol id="sm-710">
         <name>strchr</name>
         <value>0x421b</value>
         <object_component_ref idref="oc-2c3"/>
      </symbol>
      <symbol id="sm-71e">
         <name>strlen</name>
         <value>0x4245</value>
         <object_component_ref idref="oc-1f5"/>
      </symbol>
      <symbol id="sm-731">
         <name>__stack</name>
         <value>0x2000fe00</value>
         <object_component_ref idref="oc-2c"/>
      </symbol>
      <symbol id="sm-732">
         <name>_c_int00_noargs</name>
         <value>0x403d</value>
         <object_component_ref idref="oc-58"/>
      </symbol>
      <symbol id="sm-74c">
         <name>write</name>
         <value>0x414d</value>
         <object_component_ref idref="oc-2fd"/>
      </symbol>
      <symbol id="sm-75d">
         <name>_stream</name>
         <value>0x20000668</value>
         <object_component_ref idref="oc-355"/>
      </symbol>
      <symbol id="sm-75e">
         <name>_device</name>
         <value>0x200005f0</value>
         <object_component_ref idref="oc-396"/>
      </symbol>
      <symbol id="sm-774">
         <name>__aeabi_errno_addr</name>
         <value>0x4289</value>
         <object_component_ref idref="oc-230"/>
      </symbol>
      <symbol id="sm-775">
         <name>errno</name>
         <value>0x20000708</value>
         <object_component_ref idref="oc-2d3"/>
      </symbol>
      <symbol id="sm-78e">
         <name>wcslen</name>
         <value>0x4259</value>
         <object_component_ref idref="oc-22a"/>
      </symbol>
      <symbol id="sm-7ae">
         <name>frexpl</name>
         <value>0x38f9</value>
         <object_component_ref idref="oc-2b7"/>
      </symbol>
      <symbol id="sm-7af">
         <name>frexp</name>
         <value>0x38f9</value>
         <object_component_ref idref="oc-2b7"/>
      </symbol>
      <symbol id="sm-7cc">
         <name>scalbn</name>
         <value>0x2c99</value>
         <object_component_ref idref="oc-2bd"/>
      </symbol>
      <symbol id="sm-7cd">
         <name>scalbnl</name>
         <value>0x2c99</value>
         <object_component_ref idref="oc-2bd"/>
      </symbol>
      <symbol id="sm-7ce">
         <name>ldexpl</name>
         <value>0x2c99</value>
         <object_component_ref idref="oc-2bd"/>
      </symbol>
      <symbol id="sm-7cf">
         <name>ldexp</name>
         <value>0x2c99</value>
         <object_component_ref idref="oc-2bd"/>
      </symbol>
      <symbol id="sm-7df">
         <name>__TI_doflush</name>
         <value>0x3ced</value>
         <object_component_ref idref="oc-2f7"/>
      </symbol>
      <symbol id="sm-7ef">
         <name>__TI_cleanup</name>
         <value>0x3fd5</value>
         <object_component_ref idref="oc-383"/>
      </symbol>
      <symbol id="sm-801">
         <name>fseek</name>
         <value>0x395d</value>
         <object_component_ref idref="oc-343"/>
      </symbol>
      <symbol id="sm-80b">
         <name>__aeabi_idiv0</name>
         <value>0x26ab</value>
         <object_component_ref idref="oc-30e"/>
      </symbol>
      <symbol id="sm-80c">
         <name>__aeabi_ldiv0</name>
         <value>0x26ab</value>
         <object_component_ref idref="oc-30e"/>
      </symbol>
      <symbol id="sm-834">
         <name>__TI_auto_init_nobinit_nopinit</name>
         <value>0x3e9d</value>
         <object_component_ref idref="oc-122"/>
      </symbol>
      <symbol id="sm-83e">
         <name>_system_pre_init</name>
         <value>0x42a1</value>
         <object_component_ref idref="oc-9a"/>
      </symbol>
      <symbol id="sm-851">
         <name>HOSTclose</name>
         <value>0x3e15</value>
         <object_component_ref idref="oc-3d2"/>
      </symbol>
      <symbol id="sm-862">
         <name>HOSTlseek</name>
         <value>0x37c1</value>
         <object_component_ref idref="oc-3e4"/>
      </symbol>
      <symbol id="sm-874">
         <name>parmbuf</name>
         <value>0x200009d0</value>
      </symbol>
      <symbol id="sm-875">
         <name>HOSTopen</name>
         <value>0x3a25</value>
         <object_component_ref idref="oc-3cc"/>
      </symbol>
      <symbol id="sm-886">
         <name>HOSTread</name>
         <value>0x3b41</value>
         <object_component_ref idref="oc-3d8"/>
      </symbol>
      <symbol id="sm-897">
         <name>HOSTrename</name>
         <value>0x3755</value>
         <object_component_ref idref="oc-3f0"/>
      </symbol>
      <symbol id="sm-8a8">
         <name>HOSTunlink</name>
         <value>0x3e59</value>
         <object_component_ref idref="oc-3ea"/>
      </symbol>
      <symbol id="sm-8b9">
         <name>HOSTwrite</name>
         <value>0x3b99</value>
         <object_component_ref idref="oc-3de"/>
      </symbol>
      <symbol id="sm-8dd">
         <name>__TI_readmsg</name>
         <value>0x4009</value>
         <object_component_ref idref="oc-41f"/>
      </symbol>
      <symbol id="sm-8de">
         <name>C$$IO$$</name>
         <value>0x3f93</value>
         <object_component_ref idref="oc-419"/>
      </symbol>
      <symbol id="sm-8df">
         <name>__CIOBUF_</name>
         <value>0x20000710</value>
         <object_component_ref idref="oc-44a"/>
      </symbol>
      <symbol id="sm-8e0">
         <name>__TI_writemsg</name>
         <value>0x3f65</value>
         <object_component_ref idref="oc-419"/>
      </symbol>
      <symbol id="sm-8f1">
         <name>lseek</name>
         <value>0x4125</value>
         <object_component_ref idref="oc-36f"/>
      </symbol>
      <symbol id="sm-8fb">
         <name>copysign</name>
         <value>0x41e9</value>
         <object_component_ref idref="oc-327"/>
      </symbol>
      <symbol id="sm-8fc">
         <name>copysignl</name>
         <value>0x41e9</value>
         <object_component_ref idref="oc-327"/>
      </symbol>
      <symbol id="sm-911">
         <name>__TI_closefile</name>
         <value>0x3601</value>
         <object_component_ref idref="oc-3c0"/>
      </symbol>
      <symbol id="sm-934">
         <name>finddevice</name>
         <value>0x4071</value>
         <object_component_ref idref="oc-468"/>
      </symbol>
      <symbol id="sm-935">
         <name>getdevice</name>
         <value>0x3ee1</value>
         <object_component_ref idref="oc-440"/>
      </symbol>
      <symbol id="sm-944">
         <name>strcmp</name>
         <value>0x4203</value>
         <object_component_ref idref="oc-47f"/>
      </symbol>
      <symbol id="sm-952">
         <name>strcpy</name>
         <value>0x4231</value>
         <object_component_ref idref="oc-433"/>
      </symbol>
      <symbol id="sm-962">
         <name>strncpy</name>
         <value>0x3f9d</value>
         <object_component_ref idref="oc-462"/>
      </symbol>
      <symbol id="sm-977">
         <name>close</name>
         <value>0x3ae5</value>
         <object_component_ref idref="oc-408"/>
      </symbol>
      <symbol id="sm-987">
         <name>unlink</name>
         <value>0x40d1</value>
         <object_component_ref idref="oc-40e"/>
      </symbol>
      <symbol id="sm-988">
         <name>__TI_static_base__</name>
         <value>0x0</value>
      </symbol>
      <symbol id="sm-98b">
         <name>__mpu_init</name>
         <value>0x0</value>
      </symbol>
      <symbol id="sm-98c">
         <name>_system_post_cinit</name>
         <value>0x0</value>
      </symbol>
      <symbol id="sm-98d">
         <name>NMI_Handler</name>
         <value>0x4285</value>
      </symbol>
      <symbol id="sm-98e">
         <name>HardFault_Handler</name>
         <value>0x4285</value>
      </symbol>
      <symbol id="sm-98f">
         <name>MemManage_Handler</name>
         <value>0x4285</value>
      </symbol>
      <symbol id="sm-990">
         <name>BusFault_Handler</name>
         <value>0x4285</value>
      </symbol>
      <symbol id="sm-991">
         <name>UsageFault_Handler</name>
         <value>0x4285</value>
      </symbol>
      <symbol id="sm-992">
         <name>SVC_Handler</name>
         <value>0x4285</value>
      </symbol>
      <symbol id="sm-993">
         <name>DebugMon_Handler</name>
         <value>0x4285</value>
      </symbol>
      <symbol id="sm-994">
         <name>PendSV_Handler</name>
         <value>0x4285</value>
      </symbol>
      <symbol id="sm-995">
         <name>SysTick_Handler</name>
         <value>0x4285</value>
      </symbol>
      <symbol id="sm-996">
         <name>PSS_IRQHandler</name>
         <value>0x4285</value>
      </symbol>
      <symbol id="sm-997">
         <name>CS_IRQHandler</name>
         <value>0x4285</value>
      </symbol>
      <symbol id="sm-998">
         <name>PCM_IRQHandler</name>
         <value>0x4285</value>
      </symbol>
      <symbol id="sm-999">
         <name>WDT_A_IRQHandler</name>
         <value>0x4285</value>
      </symbol>
      <symbol id="sm-99a">
         <name>FPU_IRQHandler</name>
         <value>0x4285</value>
      </symbol>
      <symbol id="sm-99b">
         <name>FLCTL_IRQHandler</name>
         <value>0x4285</value>
      </symbol>
      <symbol id="sm-99c">
         <name>COMP_E0_IRQHandler</name>
         <value>0x4285</value>
      </symbol>
      <symbol id="sm-99d">
         <name>COMP_E1_IRQHandler</name>
         <value>0x4285</value>
      </symbol>
      <symbol id="sm-99e">
         <name>TA0_0_IRQHandler</name>
         <value>0x4285</value>
      </symbol>
      <symbol id="sm-99f">
         <name>TA0_N_IRQHandler</name>
         <value>0x4285</value>
      </symbol>
      <symbol id="sm-9a0">
         <name>TA1_0_IRQHandler</name>
         <value>0x4285</value>
      </symbol>
      <symbol id="sm-9a1">
         <name>TA1_N_IRQHandler</name>
         <value>0x4285</value>
      </symbol>
      <symbol id="sm-9a2">
         <name>TA2_0_IRQHandler</name>
         <value>0x2701</value>
      </symbol>
      <symbol id="sm-9a3">
         <name>TA2_N_IRQHandler</name>
         <value>0x4285</value>
      </symbol>
      <symbol id="sm-9a4">
         <name>TA3_0_IRQHandler</name>
         <value>0x4285</value>
      </symbol>
      <symbol id="sm-9a5">
         <name>TA3_N_IRQHandler</name>
         <value>0x4285</value>
      </symbol>
      <symbol id="sm-9a6">
         <name>EUSCIA0_IRQHandler</name>
         <value>0x4285</value>
      </symbol>
      <symbol id="sm-9a7">
         <name>EUSCIA1_IRQHandler</name>
         <value>0x4285</value>
      </symbol>
      <symbol id="sm-9a8">
         <name>EUSCIA2_IRQHandler</name>
         <value>0x4285</value>
      </symbol>
      <symbol id="sm-9a9">
         <name>EUSCIA3_IRQHandler</name>
         <value>0x4285</value>
      </symbol>
      <symbol id="sm-9aa">
         <name>EUSCIB0_IRQHandler</name>
         <value>0x4285</value>
      </symbol>
      <symbol id="sm-9ab">
         <name>EUSCIB1_IRQHandler</name>
         <value>0x4285</value>
      </symbol>
      <symbol id="sm-9ac">
         <name>EUSCIB2_IRQHandler</name>
         <value>0x4285</value>
      </symbol>
      <symbol id="sm-9ad">
         <name>EUSCIB3_IRQHandler</name>
         <value>0x4285</value>
      </symbol>
      <symbol id="sm-9ae">
         <name>ADC14_IRQHandler</name>
         <value>0x4285</value>
      </symbol>
      <symbol id="sm-9af">
         <name>T32_INT1_IRQHandler</name>
         <value>0x4285</value>
      </symbol>
      <symbol id="sm-9b0">
         <name>T32_INT2_IRQHandler</name>
         <value>0x4285</value>
      </symbol>
      <symbol id="sm-9b1">
         <name>T32_INTC_IRQHandler</name>
         <value>0x4285</value>
      </symbol>
      <symbol id="sm-9b2">
         <name>AES256_IRQHandler</name>
         <value>0x4285</value>
      </symbol>
      <symbol id="sm-9b3">
         <name>RTC_C_IRQHandler</name>
         <value>0x4285</value>
      </symbol>
      <symbol id="sm-9b4">
         <name>DMA_ERR_IRQHandler</name>
         <value>0x4285</value>
      </symbol>
      <symbol id="sm-9b5">
         <name>DMA_INT3_IRQHandler</name>
         <value>0x4285</value>
      </symbol>
      <symbol id="sm-9b6">
         <name>DMA_INT2_IRQHandler</name>
         <value>0x4285</value>
      </symbol>
      <symbol id="sm-9b7">
         <name>DMA_INT1_IRQHandler</name>
         <value>0x4285</value>
      </symbol>
      <symbol id="sm-9b8">
         <name>DMA_INT0_IRQHandler</name>
         <value>0x4285</value>
      </symbol>
      <symbol id="sm-9b9">
         <name>PORT1_IRQHandler</name>
         <value>0x4285</value>
      </symbol>
      <symbol id="sm-9ba">
         <name>PORT2_IRQHandler</name>
         <value>0x4285</value>
      </symbol>
      <symbol id="sm-9bb">
         <name>PORT3_IRQHandler</name>
         <value>0x4285</value>
      </symbol>
      <symbol id="sm-9bc">
         <name>PORT4_IRQHandler</name>
         <value>0x4285</value>
      </symbol>
      <symbol id="sm-9bd">
         <name>PORT5_IRQHandler</name>
         <value>0x4285</value>
      </symbol>
      <symbol id="sm-9be">
         <name>PORT6_IRQHandler</name>
         <value>0x4285</value>
      </symbol>
      <symbol id="sm-9bf">
         <name>remove</name>
         <value>0x40d1</value>
      </symbol>
   </symbol_table>
   <title>Link successful</title>
</link_info>
