******************************************************************************
                  TI ARM Linker PC v20.2.7                     
******************************************************************************
>> Linked Thu Jun 19 08:51:12 2025

OUTPUT FILE NAME:   <Week8.out>
ENTRY POINT SYMBOL: "_c_int00_noargs"  address: 000041f1


MEMORY CONFIGURATION

         name            origin    length      used     unused   attr    fill
----------------------  --------  ---------  --------  --------  ----  --------
  MAIN                  00000000   00040000  00004678  0003b988  R  X
  INFO                  00200000   00004000  00000000  00004000  R  X
  SRAM_CODE             01000000   00010000  00000be1  0000f41f  RW X
  SRAM_DATA             20000000   00010000  00000be1  0000f41f  RW  


SEGMENT ALLOCATION MAP

run origin  load origin   length   init length attrs members
----------  ----------- ---------- ----------- ----- -------
00000000    00000000    00004678   00004678    r-x
  00000000    00000000    000000e4   000000e4    r-- .intvecs
  000000e4    000000e4    00004378   00004378    r-x .text
  0000445c    0000445c    00000144   00000144    r-- .const
  000045a0    000045a0    000000d8   000000d8    r-- .cinit
20000000    20000000    000009e1   00000000    rw-
  20000000    20000000    00000400   00000000    rw- .sysmem
  20000400    20000400    00000310   00000000    rw- .data
  20000710    20000710    000002d1   00000000    rw- .bss
2000fe00    2000fe00    00000200   00000000    rw-
  2000fe00    2000fe00    00000200   00000000    rw- .stack


SECTION ALLOCATION MAP

 output                                  attributes/
section   page    origin      length       input sections
--------  ----  ----------  ----------   ----------------
.intvecs   0    00000000    000000e4     
                  00000000    000000e4     startup_msp432p401r_ccs.obj (.intvecs:retain)

.text      0    000000e4    00004378     
                  000000e4    00000bf8     main.obj (.text)
                  00000cdc    00000a4e     rtsv7M4_T_le_v4SPD16_eabi.lib : _printfi.c.obj (.text:__TI_printfi)
                  0000172a    00000002                                   : _lock.c.obj (.text:_nop)
                  0000172c    00000440     Motor.obj (.text)
                  00001b6c    00000334     system_msp432p401r.obj (.text)
                  00001ea0    00000270     rtsv7M4_T_le_v4SPD16_eabi.lib : _printfi.c.obj (.text:_pconv_a)
                  00002110    000001ec     IR.obj (.text)
                  000022fc    000001e0     Clock.obj (.text)
                  000024dc    000001d0     rtsv7M4_T_le_v4SPD16_eabi.lib : _printfi.c.obj (.text:_pconv_g)
                  000026ac    000001b6                                   : fd_add_t2.asm.obj (.text)
                  00002862    00000002                                   : div0.asm.obj (.text)
                  00002864    00000140     Timer.obj (.text)
                  000029a4    0000013c     rtsv7M4_T_le_v4SPD16_eabi.lib : _printfi.c.obj (.text:_pconv_e)
                  00002ae0    00000136                                   : fd_div_t2.asm.obj (.text)
                  00002c16    00000002     --HOLE-- [fill = 0]
                  00002c18    00000124                                   : _printfi.c.obj (.text:fcvt)
                  00002d3c    00000114                                   : fputs.c.obj (.text:fputs)
                  00002e50    00000110                                   : s_scalbn.c.obj (.text:scalbn)
                  00002f60    00000100                                   : memory.c.obj (.text:aligned_alloc)
                  00003060    000000fc                                   : fd_mul_t2.asm.obj (.text)
                  0000315c    000000e4                                   : memory.c.obj (.text:free)
                  00003240    000000dc                                   : setvbuf.c.obj (.text:setvbuf)
                  0000331c    000000b1                                   : _printfi.c.obj (.text:_ltostr)
                  000033cd    00000003     --HOLE-- [fill = 0]
                  000033d0    0000009c     Led.obj (.text)
                  0000346c    0000009c     rtsv7M4_T_le_v4SPD16_eabi.lib : memcpy_t2.asm.obj (.text)
                  00003508    00000096                                   : ull_div_t2.asm.obj (.text)
                  0000359e    00000002     --HOLE-- [fill = 0]
                  000035a0    0000008c                                   : fputc.c.obj (.text:fputc)
                  0000362c    00000086                                   : fd_cmp_t2.asm.obj (.text:__aeabi_cdcmple)
                  000036b2    00000086                                   : fd_cmp_t2.asm.obj (.text:__aeabi_cdrcmple)
                  00003738    0000007a                                   : memset_t2.asm.obj (.text)
                  000037b2    00000002     --HOLE-- [fill = 0]
                  000037b4    00000074                                   : fclose.c.obj (.text:__TI_closefile)
                  00003828    00000070                                   : memory.c.obj (.text:split)
                  00003898    0000006e                                   : _printfi.c.obj (.text:_mcpy)
                  00003906    00000002     --HOLE-- [fill = 0]
                  00003908    0000006c                                   : hostrename.c.obj (.text:HOSTrename)
                  00003974    00000068                                   : hostlseek.c.obj (.text:HOSTlseek)
                  000039dc    00000068                                   : copy_decompress_lzss.c.obj (.text:decompress:lzss:__TI_decompress_lzss)
                  00003a44    00000068                                   : printf.c.obj (.text:printf)
                  00003aac    00000064                                   : s_frexp.c.obj (.text:frexp)
                  00003b10    00000064                                   : fseek.c.obj (.text:fseek)
                  00003b74    00000062                                   : _io_perm.c.obj (.text:__TI_wrt_ok)
                  00003bd6    00000002     --HOLE-- [fill = 0]
                  00003bd8    00000060                                   : hostopen.c.obj (.text:HOSTopen)
                  00003c38    00000060     Switch.obj (.text)
                  00003c98    0000005c     rtsv7M4_T_le_v4SPD16_eabi.lib : close.c.obj (.text:close)
                  00003cf4    00000058                                   : hostread.c.obj (.text:HOSTread)
                  00003d4c    00000058                                   : hostwrite.c.obj (.text:HOSTwrite)
                  00003da4    00000056                                   : _printfi.c.obj (.text:_pconv_f)
                  00003dfa    00000054                                   : _ltoa.c.obj (.text:__TI_ltoa)
                  00003e4e    00000052                                   : _printfi.c.obj (.text:_ecpy)
                  00003ea0    0000004c                                   : fflush.c.obj (.text:__TI_doflush)
                  00003eec    0000004c                                   : atoi.c.obj (.text:atoi)
                  00003f38    00000048                                   : exit.c.obj (.text:exit)
                  00003f80    00000048                                   : fd_toi_t2.asm.obj (.text)
                  00003fc8    00000044                                   : hostclose.c.obj (.text:HOSTclose)
                  0000400c    00000044                                   : hostunlink.c.obj (.text:HOSTunlink)
                  00004050    00000044                                   : autoinit.c.obj (.text:__TI_auto_init_nobinit_nopinit:__TI_auto_init_nobinit_nopinit)
                  00004094    00000044                                   : getdevice.c.obj (.text:getdevice)
                  000040d8    0000003e                                   : _printfi.c.obj (.text:_fcpy)
                  00004116    00000002     --HOLE-- [fill = 0]
                  00004118    00000038                                   : trgmsg.c.obj (.text:__TI_writemsg)
                  00004150    00000036                                   : strncpy.c.obj (.text:strncpy)
                  00004186    00000002     --HOLE-- [fill = 0]
                  00004188    00000034                                   : fopen.c.obj (.text:__TI_cleanup)
                  000041bc    00000034                                   : trgmsg.c.obj (.text:__TI_readmsg)
                  000041f0    00000034                                   : boot_cortex_m.c.obj (.text:_c_int00_noargs:_c_int00_noargs)
                  00004224    00000030                                   : getdevice.c.obj (.text:finddevice)
                  00004254    0000002e                                   : i_tofd_t2.asm.obj (.text)
                  00004282    00000002     --HOLE-- [fill = 0]
                  00004284    0000002c                                   : unlink.c.obj (.text:unlink)
                  000042b0    00000028                                   : memory.c.obj (.text:free_list_insert)
                  000042d8    00000028                                   : lseek.c.obj (.text:lseek)
                  00004300    00000028                                   : write.c.obj (.text:write)
                  00004328    00000020                                   : memchr.c.obj (.text:memchr)
                  00004348    0000001c                                   : copy_zero_init.c.obj (.text:decompress:ZI:__TI_zero_init_nomemset:__TI_zero_init_nomemset)
                  00004364    0000001c                                   : memory.c.obj (.text:free_list_remove)
                  00004380    0000001c                                   : memccpy.c.obj (.text:memccpy)
                  0000439c    0000001a                                   : s_copysign.c.obj (.text:copysign)
                  000043b6    00000018                                   : strcmp.c.obj (.text:strcmp)
                  000043ce    00000016                                   : strchr.c.obj (.text:strchr)
                  000043e4    00000014                                   : strcpy.c.obj (.text:strcpy)
                  000043f8    00000014                                   : strlen.c.obj (.text:strlen)
                  0000440c    00000012                                   : wcslen.c.obj (.text:wcslen)
                  0000441e    0000000e                                   : copy_decompress_none.c.obj (.text:decompress:none:__TI_decompress_none)
                  0000442c    0000000e     startup_msp432p401r_ccs.obj (.text)
                  0000443a    00000002     --HOLE-- [fill = 0]
                  0000443c    00000008     rtsv7M4_T_le_v4SPD16_eabi.lib : errno.c.obj (.text:__aeabi_errno_addr)
                  00004444    00000008                                   : memory.c.obj (.text:malloc)
                  0000444c    00000004                                   : printf.c.obj (.text:_outc)
                  00004450    00000004                                   : printf.c.obj (.text:_outs)
                  00004454    00000004                                   : pre_init.c.obj (.text:_system_pre_init)
                  00004458    00000004                                   : exit.c.obj (.text:abort:abort)

.const     0    0000445c    00000144     
                  0000445c    00000101     rtsv7M4_T_le_v4SPD16_eabi.lib : ctype.c.obj (.const:.string:_ctypes_)
                  0000455d    00000003     --HOLE-- [fill = 0]
                  00004560    00000020     Motor.obj (.const:$P$T0$1)
                  00004580    00000020     Motor.obj (.const:$P$T1$2)

.cinit     0    000045a0    000000d8     
                  000045a0    000000b1     (.cinit..data.load) [load image, compression = lzss]
                  00004651    00000003     --HOLE-- [fill = 0]
                  00004654    0000000c     (__TI_handler_table)
                  00004660    00000008     (.cinit..bss.load) [load image, compression = zero_init]
                  00004668    00000010     (__TI_cinit_table)

.init_array 
*          0    00000000    00000000     UNINITIALIZED

.binit     0    00000000    00000000     

.sysmem    0    20000000    00000400     UNINITIALIZED
                  20000000    00000010     rtsv7M4_T_le_v4SPD16_eabi.lib : memory.c.obj (.sysmem)
                  20000010    000003f0     --HOLE--

.data      0    20000400    00000310     UNINITIALIZED
                  20000400    00000100     main.obj (.data:node_map)
                  20000500    000000f0     rtsv7M4_T_le_v4SPD16_eabi.lib : defs.c.obj (.data:_ftable)
                  200005f0    00000078                                   : host_device.c.obj (.data:_device)
                  20000668    00000050                                   : host_device.c.obj (.data:_stream)
                  200006b8    00000018     Clock.obj (.data)
                  200006d0    00000010     rtsv7M4_T_le_v4SPD16_eabi.lib : defs.c.obj (.data)
                  200006e0    0000000c                                   : exit.c.obj (.data:$O1$$)
                  200006ec    00000008                                   : _lock.c.obj (.data:$O1$$)
                  200006f4    00000008                                   : memory.c.obj (.data:$O1$$)
                  200006fc    00000005     main.obj (.data)
                  20000701    00000003     --HOLE--
                  20000704    00000004     Timer.obj (.data)
                  20000708    00000004     rtsv7M4_T_le_v4SPD16_eabi.lib : errno.c.obj (.data)
                  2000070c    00000004     system_msp432p401r.obj (.data)

.bss       0    20000710    000002d1     UNINITIALIZED
                  20000710    00000120     rtsv7M4_T_le_v4SPD16_eabi.lib : trgmsg.c.obj (.bss:_CIOBUF_)
                  20000830    000000a0     (.common:__TI_tmpnams)
                  200008d0    00000080     (.common:dir_stack)
                  20000950    00000080     (.common:node_stack)
                  200009d0    00000008     (.common:parmbuf)
                  200009d8    00000008     (.common:sensors)
                  200009e0    00000001     (.common:type)

.stack     0    2000fe00    00000200     UNINITIALIZED
                  2000fe00    00000004     rtsv7M4_T_le_v4SPD16_eabi.lib : boot_cortex_m.c.obj (.stack)
                  2000fe04    000001fc     --HOLE--

__llvm_prf_cnts 
*          0    20000000    00000000     UNINITIALIZED

MODULE SUMMARY

       Module                        code    ro data   rw data
       ------                        ----    -------   -------
    .\
       main.obj                      3064    0         1052   
       system_msp432p401r.obj        820     0         8      
       startup_msp432p401r_ccs.obj   14      228       0      
    +--+-----------------------------+-------+---------+---------+
       Total:                        3898    228       1060   
                                                              
    .\Helpers\
       Motor.obj                     1088    64        0      
       Clock.obj                     480     0         48     
       IR.obj                        492     0         0      
       Timer.obj                     320     0         8      
       Led.obj                       156     0         0      
       Switch.obj                    96      0         0      
    +--+-----------------------------+-------+---------+---------+
       Total:                        2632    64        56     
                                                              
    C:\ti\ccs1270\ccs\tools\compiler\ti-cgt-arm_20.2.7.LTS\lib\rtsv7M4_T_le_v4SPD16_eabi.lib
       _printfi.c.obj                4851    0         0      
       defs.c.obj                    0       0         832    
       memory.c.obj                  672     0         16     
       trgmsg.c.obj                  108     0         576    
       fd_add_t2.asm.obj             438     0         0      
       host_device.c.obj             0       0         400    
       fd_div_t2.asm.obj             310     0         0      
       fputs.c.obj                   276     0         0      
       s_scalbn.c.obj                272     0         0      
       fd_cmp_t2.asm.obj             268     0         0      
       ctype.c.obj                   0       257       0      
       fd_mul_t2.asm.obj             252     0         0      
       setvbuf.c.obj                 220     0         0      
       memcpy_t2.asm.obj             156     0         0      
       ull_div_t2.asm.obj            150     0         0      
       fputc.c.obj                   140     0         0      
       memset_t2.asm.obj             122     0         0      
       fclose.c.obj                  116     0         0      
       getdevice.c.obj               116     0         0      
       hostopen.c.obj                96      0         16     
       printf.c.obj                  112     0         0      
       hostrename.c.obj              108     0         0      
       copy_decompress_lzss.c.obj    104     0         0      
       hostlseek.c.obj               104     0         0      
       exit.c.obj                    76      0         24     
       fseek.c.obj                   100     0         0      
       s_frexp.c.obj                 100     0         0      
       _io_perm.c.obj                98      0         0      
       close.c.obj                   92      0         0      
       hostread.c.obj                88      0         0      
       hostwrite.c.obj               88      0         0      
       _ltoa.c.obj                   84      0         0      
       atoi.c.obj                    76      0         0      
       fflush.c.obj                  76      0         0      
       fd_toi_t2.asm.obj             72      0         0      
       autoinit.c.obj                68      0         0      
       hostclose.c.obj               68      0         0      
       hostunlink.c.obj              68      0         0      
       strncpy.c.obj                 54      0         0      
       boot_cortex_m.c.obj           52      0         0      
       fopen.c.obj                   52      0         0      
       i_tofd_t2.asm.obj             46      0         0      
       unlink.c.obj                  44      0         0      
       lseek.c.obj                   40      0         0      
       write.c.obj                   40      0         0      
       memchr.c.obj                  32      0         0      
       copy_zero_init.c.obj          28      0         0      
       memccpy.c.obj                 28      0         0      
       s_copysign.c.obj              26      0         0      
       strcmp.c.obj                  24      0         0      
       strchr.c.obj                  22      0         0      
       strcpy.c.obj                  20      0         0      
       strlen.c.obj                  20      0         0      
       _lock.c.obj                   2       0         16     
       wcslen.c.obj                  18      0         0      
       errno.c.obj                   8       0         8      
       copy_decompress_none.c.obj    14      0         0      
       pre_init.c.obj                4       0         0      
       div0.asm.obj                  2       0         0      
    +--+-----------------------------+-------+---------+---------+
       Total:                        10721   257       1888   
                                                              
       Heap:                         0       0         2048   
       Stack:                        0       0         1024   
       Linker Generated:             0       213       0      
    +--+-----------------------------+-------+---------+---------+
       Grand Total:                  17251   762       6076   


LINKER GENERATED COPY TABLES

__TI_cinit_table @ 00004668 records: 2, size/record: 8, table size: 16
	.data: load addr=000045a0, load size=000000b1 bytes, run addr=20000400, run size=00000310 bytes, compression=lzss
	.bss: load addr=00004660, load size=00000008 bytes, run addr=20000710, run size=000002d1 bytes, compression=zero_init


LINKER GENERATED HANDLER TABLE

__TI_handler_table @ 00004654 records: 3, size/record: 4, table size: 12
	index: 0, handler: __TI_decompress_lzss
	index: 1, handler: __TI_decompress_none
	index: 2, handler: __TI_zero_init


GLOBAL SYMBOLS: SORTED ALPHABETICALLY BY Name 

address   name                           
-------   ----                           
00004439  ADC14_IRQHandler               
00004439  AES256_IRQHandler              
00001abb  Align_And_Move_Backward        
00001a11  Align_And_Move_Forward         
00004439  BusFault_Handler               
00004459  C$$EXIT                        
00004147  C$$IO$$                        
00004439  COMP_E0_IRQHandler             
00004439  COMP_E1_IRQHandler             
200006c0  CPMwait                        
00004439  CS_IRQHandler                  
200006b8  ClockFrequency                 
00002451  Clock_Delay1ms                 
00002427  Clock_Delay1us                 
00002413  Clock_GetFreq                  
000022fd  Clock_Init48MHz                
0000197d  Compute_Backward_CenteringError
00001919  Compute_Forward_CenteringError 
200006cc  Crystalstable                  
00004439  DMA_ERR_IRQHandler             
00004439  DMA_INT0_IRQHandler            
00004439  DMA_INT1_IRQHandler            
00004439  DMA_INT2_IRQHandler            
00004439  DMA_INT3_IRQHandler            
00004439  DebugMon_Handler               
00004439  Default_Handler                
000002c7  Detect_NodeType                
00004439  EUSCIA0_IRQHandler             
00004439  EUSCIA1_IRQHandler             
00004439  EUSCIA2_IRQHandler             
00004439  EUSCIA3_IRQHandler             
00004439  EUSCIB0_IRQHandler             
00004439  EUSCIB1_IRQHandler             
00004439  EUSCIB2_IRQHandler             
00004439  EUSCIB3_IRQHandler             
000007d9  Escape_And_Memorize_Maze       
00004439  FLCTL_IRQHandler               
00004439  FPU_IRQHandler                 
00002237  Get_IR_Sensor_Value            
00003fc9  HOSTclose                      
00003975  HOSTlseek                      
00003bd9  HOSTopen                       
00003cf5  HOSTread                       
00003909  HOSTrename                     
0000400d  HOSTunlink                     
00003d4d  HOSTwrite                      
00004439  HardFault_Handler              
200006c8  IFlags                         
00002111  IR_Init                        
000033d1  Led_Init                       
000017e7  Left_Backward                  
000017db  Left_Forward                   
00004439  MemManage_Handler              
0000172d  Motor_Init                     
000017b5  Motor_Move                     
000018ff  Motor_Stop                     
00001837  Move_Backward                  
0000180b  Move_Forward                   
00004439  NMI_Handler                    
000021a9  Off_IR_Emitter                 
00002181  On_IR_Emitter                  
00004439  PCM_IRQHandler                 
00004439  PORT1_IRQHandler               
00004439  PORT2_IRQHandler               
00004439  PORT3_IRQHandler               
00004439  PORT4_IRQHandler               
00004439  PORT5_IRQHandler               
00004439  PORT6_IRQHandler               
00004439  PSS_IRQHandler                 
000028cd  PWM_Duty3                      
000028e1  PWM_Duty4                      
000028f5  PWM_Init34                     
00004439  PendSV_Handler                 
00000a5f  Phase_One                      
00000a91  Phase_Two                      
200006c4  Postwait                       
200006bc  Prewait                        
00002273  Print_IR_Sensor                
00000371  Process_Backtrack_Branch       
000004dd  Process_Backtrack_Left         
000005f5  Process_Backtrack_Right        
00004439  RTC_C_IRQHandler               
000021d1  Read_IR_Sensor                 
00003c77  Read_Switch_Left               
00003c6d  Read_Switch_Right              
0000442d  Reset_Handler                  
000017ff  Right_Backward                 
000017f3  Right_Forward                  
00001863  Rotate_Left                    
000018bb  Rotate_Left90                  
0000188f  Rotate_Right                   
000018dd  Rotate_Right90                 
00004439  SVC_Handler                    
000000e5  Stack_Init_With_Answer         
00003c39  Switch_Init                    
00004439  SysTick_Handler                
2000070c  SystemCoreClock                
00001b6d  SystemCoreClockUpdate          
00001de5  SystemInit                     
00004439  T32_INT1_IRQHandler            
00004439  T32_INT2_IRQHandler            
00004439  T32_INTC_IRQHandler            
00004439  TA0_0_IRQHandler               
00004439  TA0_N_IRQHandler               
00004439  TA1_0_IRQHandler               
00004439  TA1_N_IRQHandler               
000028b9  TA2_0_IRQHandler               
000028b9  TA2_0_IRQHandler               
00004439  TA2_N_IRQHandler               
00004439  TA3_0_IRQHandler               
00004439  TA3_N_IRQHandler               
20000704  TimerA2Task                    
00002865  TimerA2_Init                   
00003425  Toggle_Led                     
000002d5  Toggle_Led_By_NodeType         
00003419  TurnOff_Led                    
000033fb  TurnOn_Led                     
00004439  UsageFault_Handler             
4000480c  WDTCTL_SYM                     
00004439  WDT_A_IRQHandler               
20000710  __CIOBUF_                      
20010000  __STACK_END                    
00000200  __STACK_SIZE                   
00000400  __SYSMEM_SIZE                  
00004668  __TI_CINIT_Base                
00004678  __TI_CINIT_Limit               
00004654  __TI_Handler_Table_Base        
00004660  __TI_Handler_Table_Limit       
00004051  __TI_auto_init_nobinit_nopinit 
00004189  __TI_cleanup                   
200006e0  __TI_cleanup_ptr               
000037b5  __TI_closefile                 
000039dd  __TI_decompress_lzss           
0000441f  __TI_decompress_none           
00003ea1  __TI_doflush                   
200006e4  __TI_dtors_ptr                 
200006e8  __TI_enable_exit_profile_output
200006d0  __TI_ft_end                    
00003dfb  __TI_ltoa                      
ffffffff  __TI_pprof_out_hndl            
00000cdd  __TI_printfi                   
ffffffff  __TI_prof_data_size            
ffffffff  __TI_prof_data_start           
000041bd  __TI_readmsg                   
00000000  __TI_static_base__             
20000830  __TI_tmpnams                   
00004119  __TI_writemsg                  
00003b75  __TI_wrt_ok                    
00004349  __TI_zero_init_nomemset        
0000362d  __aeabi_cdcmpeq                
0000362d  __aeabi_cdcmple                
000036b3  __aeabi_cdrcmple               
00003f81  __aeabi_d2iz                   
000026b7  __aeabi_dadd                   
00002ae1  __aeabi_ddiv                   
00003061  __aeabi_dmul                   
000026ad  __aeabi_dsub                   
0000443d  __aeabi_errno_addr             
00004255  __aeabi_i2d                    
00002863  __aeabi_idiv0                  
00002863  __aeabi_ldiv0                  
00003739  __aeabi_memclr                 
00003739  __aeabi_memclr4                
00003739  __aeabi_memclr8                
0000346d  __aeabi_memcpy                 
0000346d  __aeabi_memcpy4                
0000346d  __aeabi_memcpy8                
0000373b  __aeabi_memset                 
0000373b  __aeabi_memset4                
0000373b  __aeabi_memset8                
200006dc  __aeabi_stderr                 
200006d4  __aeabi_stdin                  
200006d8  __aeabi_stdout                 
00003509  __aeabi_uldivmod               
ffffffff  __binit__                      
ffffffff  __c_args__                     
UNDEFED   __mpu_init                     
2000fe00  __stack                        
20000000  __start___llvm_prf_cnts        
20000000  __stop___llvm_prf_cnts         
000041f1  _c_int00_noargs                
0000445c  _ctypes_                       
200005f0  _device                        
20000500  _ftable                        
200006ec  _lock                          
0000172b  _nop                           
20000668  _stream                        
20000000  _sys_memory                    
UNDEFED   _system_post_cinit             
00004455  _system_pre_init               
200006f0  _unlock                        
00004459  abort                          
00002f61  aligned_alloc                  
00003eed  atoi                           
20000700  backtrack_count                
ffffffff  binit                          
00003c99  close                          
0000439d  copysign                       
0000439d  copysignl                      
00002419  delay                          
200008d0  dir_stack                      
20000708  errno                          
00003f39  exit                           
00004225  finddevice                     
000035a1  fputc                          
00002d3d  fputs                          
0000315d  free                           
00003aad  frexp                          
00003aad  frexpl                         
00003b11  fseek                          
00004095  getdevice                      
00000000  interruptVectors               
00002e51  ldexp                          
00002e51  ldexpl                         
000042d9  lseek                          
00000c5d  main                           
00004445  malloc                         
00002f61  memalign                       
00004381  memccpy                        
00004329  memchr                         
0000346d  memcpy                         
00003741  memset                         
20000400  node_map                       
20000950  node_stack                     
200009d0  parmbuf                        
00003a45  printf                         
000035a1  putc                           
00004285  remove                         
00002e51  scalbn                         
00002e51  scalbnl                        
200009d8  sensors                        
00003241  setvbuf                        
000043cf  strchr                         
000043b7  strcmp                         
000043e5  strcpy                         
000043f9  strlen                         
00004151  strncpy                        
200006fc  top                            
200009e0  type                           
00004285  unlink                         
0000440d  wcslen                         
00004301  write                          


GLOBAL SYMBOLS: SORTED BY Symbol Address 

address   name                           
-------   ----                           
00000000  __TI_static_base__             
00000000  interruptVectors               
000000e5  Stack_Init_With_Answer         
00000200  __STACK_SIZE                   
000002c7  Detect_NodeType                
000002d5  Toggle_Led_By_NodeType         
00000371  Process_Backtrack_Branch       
00000400  __SYSMEM_SIZE                  
000004dd  Process_Backtrack_Left         
000005f5  Process_Backtrack_Right        
000007d9  Escape_And_Memorize_Maze       
00000a5f  Phase_One                      
00000a91  Phase_Two                      
00000c5d  main                           
00000cdd  __TI_printfi                   
0000172b  _nop                           
0000172d  Motor_Init                     
000017b5  Motor_Move                     
000017db  Left_Forward                   
000017e7  Left_Backward                  
000017f3  Right_Forward                  
000017ff  Right_Backward                 
0000180b  Move_Forward                   
00001837  Move_Backward                  
00001863  Rotate_Left                    
0000188f  Rotate_Right                   
000018bb  Rotate_Left90                  
000018dd  Rotate_Right90                 
000018ff  Motor_Stop                     
00001919  Compute_Forward_CenteringError 
0000197d  Compute_Backward_CenteringError
00001a11  Align_And_Move_Forward         
00001abb  Align_And_Move_Backward        
00001b6d  SystemCoreClockUpdate          
00001de5  SystemInit                     
00002111  IR_Init                        
00002181  On_IR_Emitter                  
000021a9  Off_IR_Emitter                 
000021d1  Read_IR_Sensor                 
00002237  Get_IR_Sensor_Value            
00002273  Print_IR_Sensor                
000022fd  Clock_Init48MHz                
00002413  Clock_GetFreq                  
00002419  delay                          
00002427  Clock_Delay1us                 
00002451  Clock_Delay1ms                 
000026ad  __aeabi_dsub                   
000026b7  __aeabi_dadd                   
00002863  __aeabi_idiv0                  
00002863  __aeabi_ldiv0                  
00002865  TimerA2_Init                   
000028b9  TA2_0_IRQHandler               
000028b9  TA2_0_IRQHandler               
000028cd  PWM_Duty3                      
000028e1  PWM_Duty4                      
000028f5  PWM_Init34                     
00002ae1  __aeabi_ddiv                   
00002d3d  fputs                          
00002e51  ldexp                          
00002e51  ldexpl                         
00002e51  scalbn                         
00002e51  scalbnl                        
00002f61  aligned_alloc                  
00002f61  memalign                       
00003061  __aeabi_dmul                   
0000315d  free                           
00003241  setvbuf                        
000033d1  Led_Init                       
000033fb  TurnOn_Led                     
00003419  TurnOff_Led                    
00003425  Toggle_Led                     
0000346d  __aeabi_memcpy                 
0000346d  __aeabi_memcpy4                
0000346d  __aeabi_memcpy8                
0000346d  memcpy                         
00003509  __aeabi_uldivmod               
000035a1  fputc                          
000035a1  putc                           
0000362d  __aeabi_cdcmpeq                
0000362d  __aeabi_cdcmple                
000036b3  __aeabi_cdrcmple               
00003739  __aeabi_memclr                 
00003739  __aeabi_memclr4                
00003739  __aeabi_memclr8                
0000373b  __aeabi_memset                 
0000373b  __aeabi_memset4                
0000373b  __aeabi_memset8                
00003741  memset                         
000037b5  __TI_closefile                 
00003909  HOSTrename                     
00003975  HOSTlseek                      
000039dd  __TI_decompress_lzss           
00003a45  printf                         
00003aad  frexp                          
00003aad  frexpl                         
00003b11  fseek                          
00003b75  __TI_wrt_ok                    
00003bd9  HOSTopen                       
00003c39  Switch_Init                    
00003c6d  Read_Switch_Right              
00003c77  Read_Switch_Left               
00003c99  close                          
00003cf5  HOSTread                       
00003d4d  HOSTwrite                      
00003dfb  __TI_ltoa                      
00003ea1  __TI_doflush                   
00003eed  atoi                           
00003f39  exit                           
00003f81  __aeabi_d2iz                   
00003fc9  HOSTclose                      
0000400d  HOSTunlink                     
00004051  __TI_auto_init_nobinit_nopinit 
00004095  getdevice                      
00004119  __TI_writemsg                  
00004147  C$$IO$$                        
00004151  strncpy                        
00004189  __TI_cleanup                   
000041bd  __TI_readmsg                   
000041f1  _c_int00_noargs                
00004225  finddevice                     
00004255  __aeabi_i2d                    
00004285  remove                         
00004285  unlink                         
000042d9  lseek                          
00004301  write                          
00004329  memchr                         
00004349  __TI_zero_init_nomemset        
00004381  memccpy                        
0000439d  copysign                       
0000439d  copysignl                      
000043b7  strcmp                         
000043cf  strchr                         
000043e5  strcpy                         
000043f9  strlen                         
0000440d  wcslen                         
0000441f  __TI_decompress_none           
0000442d  Reset_Handler                  
00004439  ADC14_IRQHandler               
00004439  AES256_IRQHandler              
00004439  BusFault_Handler               
00004439  COMP_E0_IRQHandler             
00004439  COMP_E1_IRQHandler             
00004439  CS_IRQHandler                  
00004439  DMA_ERR_IRQHandler             
00004439  DMA_INT0_IRQHandler            
00004439  DMA_INT1_IRQHandler            
00004439  DMA_INT2_IRQHandler            
00004439  DMA_INT3_IRQHandler            
00004439  DebugMon_Handler               
00004439  Default_Handler                
00004439  EUSCIA0_IRQHandler             
00004439  EUSCIA1_IRQHandler             
00004439  EUSCIA2_IRQHandler             
00004439  EUSCIA3_IRQHandler             
00004439  EUSCIB0_IRQHandler             
00004439  EUSCIB1_IRQHandler             
00004439  EUSCIB2_IRQHandler             
00004439  EUSCIB3_IRQHandler             
00004439  FLCTL_IRQHandler               
00004439  FPU_IRQHandler                 
00004439  HardFault_Handler              
00004439  MemManage_Handler              
00004439  NMI_Handler                    
00004439  PCM_IRQHandler                 
00004439  PORT1_IRQHandler               
00004439  PORT2_IRQHandler               
00004439  PORT3_IRQHandler               
00004439  PORT4_IRQHandler               
00004439  PORT5_IRQHandler               
00004439  PORT6_IRQHandler               
00004439  PSS_IRQHandler                 
00004439  PendSV_Handler                 
00004439  RTC_C_IRQHandler               
00004439  SVC_Handler                    
00004439  SysTick_Handler                
00004439  T32_INT1_IRQHandler            
00004439  T32_INT2_IRQHandler            
00004439  T32_INTC_IRQHandler            
00004439  TA0_0_IRQHandler               
00004439  TA0_N_IRQHandler               
00004439  TA1_0_IRQHandler               
00004439  TA1_N_IRQHandler               
00004439  TA2_N_IRQHandler               
00004439  TA3_0_IRQHandler               
00004439  TA3_N_IRQHandler               
00004439  UsageFault_Handler             
00004439  WDT_A_IRQHandler               
0000443d  __aeabi_errno_addr             
00004445  malloc                         
00004455  _system_pre_init               
00004459  C$$EXIT                        
00004459  abort                          
0000445c  _ctypes_                       
00004654  __TI_Handler_Table_Base        
00004660  __TI_Handler_Table_Limit       
00004668  __TI_CINIT_Base                
00004678  __TI_CINIT_Limit               
20000000  __start___llvm_prf_cnts        
20000000  __stop___llvm_prf_cnts         
20000000  _sys_memory                    
20000400  node_map                       
20000500  _ftable                        
200005f0  _device                        
20000668  _stream                        
200006b8  ClockFrequency                 
200006bc  Prewait                        
200006c0  CPMwait                        
200006c4  Postwait                       
200006c8  IFlags                         
200006cc  Crystalstable                  
200006d0  __TI_ft_end                    
200006d4  __aeabi_stdin                  
200006d8  __aeabi_stdout                 
200006dc  __aeabi_stderr                 
200006e0  __TI_cleanup_ptr               
200006e4  __TI_dtors_ptr                 
200006e8  __TI_enable_exit_profile_output
200006ec  _lock                          
200006f0  _unlock                        
200006fc  top                            
20000700  backtrack_count                
20000704  TimerA2Task                    
20000708  errno                          
2000070c  SystemCoreClock                
20000710  __CIOBUF_                      
20000830  __TI_tmpnams                   
200008d0  dir_stack                      
20000950  node_stack                     
200009d0  parmbuf                        
200009d8  sensors                        
200009e0  type                           
2000fe00  __stack                        
20010000  __STACK_END                    
4000480c  WDTCTL_SYM                     
ffffffff  __TI_pprof_out_hndl            
ffffffff  __TI_prof_data_size            
ffffffff  __TI_prof_data_start           
ffffffff  __binit__                      
ffffffff  __c_args__                     
ffffffff  binit                          
UNDEFED   __mpu_init                     
UNDEFED   _system_post_cinit             

[242 symbols]
