<?xml version="1.0" encoding="ISO-8859-1" ?>
<link_info>
   <banner>TI ARM Linker PC v20.2.7.LTS</banner>
   <copyright>Copyright (c) 1996-2018 Texas Instruments Incorporated</copyright>
   <link_time>0x685350f0</link_time>
   <link_errors>0x0</link_errors>
   <output_file>Week8.out</output_file>
   <entry_point>
      <name>_c_int00_noargs</name>
      <address>0x41f1</address>
   </entry_point>
   <input_file_list>
      <input_file id="fl-2">
         <path>.\</path>
         <kind>object</kind>
         <file>main.obj</file>
         <name>main.obj</name>
      </input_file>
      <input_file id="fl-3">
         <path>.\</path>
         <kind>object</kind>
         <file>startup_msp432p401r_ccs.obj</file>
         <name>startup_msp432p401r_ccs.obj</name>
      </input_file>
      <input_file id="fl-4">
         <path>.\</path>
         <kind>object</kind>
         <file>system_msp432p401r.obj</file>
         <name>system_msp432p401r.obj</name>
      </input_file>
      <input_file id="fl-5">
         <path>.\Helpers\</path>
         <kind>object</kind>
         <file>Clock.obj</file>
         <name>Clock.obj</name>
      </input_file>
      <input_file id="fl-6">
         <path>.\Helpers\</path>
         <kind>object</kind>
         <file>IR.obj</file>
         <name>IR.obj</name>
      </input_file>
      <input_file id="fl-7">
         <path>.\Helpers\</path>
         <kind>object</kind>
         <file>Led.obj</file>
         <name>Led.obj</name>
      </input_file>
      <input_file id="fl-8">
         <path>.\Helpers\</path>
         <kind>object</kind>
         <file>Motor.obj</file>
         <name>Motor.obj</name>
      </input_file>
      <input_file id="fl-9">
         <path>.\Helpers\</path>
         <kind>object</kind>
         <file>Switch.obj</file>
         <name>Switch.obj</name>
      </input_file>
      <input_file id="fl-a">
         <path>.\Helpers\</path>
         <kind>object</kind>
         <file>SysTick.obj</file>
         <name>SysTick.obj</name>
      </input_file>
      <input_file id="fl-b">
         <path>.\Helpers\</path>
         <kind>object</kind>
         <file>Timer.obj</file>
         <name>Timer.obj</name>
      </input_file>
      <input_file id="fl-f">
         <kind>object</kind>
         <file>&lt;internal&gt;</file>
         <name>&lt;internal&gt;</name>
      </input_file>
      <input_file id="fl-c5">
         <path>C:\ti\ccs1270\ccs\tools\compiler\ti-cgt-arm_20.2.7.LTS\lib\</path>
         <kind>archive</kind>
         <file>rtsv7M4_T_le_v4SPD16_eabi.lib</file>
         <name>printf.c.obj</name>
      </input_file>
      <input_file id="fl-c6">
         <path>C:\ti\ccs1270\ccs\tools\compiler\ti-cgt-arm_20.2.7.LTS\lib\</path>
         <kind>archive</kind>
         <file>rtsv7M4_T_le_v4SPD16_eabi.lib</file>
         <name>_printfi.c.obj</name>
      </input_file>
      <input_file id="fl-c7">
         <path>C:\ti\ccs1270\ccs\tools\compiler\ti-cgt-arm_20.2.7.LTS\lib\</path>
         <kind>archive</kind>
         <file>rtsv7M4_T_le_v4SPD16_eabi.lib</file>
         <name>fputc.c.obj</name>
      </input_file>
      <input_file id="fl-c8">
         <path>C:\ti\ccs1270\ccs\tools\compiler\ti-cgt-arm_20.2.7.LTS\lib\</path>
         <kind>archive</kind>
         <file>rtsv7M4_T_le_v4SPD16_eabi.lib</file>
         <name>fputs.c.obj</name>
      </input_file>
      <input_file id="fl-c9">
         <path>C:\ti\ccs1270\ccs\tools\compiler\ti-cgt-arm_20.2.7.LTS\lib\</path>
         <kind>archive</kind>
         <file>rtsv7M4_T_le_v4SPD16_eabi.lib</file>
         <name>_io_perm.c.obj</name>
      </input_file>
      <input_file id="fl-ca">
         <path>C:\ti\ccs1270\ccs\tools\compiler\ti-cgt-arm_20.2.7.LTS\lib\</path>
         <kind>archive</kind>
         <file>rtsv7M4_T_le_v4SPD16_eabi.lib</file>
         <name>setvbuf.c.obj</name>
      </input_file>
      <input_file id="fl-cb">
         <path>C:\ti\ccs1270\ccs\tools\compiler\ti-cgt-arm_20.2.7.LTS\lib\</path>
         <kind>archive</kind>
         <file>rtsv7M4_T_le_v4SPD16_eabi.lib</file>
         <name>fd_add_t2.asm.obj</name>
      </input_file>
      <input_file id="fl-cc">
         <path>C:\ti\ccs1270\ccs\tools\compiler\ti-cgt-arm_20.2.7.LTS\lib\</path>
         <kind>archive</kind>
         <file>rtsv7M4_T_le_v4SPD16_eabi.lib</file>
         <name>fd_cmp_t2.asm.obj</name>
      </input_file>
      <input_file id="fl-cd">
         <path>C:\ti\ccs1270\ccs\tools\compiler\ti-cgt-arm_20.2.7.LTS\lib\</path>
         <kind>archive</kind>
         <file>rtsv7M4_T_le_v4SPD16_eabi.lib</file>
         <name>fd_div_t2.asm.obj</name>
      </input_file>
      <input_file id="fl-ce">
         <path>C:\ti\ccs1270\ccs\tools\compiler\ti-cgt-arm_20.2.7.LTS\lib\</path>
         <kind>archive</kind>
         <file>rtsv7M4_T_le_v4SPD16_eabi.lib</file>
         <name>fd_mul_t2.asm.obj</name>
      </input_file>
      <input_file id="fl-cf">
         <path>C:\ti\ccs1270\ccs\tools\compiler\ti-cgt-arm_20.2.7.LTS\lib\</path>
         <kind>archive</kind>
         <file>rtsv7M4_T_le_v4SPD16_eabi.lib</file>
         <name>fd_toi_t2.asm.obj</name>
      </input_file>
      <input_file id="fl-d0">
         <path>C:\ti\ccs1270\ccs\tools\compiler\ti-cgt-arm_20.2.7.LTS\lib\</path>
         <kind>archive</kind>
         <file>rtsv7M4_T_le_v4SPD16_eabi.lib</file>
         <name>i_tofd_t2.asm.obj</name>
      </input_file>
      <input_file id="fl-d1">
         <path>C:\ti\ccs1270\ccs\tools\compiler\ti-cgt-arm_20.2.7.LTS\lib\</path>
         <kind>archive</kind>
         <file>rtsv7M4_T_le_v4SPD16_eabi.lib</file>
         <name>memcpy_t2.asm.obj</name>
      </input_file>
      <input_file id="fl-d2">
         <path>C:\ti\ccs1270\ccs\tools\compiler\ti-cgt-arm_20.2.7.LTS\lib\</path>
         <kind>archive</kind>
         <file>rtsv7M4_T_le_v4SPD16_eabi.lib</file>
         <name>memset_t2.asm.obj</name>
      </input_file>
      <input_file id="fl-d3">
         <path>C:\ti\ccs1270\ccs\tools\compiler\ti-cgt-arm_20.2.7.LTS\lib\</path>
         <kind>archive</kind>
         <file>rtsv7M4_T_le_v4SPD16_eabi.lib</file>
         <name>ull_div_t2.asm.obj</name>
      </input_file>
      <input_file id="fl-d4">
         <path>C:\ti\ccs1270\ccs\tools\compiler\ti-cgt-arm_20.2.7.LTS\lib\</path>
         <kind>archive</kind>
         <file>rtsv7M4_T_le_v4SPD16_eabi.lib</file>
         <name>copy_zero_init.c.obj</name>
      </input_file>
      <input_file id="fl-d5">
         <path>C:\ti\ccs1270\ccs\tools\compiler\ti-cgt-arm_20.2.7.LTS\lib\</path>
         <kind>archive</kind>
         <file>rtsv7M4_T_le_v4SPD16_eabi.lib</file>
         <name>copy_decompress_none.c.obj</name>
      </input_file>
      <input_file id="fl-d6">
         <path>C:\ti\ccs1270\ccs\tools\compiler\ti-cgt-arm_20.2.7.LTS\lib\</path>
         <kind>archive</kind>
         <file>rtsv7M4_T_le_v4SPD16_eabi.lib</file>
         <name>copy_decompress_lzss.c.obj</name>
      </input_file>
      <input_file id="fl-d7">
         <path>C:\ti\ccs1270\ccs\tools\compiler\ti-cgt-arm_20.2.7.LTS\lib\</path>
         <kind>archive</kind>
         <file>rtsv7M4_T_le_v4SPD16_eabi.lib</file>
         <name>exit.c.obj</name>
      </input_file>
      <input_file id="fl-d8">
         <path>C:\ti\ccs1270\ccs\tools\compiler\ti-cgt-arm_20.2.7.LTS\lib\</path>
         <kind>archive</kind>
         <file>rtsv7M4_T_le_v4SPD16_eabi.lib</file>
         <name>_lock.c.obj</name>
      </input_file>
      <input_file id="fl-d9">
         <path>C:\ti\ccs1270\ccs\tools\compiler\ti-cgt-arm_20.2.7.LTS\lib\</path>
         <kind>archive</kind>
         <file>rtsv7M4_T_le_v4SPD16_eabi.lib</file>
         <name>_ltoa.c.obj</name>
      </input_file>
      <input_file id="fl-da">
         <path>C:\ti\ccs1270\ccs\tools\compiler\ti-cgt-arm_20.2.7.LTS\lib\</path>
         <kind>archive</kind>
         <file>rtsv7M4_T_le_v4SPD16_eabi.lib</file>
         <name>atoi.c.obj</name>
      </input_file>
      <input_file id="fl-db">
         <path>C:\ti\ccs1270\ccs\tools\compiler\ti-cgt-arm_20.2.7.LTS\lib\</path>
         <kind>archive</kind>
         <file>rtsv7M4_T_le_v4SPD16_eabi.lib</file>
         <name>ctype.c.obj</name>
      </input_file>
      <input_file id="fl-dc">
         <path>C:\ti\ccs1270\ccs\tools\compiler\ti-cgt-arm_20.2.7.LTS\lib\</path>
         <kind>archive</kind>
         <file>rtsv7M4_T_le_v4SPD16_eabi.lib</file>
         <name>defs.c.obj</name>
      </input_file>
      <input_file id="fl-dd">
         <path>C:\ti\ccs1270\ccs\tools\compiler\ti-cgt-arm_20.2.7.LTS\lib\</path>
         <kind>archive</kind>
         <file>rtsv7M4_T_le_v4SPD16_eabi.lib</file>
         <name>memccpy.c.obj</name>
      </input_file>
      <input_file id="fl-de">
         <path>C:\ti\ccs1270\ccs\tools\compiler\ti-cgt-arm_20.2.7.LTS\lib\</path>
         <kind>archive</kind>
         <file>rtsv7M4_T_le_v4SPD16_eabi.lib</file>
         <name>memchr.c.obj</name>
      </input_file>
      <input_file id="fl-df">
         <path>C:\ti\ccs1270\ccs\tools\compiler\ti-cgt-arm_20.2.7.LTS\lib\</path>
         <kind>archive</kind>
         <file>rtsv7M4_T_le_v4SPD16_eabi.lib</file>
         <name>memory.c.obj</name>
      </input_file>
      <input_file id="fl-e0">
         <path>C:\ti\ccs1270\ccs\tools\compiler\ti-cgt-arm_20.2.7.LTS\lib\</path>
         <kind>archive</kind>
         <file>rtsv7M4_T_le_v4SPD16_eabi.lib</file>
         <name>strchr.c.obj</name>
      </input_file>
      <input_file id="fl-e1">
         <path>C:\ti\ccs1270\ccs\tools\compiler\ti-cgt-arm_20.2.7.LTS\lib\</path>
         <kind>archive</kind>
         <file>rtsv7M4_T_le_v4SPD16_eabi.lib</file>
         <name>strlen.c.obj</name>
      </input_file>
      <input_file id="fl-e2">
         <path>C:\ti\ccs1270\ccs\tools\compiler\ti-cgt-arm_20.2.7.LTS\lib\</path>
         <kind>archive</kind>
         <file>rtsv7M4_T_le_v4SPD16_eabi.lib</file>
         <name>boot_cortex_m.c.obj</name>
      </input_file>
      <input_file id="fl-e3">
         <path>C:\ti\ccs1270\ccs\tools\compiler\ti-cgt-arm_20.2.7.LTS\lib\</path>
         <kind>archive</kind>
         <file>rtsv7M4_T_le_v4SPD16_eabi.lib</file>
         <name>write.c.obj</name>
      </input_file>
      <input_file id="fl-e4">
         <path>C:\ti\ccs1270\ccs\tools\compiler\ti-cgt-arm_20.2.7.LTS\lib\</path>
         <kind>archive</kind>
         <file>rtsv7M4_T_le_v4SPD16_eabi.lib</file>
         <name>host_device.c.obj</name>
      </input_file>
      <input_file id="fl-e5">
         <path>C:\ti\ccs1270\ccs\tools\compiler\ti-cgt-arm_20.2.7.LTS\lib\</path>
         <kind>archive</kind>
         <file>rtsv7M4_T_le_v4SPD16_eabi.lib</file>
         <name>errno.c.obj</name>
      </input_file>
      <input_file id="fl-e6">
         <path>C:\ti\ccs1270\ccs\tools\compiler\ti-cgt-arm_20.2.7.LTS\lib\</path>
         <kind>archive</kind>
         <file>rtsv7M4_T_le_v4SPD16_eabi.lib</file>
         <name>wcslen.c.obj</name>
      </input_file>
      <input_file id="fl-e7">
         <path>C:\ti\ccs1270\ccs\tools\compiler\ti-cgt-arm_20.2.7.LTS\lib\</path>
         <kind>archive</kind>
         <file>rtsv7M4_T_le_v4SPD16_eabi.lib</file>
         <name>s_frexp.c.obj</name>
      </input_file>
      <input_file id="fl-e8">
         <path>C:\ti\ccs1270\ccs\tools\compiler\ti-cgt-arm_20.2.7.LTS\lib\</path>
         <kind>archive</kind>
         <file>rtsv7M4_T_le_v4SPD16_eabi.lib</file>
         <name>s_scalbn.c.obj</name>
      </input_file>
      <input_file id="fl-e9">
         <path>C:\ti\ccs1270\ccs\tools\compiler\ti-cgt-arm_20.2.7.LTS\lib\</path>
         <kind>archive</kind>
         <file>rtsv7M4_T_le_v4SPD16_eabi.lib</file>
         <name>fflush.c.obj</name>
      </input_file>
      <input_file id="fl-ea">
         <path>C:\ti\ccs1270\ccs\tools\compiler\ti-cgt-arm_20.2.7.LTS\lib\</path>
         <kind>archive</kind>
         <file>rtsv7M4_T_le_v4SPD16_eabi.lib</file>
         <name>fopen.c.obj</name>
      </input_file>
      <input_file id="fl-eb">
         <path>C:\ti\ccs1270\ccs\tools\compiler\ti-cgt-arm_20.2.7.LTS\lib\</path>
         <kind>archive</kind>
         <file>rtsv7M4_T_le_v4SPD16_eabi.lib</file>
         <name>fseek.c.obj</name>
      </input_file>
      <input_file id="fl-ec">
         <path>C:\ti\ccs1270\ccs\tools\compiler\ti-cgt-arm_20.2.7.LTS\lib\</path>
         <kind>archive</kind>
         <file>rtsv7M4_T_le_v4SPD16_eabi.lib</file>
         <name>div0.asm.obj</name>
      </input_file>
      <input_file id="fl-ed">
         <path>C:\ti\ccs1270\ccs\tools\compiler\ti-cgt-arm_20.2.7.LTS\lib\</path>
         <kind>archive</kind>
         <file>rtsv7M4_T_le_v4SPD16_eabi.lib</file>
         <name>autoinit.c.obj</name>
      </input_file>
      <input_file id="fl-ee">
         <path>C:\ti\ccs1270\ccs\tools\compiler\ti-cgt-arm_20.2.7.LTS\lib\</path>
         <kind>archive</kind>
         <file>rtsv7M4_T_le_v4SPD16_eabi.lib</file>
         <name>pre_init.c.obj</name>
      </input_file>
      <input_file id="fl-ef">
         <path>C:\ti\ccs1270\ccs\tools\compiler\ti-cgt-arm_20.2.7.LTS\lib\</path>
         <kind>archive</kind>
         <file>rtsv7M4_T_le_v4SPD16_eabi.lib</file>
         <name>cpy_tbl.c.obj</name>
      </input_file>
      <input_file id="fl-f0">
         <path>C:\ti\ccs1270\ccs\tools\compiler\ti-cgt-arm_20.2.7.LTS\lib\</path>
         <kind>archive</kind>
         <file>rtsv7M4_T_le_v4SPD16_eabi.lib</file>
         <name>args_main.c.obj</name>
      </input_file>
      <input_file id="fl-f1">
         <path>C:\ti\ccs1270\ccs\tools\compiler\ti-cgt-arm_20.2.7.LTS\lib\</path>
         <kind>archive</kind>
         <file>rtsv7M4_T_le_v4SPD16_eabi.lib</file>
         <name>hostclose.c.obj</name>
      </input_file>
      <input_file id="fl-f2">
         <path>C:\ti\ccs1270\ccs\tools\compiler\ti-cgt-arm_20.2.7.LTS\lib\</path>
         <kind>archive</kind>
         <file>rtsv7M4_T_le_v4SPD16_eabi.lib</file>
         <name>hostlseek.c.obj</name>
      </input_file>
      <input_file id="fl-f3">
         <path>C:\ti\ccs1270\ccs\tools\compiler\ti-cgt-arm_20.2.7.LTS\lib\</path>
         <kind>archive</kind>
         <file>rtsv7M4_T_le_v4SPD16_eabi.lib</file>
         <name>hostopen.c.obj</name>
      </input_file>
      <input_file id="fl-f4">
         <path>C:\ti\ccs1270\ccs\tools\compiler\ti-cgt-arm_20.2.7.LTS\lib\</path>
         <kind>archive</kind>
         <file>rtsv7M4_T_le_v4SPD16_eabi.lib</file>
         <name>hostread.c.obj</name>
      </input_file>
      <input_file id="fl-f5">
         <path>C:\ti\ccs1270\ccs\tools\compiler\ti-cgt-arm_20.2.7.LTS\lib\</path>
         <kind>archive</kind>
         <file>rtsv7M4_T_le_v4SPD16_eabi.lib</file>
         <name>hostrename.c.obj</name>
      </input_file>
      <input_file id="fl-f6">
         <path>C:\ti\ccs1270\ccs\tools\compiler\ti-cgt-arm_20.2.7.LTS\lib\</path>
         <kind>archive</kind>
         <file>rtsv7M4_T_le_v4SPD16_eabi.lib</file>
         <name>hostunlink.c.obj</name>
      </input_file>
      <input_file id="fl-f7">
         <path>C:\ti\ccs1270\ccs\tools\compiler\ti-cgt-arm_20.2.7.LTS\lib\</path>
         <kind>archive</kind>
         <file>rtsv7M4_T_le_v4SPD16_eabi.lib</file>
         <name>hostwrite.c.obj</name>
      </input_file>
      <input_file id="fl-f8">
         <path>C:\ti\ccs1270\ccs\tools\compiler\ti-cgt-arm_20.2.7.LTS\lib\</path>
         <kind>archive</kind>
         <file>rtsv7M4_T_le_v4SPD16_eabi.lib</file>
         <name>trgmsg.c.obj</name>
      </input_file>
      <input_file id="fl-f9">
         <path>C:\ti\ccs1270\ccs\tools\compiler\ti-cgt-arm_20.2.7.LTS\lib\</path>
         <kind>archive</kind>
         <file>rtsv7M4_T_le_v4SPD16_eabi.lib</file>
         <name>open.c.obj</name>
      </input_file>
      <input_file id="fl-fa">
         <path>C:\ti\ccs1270\ccs\tools\compiler\ti-cgt-arm_20.2.7.LTS\lib\</path>
         <kind>archive</kind>
         <file>rtsv7M4_T_le_v4SPD16_eabi.lib</file>
         <name>lseek.c.obj</name>
      </input_file>
      <input_file id="fl-fb">
         <path>C:\ti\ccs1270\ccs\tools\compiler\ti-cgt-arm_20.2.7.LTS\lib\</path>
         <kind>archive</kind>
         <file>rtsv7M4_T_le_v4SPD16_eabi.lib</file>
         <name>s_copysign.c.obj</name>
      </input_file>
      <input_file id="fl-fc">
         <path>C:\ti\ccs1270\ccs\tools\compiler\ti-cgt-arm_20.2.7.LTS\lib\</path>
         <kind>archive</kind>
         <file>rtsv7M4_T_le_v4SPD16_eabi.lib</file>
         <name>fclose.c.obj</name>
      </input_file>
      <input_file id="fl-fd">
         <path>C:\ti\ccs1270\ccs\tools\compiler\ti-cgt-arm_20.2.7.LTS\lib\</path>
         <kind>archive</kind>
         <file>rtsv7M4_T_le_v4SPD16_eabi.lib</file>
         <name>getdevice.c.obj</name>
      </input_file>
      <input_file id="fl-fe">
         <path>C:\ti\ccs1270\ccs\tools\compiler\ti-cgt-arm_20.2.7.LTS\lib\</path>
         <kind>archive</kind>
         <file>rtsv7M4_T_le_v4SPD16_eabi.lib</file>
         <name>strcmp.c.obj</name>
      </input_file>
      <input_file id="fl-ff">
         <path>C:\ti\ccs1270\ccs\tools\compiler\ti-cgt-arm_20.2.7.LTS\lib\</path>
         <kind>archive</kind>
         <file>rtsv7M4_T_le_v4SPD16_eabi.lib</file>
         <name>strcpy.c.obj</name>
      </input_file>
      <input_file id="fl-100">
         <path>C:\ti\ccs1270\ccs\tools\compiler\ti-cgt-arm_20.2.7.LTS\lib\</path>
         <kind>archive</kind>
         <file>rtsv7M4_T_le_v4SPD16_eabi.lib</file>
         <name>strncpy.c.obj</name>
      </input_file>
      <input_file id="fl-101">
         <path>C:\ti\ccs1270\ccs\tools\compiler\ti-cgt-arm_20.2.7.LTS\lib\</path>
         <kind>archive</kind>
         <file>rtsv7M4_T_le_v4SPD16_eabi.lib</file>
         <name>remove.c.obj</name>
      </input_file>
      <input_file id="fl-102">
         <path>C:\ti\ccs1270\ccs\tools\compiler\ti-cgt-arm_20.2.7.LTS\lib\</path>
         <kind>archive</kind>
         <file>rtsv7M4_T_le_v4SPD16_eabi.lib</file>
         <name>close.c.obj</name>
      </input_file>
      <input_file id="fl-103">
         <path>C:\ti\ccs1270\ccs\tools\compiler\ti-cgt-arm_20.2.7.LTS\lib\</path>
         <kind>archive</kind>
         <file>rtsv7M4_T_le_v4SPD16_eabi.lib</file>
         <name>unlink.c.obj</name>
      </input_file>
   </input_file_list>
   <object_component_list>
      <object_component id="oc-26">
         <name>.intvecs:retain</name>
         <load_address>0x0</load_address>
         <run_address>0x0</run_address>
         <size>0xe4</size>
         <input_file_ref idref="fl-3"/>
      </object_component>
      <object_component id="oc-a0">
         <name>.text</name>
         <load_address>0xe4</load_address>
         <run_address>0xe4</run_address>
         <size>0xbf8</size>
         <input_file_ref idref="fl-2"/>
      </object_component>
      <object_component id="oc-1a9">
         <name>.text:__TI_printfi</name>
         <load_address>0xcdc</load_address>
         <run_address>0xcdc</run_address>
         <size>0xa4e</size>
         <input_file_ref idref="fl-c6"/>
      </object_component>
      <object_component id="oc-1d6">
         <name>.text:_nop</name>
         <load_address>0x172a</load_address>
         <run_address>0x172a</run_address>
         <size>0x2</size>
         <input_file_ref idref="fl-d8"/>
      </object_component>
      <object_component id="oc-fb">
         <name>.text</name>
         <load_address>0x172c</load_address>
         <run_address>0x172c</run_address>
         <size>0x440</size>
         <input_file_ref idref="fl-8"/>
      </object_component>
      <object_component id="oc-b2">
         <name>.text</name>
         <load_address>0x1b6c</load_address>
         <run_address>0x1b6c</run_address>
         <size>0x334</size>
         <input_file_ref idref="fl-4"/>
      </object_component>
      <object_component id="oc-21e">
         <name>.text:_pconv_a</name>
         <load_address>0x1ea0</load_address>
         <run_address>0x1ea0</run_address>
         <size>0x270</size>
         <input_file_ref idref="fl-c6"/>
      </object_component>
      <object_component id="oc-e6">
         <name>.text</name>
         <load_address>0x2110</load_address>
         <run_address>0x2110</run_address>
         <size>0x1ec</size>
         <input_file_ref idref="fl-6"/>
      </object_component>
      <object_component id="oc-f2">
         <name>.text</name>
         <load_address>0x22fc</load_address>
         <run_address>0x22fc</run_address>
         <size>0x1e0</size>
         <input_file_ref idref="fl-5"/>
      </object_component>
      <object_component id="oc-20c">
         <name>.text:_pconv_g</name>
         <load_address>0x24dc</load_address>
         <run_address>0x24dc</run_address>
         <size>0x1d0</size>
         <input_file_ref idref="fl-c6"/>
      </object_component>
      <object_component id="oc-297">
         <name>.text</name>
         <load_address>0x26ac</load_address>
         <run_address>0x26ac</run_address>
         <size>0x1b6</size>
         <input_file_ref idref="fl-cb"/>
      </object_component>
      <object_component id="oc-30e">
         <name>.text</name>
         <load_address>0x2862</load_address>
         <run_address>0x2862</run_address>
         <size>0x2</size>
         <input_file_ref idref="fl-ec"/>
      </object_component>
      <object_component id="oc-70">
         <name>.text</name>
         <load_address>0x2864</load_address>
         <run_address>0x2864</run_address>
         <size>0x140</size>
         <input_file_ref idref="fl-b"/>
      </object_component>
      <object_component id="oc-218">
         <name>.text:_pconv_e</name>
         <load_address>0x29a4</load_address>
         <run_address>0x29a4</run_address>
         <size>0x13c</size>
         <input_file_ref idref="fl-c6"/>
      </object_component>
      <object_component id="oc-27d">
         <name>.text</name>
         <load_address>0x2ae0</load_address>
         <run_address>0x2ae0</run_address>
         <size>0x136</size>
         <input_file_ref idref="fl-cd"/>
      </object_component>
      <object_component id="oc-2a9">
         <name>.text:fcvt</name>
         <load_address>0x2c18</load_address>
         <run_address>0x2c18</run_address>
         <size>0x124</size>
         <input_file_ref idref="fl-c6"/>
      </object_component>
      <object_component id="oc-246">
         <name>.text:fputs</name>
         <load_address>0x2d3c</load_address>
         <run_address>0x2d3c</run_address>
         <size>0x114</size>
         <input_file_ref idref="fl-c8"/>
      </object_component>
      <object_component id="oc-2bd">
         <name>.text:scalbn</name>
         <load_address>0x2e50</load_address>
         <run_address>0x2e50</run_address>
         <size>0x110</size>
         <input_file_ref idref="fl-e8"/>
      </object_component>
      <object_component id="oc-3b9">
         <name>.text:aligned_alloc</name>
         <load_address>0x2f60</load_address>
         <run_address>0x2f60</run_address>
         <size>0x100</size>
         <input_file_ref idref="fl-df"/>
      </object_component>
      <object_component id="oc-278">
         <name>.text</name>
         <load_address>0x3060</load_address>
         <run_address>0x3060</run_address>
         <size>0xfc</size>
         <input_file_ref idref="fl-ce"/>
      </object_component>
      <object_component id="oc-377">
         <name>.text:free</name>
         <load_address>0x315c</load_address>
         <run_address>0x315c</run_address>
         <size>0xe4</size>
         <input_file_ref idref="fl-df"/>
      </object_component>
      <object_component id="oc-349">
         <name>.text:setvbuf</name>
         <load_address>0x3240</load_address>
         <run_address>0x3240</run_address>
         <size>0xdc</size>
         <input_file_ref idref="fl-ca"/>
      </object_component>
      <object_component id="oc-201">
         <name>.text:_ltostr</name>
         <load_address>0x331c</load_address>
         <run_address>0x331c</run_address>
         <size>0xb1</size>
         <input_file_ref idref="fl-c6"/>
      </object_component>
      <object_component id="oc-ec">
         <name>.text</name>
         <load_address>0x33d0</load_address>
         <run_address>0x33d0</run_address>
         <size>0x9c</size>
         <input_file_ref idref="fl-7"/>
      </object_component>
      <object_component id="oc-3a">
         <name>.text</name>
         <load_address>0x346c</load_address>
         <run_address>0x346c</run_address>
         <size>0x9c</size>
         <input_file_ref idref="fl-d1"/>
      </object_component>
      <object_component id="oc-271">
         <name>.text</name>
         <load_address>0x3508</load_address>
         <run_address>0x3508</run_address>
         <size>0x96</size>
         <input_file_ref idref="fl-d3"/>
      </object_component>
      <object_component id="oc-24d">
         <name>.text:fputc</name>
         <load_address>0x35a0</load_address>
         <run_address>0x35a0</run_address>
         <size>0x8c</size>
         <input_file_ref idref="fl-c7"/>
      </object_component>
      <object_component id="oc-207">
         <name>.text:__aeabi_cdcmple</name>
         <load_address>0x362c</load_address>
         <run_address>0x362c</run_address>
         <size>0x86</size>
         <input_file_ref idref="fl-cc"/>
      </object_component>
      <object_component id="oc-282">
         <name>.text:__aeabi_cdrcmple</name>
         <load_address>0x36b2</load_address>
         <run_address>0x36b2</run_address>
         <size>0x86</size>
         <input_file_ref idref="fl-cc"/>
      </object_component>
      <object_component id="oc-94">
         <name>.text</name>
         <load_address>0x3738</load_address>
         <run_address>0x3738</run_address>
         <size>0x7a</size>
         <input_file_ref idref="fl-d2"/>
      </object_component>
      <object_component id="oc-3c0">
         <name>.text:__TI_closefile</name>
         <load_address>0x37b4</load_address>
         <run_address>0x37b4</run_address>
         <size>0x74</size>
         <input_file_ref idref="fl-fc"/>
      </object_component>
      <object_component id="oc-401">
         <name>.text:split</name>
         <load_address>0x3828</load_address>
         <run_address>0x3828</run_address>
         <size>0x70</size>
         <input_file_ref idref="fl-df"/>
      </object_component>
      <object_component id="oc-2a2">
         <name>.text:_mcpy</name>
         <load_address>0x3898</load_address>
         <run_address>0x3898</run_address>
         <size>0x6e</size>
         <input_file_ref idref="fl-c6"/>
      </object_component>
      <object_component id="oc-3f0">
         <name>.text:HOSTrename</name>
         <load_address>0x3908</load_address>
         <run_address>0x3908</run_address>
         <size>0x6c</size>
         <input_file_ref idref="fl-f5"/>
      </object_component>
      <object_component id="oc-3e4">
         <name>.text:HOSTlseek</name>
         <load_address>0x3974</load_address>
         <run_address>0x3974</run_address>
         <size>0x68</size>
         <input_file_ref idref="fl-f2"/>
      </object_component>
      <object_component id="oc-17">
         <name>.text:decompress:lzss:__TI_decompress_lzss</name>
         <load_address>0x39dc</load_address>
         <run_address>0x39dc</run_address>
         <size>0x68</size>
         <input_file_ref idref="fl-d6"/>
      </object_component>
      <object_component id="oc-16b">
         <name>.text:printf</name>
         <load_address>0x3a44</load_address>
         <run_address>0x3a44</run_address>
         <size>0x68</size>
         <input_file_ref idref="fl-c5"/>
      </object_component>
      <object_component id="oc-2b7">
         <name>.text:frexp</name>
         <load_address>0x3aac</load_address>
         <run_address>0x3aac</run_address>
         <size>0x64</size>
         <input_file_ref idref="fl-e7"/>
      </object_component>
      <object_component id="oc-343">
         <name>.text:fseek</name>
         <load_address>0x3b10</load_address>
         <run_address>0x3b10</run_address>
         <size>0x64</size>
         <input_file_ref idref="fl-eb"/>
      </object_component>
      <object_component id="oc-2eb">
         <name>.text:__TI_wrt_ok</name>
         <load_address>0x3b74</load_address>
         <run_address>0x3b74</run_address>
         <size>0x62</size>
         <input_file_ref idref="fl-c9"/>
      </object_component>
      <object_component id="oc-3cc">
         <name>.text:HOSTopen</name>
         <load_address>0x3bd8</load_address>
         <run_address>0x3bd8</run_address>
         <size>0x60</size>
         <input_file_ref idref="fl-f3"/>
      </object_component>
      <object_component id="oc-10a">
         <name>.text</name>
         <load_address>0x3c38</load_address>
         <run_address>0x3c38</run_address>
         <size>0x60</size>
         <input_file_ref idref="fl-9"/>
      </object_component>
      <object_component id="oc-408">
         <name>.text:close</name>
         <load_address>0x3c98</load_address>
         <run_address>0x3c98</run_address>
         <size>0x5c</size>
         <input_file_ref idref="fl-102"/>
      </object_component>
      <object_component id="oc-3d8">
         <name>.text:HOSTread</name>
         <load_address>0x3cf4</load_address>
         <run_address>0x3cf4</run_address>
         <size>0x58</size>
         <input_file_ref idref="fl-f4"/>
      </object_component>
      <object_component id="oc-3de">
         <name>.text:HOSTwrite</name>
         <load_address>0x3d4c</load_address>
         <run_address>0x3d4c</run_address>
         <size>0x58</size>
         <input_file_ref idref="fl-f7"/>
      </object_component>
      <object_component id="oc-212">
         <name>.text:_pconv_f</name>
         <load_address>0x3da4</load_address>
         <run_address>0x3da4</run_address>
         <size>0x56</size>
         <input_file_ref idref="fl-c6"/>
      </object_component>
      <object_component id="oc-28c">
         <name>.text:__TI_ltoa</name>
         <load_address>0x3dfa</load_address>
         <run_address>0x3dfa</run_address>
         <size>0x54</size>
         <input_file_ref idref="fl-d9"/>
      </object_component>
      <object_component id="oc-29c">
         <name>.text:_ecpy</name>
         <load_address>0x3e4e</load_address>
         <run_address>0x3e4e</run_address>
         <size>0x52</size>
         <input_file_ref idref="fl-c6"/>
      </object_component>
      <object_component id="oc-2f7">
         <name>.text:__TI_doflush</name>
         <load_address>0x3ea0</load_address>
         <run_address>0x3ea0</run_address>
         <size>0x4c</size>
         <input_file_ref idref="fl-e9"/>
      </object_component>
      <object_component id="oc-1fb">
         <name>.text:atoi</name>
         <load_address>0x3eec</load_address>
         <run_address>0x3eec</run_address>
         <size>0x4c</size>
         <input_file_ref idref="fl-da"/>
      </object_component>
      <object_component id="oc-11c">
         <name>.text:exit</name>
         <load_address>0x3f38</load_address>
         <run_address>0x3f38</run_address>
         <size>0x48</size>
         <input_file_ref idref="fl-d7"/>
      </object_component>
      <object_component id="oc-287">
         <name>.text</name>
         <load_address>0x3f80</load_address>
         <run_address>0x3f80</run_address>
         <size>0x48</size>
         <input_file_ref idref="fl-cf"/>
      </object_component>
      <object_component id="oc-3d2">
         <name>.text:HOSTclose</name>
         <load_address>0x3fc8</load_address>
         <run_address>0x3fc8</run_address>
         <size>0x44</size>
         <input_file_ref idref="fl-f1"/>
      </object_component>
      <object_component id="oc-3ea">
         <name>.text:HOSTunlink</name>
         <load_address>0x400c</load_address>
         <run_address>0x400c</run_address>
         <size>0x44</size>
         <input_file_ref idref="fl-f6"/>
      </object_component>
      <object_component id="oc-122">
         <name>.text:__TI_auto_init_nobinit_nopinit:__TI_auto_init_nobinit_nopinit</name>
         <load_address>0x4050</load_address>
         <run_address>0x4050</run_address>
         <size>0x44</size>
         <input_file_ref idref="fl-ed"/>
      </object_component>
      <object_component id="oc-440">
         <name>.text:getdevice</name>
         <load_address>0x4094</load_address>
         <run_address>0x4094</run_address>
         <size>0x44</size>
         <input_file_ref idref="fl-fd"/>
      </object_component>
      <object_component id="oc-2af">
         <name>.text:_fcpy</name>
         <load_address>0x40d8</load_address>
         <run_address>0x40d8</run_address>
         <size>0x3e</size>
         <input_file_ref idref="fl-c6"/>
      </object_component>
      <object_component id="oc-419">
         <name>.text:__TI_writemsg</name>
         <load_address>0x4118</load_address>
         <run_address>0x4118</run_address>
         <size>0x38</size>
         <input_file_ref idref="fl-f8"/>
      </object_component>
      <object_component id="oc-462">
         <name>.text:strncpy</name>
         <load_address>0x4150</load_address>
         <run_address>0x4150</run_address>
         <size>0x36</size>
         <input_file_ref idref="fl-100"/>
      </object_component>
      <object_component id="oc-383">
         <name>.text:__TI_cleanup</name>
         <load_address>0x4188</load_address>
         <run_address>0x4188</run_address>
         <size>0x34</size>
         <input_file_ref idref="fl-ea"/>
      </object_component>
      <object_component id="oc-41f">
         <name>.text:__TI_readmsg</name>
         <load_address>0x41bc</load_address>
         <run_address>0x41bc</run_address>
         <size>0x34</size>
         <input_file_ref idref="fl-f8"/>
      </object_component>
      <object_component id="oc-58">
         <name>.text:_c_int00_noargs:_c_int00_noargs</name>
         <load_address>0x41f0</load_address>
         <run_address>0x41f0</run_address>
         <size>0x34</size>
         <input_file_ref idref="fl-e2"/>
      </object_component>
      <object_component id="oc-468">
         <name>.text:finddevice</name>
         <load_address>0x4224</load_address>
         <run_address>0x4224</run_address>
         <size>0x30</size>
         <input_file_ref idref="fl-fd"/>
      </object_component>
      <object_component id="oc-292">
         <name>.text</name>
         <load_address>0x4254</load_address>
         <run_address>0x4254</run_address>
         <size>0x2e</size>
         <input_file_ref idref="fl-d0"/>
      </object_component>
      <object_component id="oc-40e">
         <name>.text:unlink</name>
         <load_address>0x4284</load_address>
         <run_address>0x4284</run_address>
         <size>0x2c</size>
         <input_file_ref idref="fl-103"/>
      </object_component>
      <object_component id="oc-3b2">
         <name>.text:free_list_insert</name>
         <load_address>0x42b0</load_address>
         <run_address>0x42b0</run_address>
         <size>0x28</size>
         <input_file_ref idref="fl-df"/>
      </object_component>
      <object_component id="oc-36f">
         <name>.text:lseek</name>
         <load_address>0x42d8</load_address>
         <run_address>0x42d8</run_address>
         <size>0x28</size>
         <input_file_ref idref="fl-fa"/>
      </object_component>
      <object_component id="oc-2fd">
         <name>.text:write</name>
         <load_address>0x4300</load_address>
         <run_address>0x4300</run_address>
         <size>0x28</size>
         <input_file_ref idref="fl-e3"/>
      </object_component>
      <object_component id="oc-2f1">
         <name>.text:memchr</name>
         <load_address>0x4328</load_address>
         <run_address>0x4328</run_address>
         <size>0x20</size>
         <input_file_ref idref="fl-de"/>
      </object_component>
      <object_component id="oc-46">
         <name>.text:decompress:ZI:__TI_zero_init_nomemset:__TI_zero_init_nomemset</name>
         <load_address>0x4348</load_address>
         <run_address>0x4348</run_address>
         <size>0x1c</size>
         <input_file_ref idref="fl-d4"/>
      </object_component>
      <object_component id="oc-3ac">
         <name>.text:free_list_remove</name>
         <load_address>0x4364</load_address>
         <run_address>0x4364</run_address>
         <size>0x1c</size>
         <input_file_ref idref="fl-df"/>
      </object_component>
      <object_component id="oc-224">
         <name>.text:memccpy</name>
         <load_address>0x4380</load_address>
         <run_address>0x4380</run_address>
         <size>0x1c</size>
         <input_file_ref idref="fl-dd"/>
      </object_component>
      <object_component id="oc-327">
         <name>.text:copysign</name>
         <load_address>0x439c</load_address>
         <run_address>0x439c</run_address>
         <size>0x1a</size>
         <input_file_ref idref="fl-fb"/>
      </object_component>
      <object_component id="oc-47f">
         <name>.text:strcmp</name>
         <load_address>0x43b6</load_address>
         <run_address>0x43b6</run_address>
         <size>0x18</size>
         <input_file_ref idref="fl-fe"/>
      </object_component>
      <object_component id="oc-2c3">
         <name>.text:strchr</name>
         <load_address>0x43ce</load_address>
         <run_address>0x43ce</run_address>
         <size>0x16</size>
         <input_file_ref idref="fl-e0"/>
      </object_component>
      <object_component id="oc-433">
         <name>.text:strcpy</name>
         <load_address>0x43e4</load_address>
         <run_address>0x43e4</run_address>
         <size>0x14</size>
         <input_file_ref idref="fl-ff"/>
      </object_component>
      <object_component id="oc-1f5">
         <name>.text:strlen</name>
         <load_address>0x43f8</load_address>
         <run_address>0x43f8</run_address>
         <size>0x14</size>
         <input_file_ref idref="fl-e1"/>
      </object_component>
      <object_component id="oc-22a">
         <name>.text:wcslen</name>
         <load_address>0x440c</load_address>
         <run_address>0x440c</run_address>
         <size>0x12</size>
         <input_file_ref idref="fl-e6"/>
      </object_component>
      <object_component id="oc-1d">
         <name>.text:decompress:none:__TI_decompress_none</name>
         <load_address>0x441e</load_address>
         <run_address>0x441e</run_address>
         <size>0xe</size>
         <input_file_ref idref="fl-d5"/>
      </object_component>
      <object_component id="oc-6a">
         <name>.text</name>
         <load_address>0x442c</load_address>
         <run_address>0x442c</run_address>
         <size>0xe</size>
         <input_file_ref idref="fl-3"/>
      </object_component>
      <object_component id="oc-230">
         <name>.text:__aeabi_errno_addr</name>
         <load_address>0x443c</load_address>
         <run_address>0x443c</run_address>
         <size>0x8</size>
         <input_file_ref idref="fl-e5"/>
      </object_component>
      <object_component id="oc-37d">
         <name>.text:malloc</name>
         <load_address>0x4444</load_address>
         <run_address>0x4444</run_address>
         <size>0x8</size>
         <input_file_ref idref="fl-df"/>
      </object_component>
      <object_component id="oc-1b8">
         <name>.text:_outc</name>
         <load_address>0x444c</load_address>
         <run_address>0x444c</run_address>
         <size>0x4</size>
         <input_file_ref idref="fl-c5"/>
      </object_component>
      <object_component id="oc-1b2">
         <name>.text:_outs</name>
         <load_address>0x4450</load_address>
         <run_address>0x4450</run_address>
         <size>0x4</size>
         <input_file_ref idref="fl-c5"/>
      </object_component>
      <object_component id="oc-9a">
         <name>.text:_system_pre_init</name>
         <load_address>0x4454</load_address>
         <run_address>0x4454</run_address>
         <size>0x4</size>
         <input_file_ref idref="fl-ee"/>
      </object_component>
      <object_component id="oc-116">
         <name>.text:abort:abort</name>
         <load_address>0x4458</load_address>
         <run_address>0x4458</run_address>
         <size>0x4</size>
         <input_file_ref idref="fl-d7"/>
      </object_component>
      <object_component id="oc-26c">
         <name>.const:.string:_ctypes_</name>
         <load_address>0x445c</load_address>
         <run_address>0x445c</run_address>
         <size>0x101</size>
         <input_file_ref idref="fl-db"/>
      </object_component>
      <object_component id="oc-17a">
         <name>.const:$P$T0$1</name>
         <load_address>0x4560</load_address>
         <run_address>0x4560</run_address>
         <size>0x20</size>
         <input_file_ref idref="fl-8"/>
      </object_component>
      <object_component id="oc-17d">
         <name>.const:$P$T1$2</name>
         <load_address>0x4580</load_address>
         <run_address>0x4580</run_address>
         <size>0x20</size>
         <input_file_ref idref="fl-8"/>
      </object_component>
      <object_component id="oc-4bf">
         <name>.cinit..data.load</name>
         <load_address>0x45a0</load_address>
         <run_address>0x45a0</run_address>
         <size>0xb1</size>
      </object_component>
      <object_component id="oc-4bd">
         <name>__TI_handler_table</name>
         <load_address>0x4654</load_address>
         <run_address>0x4654</run_address>
         <size>0xc</size>
      </object_component>
      <object_component id="oc-4c0">
         <name>.cinit..bss.load</name>
         <load_address>0x4660</load_address>
         <run_address>0x4660</run_address>
         <size>0x8</size>
      </object_component>
      <object_component id="oc-4be">
         <name>__TI_cinit_table</name>
         <load_address>0x4668</load_address>
         <run_address>0x4668</run_address>
         <size>0x10</size>
      </object_component>
      <object_component id="oc-491">
         <name>.binit</name>
         <load_address>0x0</load_address>
         <run_address>0x0</run_address>
         <size>0x0</size>
      </object_component>
      <object_component id="oc-105">
         <name>.data:node_map</name>
         <load_address>0x20000400</load_address>
         <run_address>0x20000400</run_address>
         <size>0x100</size>
         <input_file_ref idref="fl-2"/>
      </object_component>
      <object_component id="oc-101">
         <name>.data</name>
         <load_address>0x200006fc</load_address>
         <run_address>0x200006fc</run_address>
         <size>0x5</size>
         <input_file_ref idref="fl-2"/>
      </object_component>
      <object_component id="oc-154">
         <name>.data</name>
         <load_address>0x2000070c</load_address>
         <run_address>0x2000070c</run_address>
         <size>0x4</size>
         <input_file_ref idref="fl-4"/>
      </object_component>
      <object_component id="oc-174">
         <name>.data</name>
         <load_address>0x200006b8</load_address>
         <run_address>0x200006b8</run_address>
         <size>0x18</size>
         <input_file_ref idref="fl-5"/>
      </object_component>
      <object_component id="oc-b9">
         <name>.data</name>
         <load_address>0x20000704</load_address>
         <run_address>0x20000704</run_address>
         <size>0x4</size>
         <input_file_ref idref="fl-b"/>
      </object_component>
      <object_component id="oc-188">
         <name>.data:$O1$$</name>
         <load_address>0x200006e0</load_address>
         <run_address>0x200006e0</run_address>
         <size>0xc</size>
         <input_file_ref idref="fl-d7"/>
      </object_component>
      <object_component id="oc-18b">
         <name>.data:$O1$$</name>
         <load_address>0x200006ec</load_address>
         <run_address>0x200006ec</run_address>
         <size>0x8</size>
         <input_file_ref idref="fl-d8"/>
      </object_component>
      <object_component id="oc-1af">
         <name>.data:_ftable</name>
         <load_address>0x20000500</load_address>
         <run_address>0x20000500</run_address>
         <size>0xf0</size>
         <input_file_ref idref="fl-dc"/>
      </object_component>
      <object_component id="oc-3c6">
         <name>.data</name>
         <load_address>0x200006d0</load_address>
         <run_address>0x200006d0</run_address>
         <size>0x10</size>
         <input_file_ref idref="fl-dc"/>
      </object_component>
      <object_component id="oc-3fc">
         <name>.data:$O1$$</name>
         <load_address>0x200006f4</load_address>
         <run_address>0x200006f4</run_address>
         <size>0x8</size>
         <input_file_ref idref="fl-df"/>
      </object_component>
      <object_component id="oc-396">
         <name>.data:_device</name>
         <load_address>0x200005f0</load_address>
         <run_address>0x200005f0</run_address>
         <size>0x78</size>
         <input_file_ref idref="fl-e4"/>
      </object_component>
      <object_component id="oc-355">
         <name>.data:_stream</name>
         <load_address>0x20000668</load_address>
         <run_address>0x20000668</run_address>
         <size>0x50</size>
         <input_file_ref idref="fl-e4"/>
      </object_component>
      <object_component id="oc-2d3">
         <name>.data</name>
         <load_address>0x20000708</load_address>
         <run_address>0x20000708</run_address>
         <size>0x4</size>
         <input_file_ref idref="fl-e5"/>
      </object_component>
      <object_component id="oc-44a">
         <name>.bss:_CIOBUF_</name>
         <uninitialized>true</uninitialized>
         <run_address>0x20000710</run_address>
         <size>0x120</size>
         <input_file_ref idref="fl-f8"/>
      </object_component>
      <object_component id="oc-109">
         <name>.common:sensors</name>
         <uninitialized>true</uninitialized>
         <run_address>0x200009d8</run_address>
         <size>0x8</size>
      </object_component>
      <object_component id="oc-108">
         <name>.common:type</name>
         <uninitialized>true</uninitialized>
         <run_address>0x200009e0</run_address>
         <size>0x1</size>
      </object_component>
      <object_component id="oc-104">
         <name>.common:dir_stack</name>
         <uninitialized>true</uninitialized>
         <run_address>0x200008d0</run_address>
         <size>0x80</size>
      </object_component>
      <object_component id="oc-f8">
         <name>.common:node_stack</name>
         <uninitialized>true</uninitialized>
         <run_address>0x20000950</run_address>
         <size>0x80</size>
      </object_component>
      <object_component id="oc-414">
         <name>.common:__TI_tmpnams</name>
         <uninitialized>true</uninitialized>
         <run_address>0x20000830</run_address>
         <size>0xa0</size>
      </object_component>
      <object_component id="oc-425">
         <name>.common:parmbuf</name>
         <uninitialized>true</uninitialized>
         <run_address>0x200009d0</run_address>
         <size>0x8</size>
      </object_component>
      <object_component id="oc-29">
         <name>.sysmem</name>
         <uninitialized>true</uninitialized>
         <run_address>0x20000000</run_address>
         <size>0x10</size>
         <input_file_ref idref="fl-df"/>
      </object_component>
      <object_component id="oc-4c3">
         <name>.sysmem</name>
         <uninitialized>true</uninitialized>
         <run_address>0x20000000</run_address>
         <size>0x0</size>
      </object_component>
      <object_component id="oc-2c">
         <name>.stack</name>
         <uninitialized>true</uninitialized>
         <run_address>0x2000fe00</run_address>
         <size>0x4</size>
         <input_file_ref idref="fl-e2"/>
      </object_component>
      <object_component id="oc-4c2">
         <name>.stack</name>
         <uninitialized>true</uninitialized>
         <run_address>0x2000fe00</run_address>
         <size>0x0</size>
      </object_component>
      <object_component id="oc-f9">
         <name>.debug_info</name>
         <load_address>0x0</load_address>
         <run_address>0x0</run_address>
         <size>0x8d8</size>
         <input_file_ref idref="fl-2"/>
      </object_component>
      <object_component id="oc-106">
         <name>.debug_info</name>
         <load_address>0x8d8</load_address>
         <run_address>0x8d8</run_address>
         <size>0xc8</size>
         <input_file_ref idref="fl-2"/>
      </object_component>
      <object_component id="oc-102">
         <name>.debug_info</name>
         <load_address>0x9a0</load_address>
         <run_address>0x9a0</run_address>
         <size>0xed</size>
         <input_file_ref idref="fl-2"/>
      </object_component>
      <object_component id="oc-a1">
         <name>.debug_info</name>
         <load_address>0xa8d</load_address>
         <run_address>0xa8d</run_address>
         <size>0x127c</size>
         <input_file_ref idref="fl-2"/>
      </object_component>
      <object_component id="oc-111">
         <name>.debug_info</name>
         <load_address>0x1d09</load_address>
         <run_address>0x1d09</run_address>
         <size>0x9e</size>
         <input_file_ref idref="fl-2"/>
      </object_component>
      <object_component id="oc-c5">
         <name>.debug_info</name>
         <load_address>0x1da7</load_address>
         <run_address>0x1da7</run_address>
         <size>0x26b</size>
         <input_file_ref idref="fl-2"/>
      </object_component>
      <object_component id="oc-161">
         <name>.debug_info</name>
         <load_address>0x2012</load_address>
         <run_address>0x2012</run_address>
         <size>0x1055</size>
         <input_file_ref idref="fl-2"/>
      </object_component>
      <object_component id="oc-15c">
         <name>.debug_info</name>
         <load_address>0x3067</load_address>
         <run_address>0x3067</run_address>
         <size>0x37e2</size>
         <input_file_ref idref="fl-2"/>
      </object_component>
      <object_component id="oc-35">
         <name>.debug_info</name>
         <load_address>0x6849</load_address>
         <run_address>0x6849</run_address>
         <size>0x84</size>
         <input_file_ref idref="fl-2"/>
      </object_component>
      <object_component id="oc-166">
         <name>.debug_info</name>
         <load_address>0x68cd</load_address>
         <run_address>0x68cd</run_address>
         <size>0x2a4</size>
         <input_file_ref idref="fl-2"/>
      </object_component>
      <object_component id="oc-be">
         <name>.debug_info</name>
         <load_address>0x6b71</load_address>
         <run_address>0x6b71</run_address>
         <size>0xbb</size>
         <input_file_ref idref="fl-2"/>
      </object_component>
      <object_component id="oc-1c0">
         <name>.debug_info</name>
         <load_address>0x6c2c</load_address>
         <run_address>0x6c2c</run_address>
         <size>0x2c</size>
         <input_file_ref idref="fl-2"/>
      </object_component>
      <object_component id="oc-78">
         <name>.debug_info</name>
         <load_address>0x6c58</load_address>
         <run_address>0x6c58</run_address>
         <size>0x2bf</size>
         <input_file_ref idref="fl-3"/>
      </object_component>
      <object_component id="oc-27">
         <name>.debug_info</name>
         <load_address>0x6f17</load_address>
         <run_address>0x6f17</run_address>
         <size>0xeb</size>
         <input_file_ref idref="fl-3"/>
      </object_component>
      <object_component id="oc-6d">
         <name>.debug_info</name>
         <load_address>0x7002</load_address>
         <run_address>0x7002</run_address>
         <size>0x1b2</size>
         <input_file_ref idref="fl-3"/>
      </object_component>
      <object_component id="oc-155">
         <name>.debug_info</name>
         <load_address>0x71b4</load_address>
         <run_address>0x71b4</run_address>
         <size>0xe4</size>
         <input_file_ref idref="fl-4"/>
      </object_component>
      <object_component id="oc-b3">
         <name>.debug_info</name>
         <load_address>0x7298</load_address>
         <run_address>0x7298</run_address>
         <size>0x256</size>
         <input_file_ref idref="fl-4"/>
      </object_component>
      <object_component id="oc-175">
         <name>.debug_info</name>
         <load_address>0x74ee</load_address>
         <run_address>0x74ee</run_address>
         <size>0x184</size>
         <input_file_ref idref="fl-5"/>
      </object_component>
      <object_component id="oc-f3">
         <name>.debug_info</name>
         <load_address>0x7672</load_address>
         <run_address>0x7672</run_address>
         <size>0x2f8</size>
         <input_file_ref idref="fl-5"/>
      </object_component>
      <object_component id="oc-172">
         <name>.debug_info</name>
         <load_address>0x796a</load_address>
         <run_address>0x796a</run_address>
         <size>0x592</size>
         <input_file_ref idref="fl-6"/>
      </object_component>
      <object_component id="oc-e9">
         <name>.debug_info</name>
         <load_address>0x7efc</load_address>
         <run_address>0x7efc</run_address>
         <size>0x4d6</size>
         <input_file_ref idref="fl-6"/>
      </object_component>
      <object_component id="oc-ee">
         <name>.debug_info</name>
         <load_address>0x83d2</load_address>
         <run_address>0x83d2</run_address>
         <size>0x2af</size>
         <input_file_ref idref="fl-7"/>
      </object_component>
      <object_component id="oc-181">
         <name>.debug_info</name>
         <load_address>0x8681</load_address>
         <run_address>0x8681</run_address>
         <size>0x5fb</size>
         <input_file_ref idref="fl-8"/>
      </object_component>
      <object_component id="oc-17b">
         <name>.debug_info</name>
         <load_address>0x8c7c</load_address>
         <run_address>0x8c7c</run_address>
         <size>0xce</size>
         <input_file_ref idref="fl-8"/>
      </object_component>
      <object_component id="oc-17e">
         <name>.debug_info</name>
         <load_address>0x8d4a</load_address>
         <run_address>0x8d4a</run_address>
         <size>0xce</size>
         <input_file_ref idref="fl-8"/>
      </object_component>
      <object_component id="oc-fc">
         <name>.debug_info</name>
         <load_address>0x8e18</load_address>
         <run_address>0x8e18</run_address>
         <size>0xf9b</size>
         <input_file_ref idref="fl-8"/>
      </object_component>
      <object_component id="oc-1cf">
         <name>.debug_info</name>
         <load_address>0x9db3</load_address>
         <run_address>0x9db3</run_address>
         <size>0x37e2</size>
         <input_file_ref idref="fl-8"/>
      </object_component>
      <object_component id="oc-10e">
         <name>.debug_info</name>
         <load_address>0xd595</load_address>
         <run_address>0xd595</run_address>
         <size>0x1ee</size>
         <input_file_ref idref="fl-9"/>
      </object_component>
      <object_component id="oc-bd">
         <name>.debug_info</name>
         <load_address>0xd783</load_address>
         <run_address>0xd783</run_address>
         <size>0x530</size>
         <input_file_ref idref="fl-b"/>
      </object_component>
      <object_component id="oc-ba">
         <name>.debug_info</name>
         <load_address>0xdcb3</load_address>
         <run_address>0xdcb3</run_address>
         <size>0xd7</size>
         <input_file_ref idref="fl-b"/>
      </object_component>
      <object_component id="oc-71">
         <name>.debug_info</name>
         <load_address>0xdd8a</load_address>
         <run_address>0xdd8a</run_address>
         <size>0x39d</size>
         <input_file_ref idref="fl-b"/>
      </object_component>
      <object_component id="oc-1bf">
         <name>.debug_info</name>
         <load_address>0xe127</load_address>
         <run_address>0xe127</run_address>
         <size>0x3e5</size>
         <input_file_ref idref="fl-c5"/>
      </object_component>
      <object_component id="oc-1bc">
         <name>.debug_info</name>
         <load_address>0xe50c</load_address>
         <run_address>0xe50c</run_address>
         <size>0x157</size>
         <input_file_ref idref="fl-c5"/>
      </object_component>
      <object_component id="oc-1b5">
         <name>.debug_info</name>
         <load_address>0xe663</load_address>
         <run_address>0xe663</run_address>
         <size>0x166</size>
         <input_file_ref idref="fl-c5"/>
      </object_component>
      <object_component id="oc-16e">
         <name>.debug_info</name>
         <load_address>0xe7c9</load_address>
         <run_address>0xe7c9</run_address>
         <size>0x1ac</size>
         <input_file_ref idref="fl-c5"/>
      </object_component>
      <object_component id="oc-256">
         <name>.debug_info</name>
         <load_address>0xe975</load_address>
         <run_address>0xe975</run_address>
         <size>0xb2</size>
         <input_file_ref idref="fl-c5"/>
      </object_component>
      <object_component id="oc-237">
         <name>.debug_info</name>
         <load_address>0xea27</load_address>
         <run_address>0xea27</run_address>
         <size>0x590</size>
         <input_file_ref idref="fl-c6"/>
      </object_component>
      <object_component id="oc-204">
         <name>.debug_info</name>
         <load_address>0xefb7</load_address>
         <run_address>0xefb7</run_address>
         <size>0x21e</size>
         <input_file_ref idref="fl-c6"/>
      </object_component>
      <object_component id="oc-29f">
         <name>.debug_info</name>
         <load_address>0xf1d5</load_address>
         <run_address>0xf1d5</run_address>
         <size>0x1b3</size>
         <input_file_ref idref="fl-c6"/>
      </object_component>
      <object_component id="oc-2a5">
         <name>.debug_info</name>
         <load_address>0xf388</load_address>
         <run_address>0xf388</run_address>
         <size>0x21b</size>
         <input_file_ref idref="fl-c6"/>
      </object_component>
      <object_component id="oc-20f">
         <name>.debug_info</name>
         <load_address>0xf5a3</load_address>
         <run_address>0xf5a3</run_address>
         <size>0x3c0</size>
         <input_file_ref idref="fl-c6"/>
      </object_component>
      <object_component id="oc-2ac">
         <name>.debug_info</name>
         <load_address>0xf963</load_address>
         <run_address>0xf963</run_address>
         <size>0x30a</size>
         <input_file_ref idref="fl-c6"/>
      </object_component>
      <object_component id="oc-2b2">
         <name>.debug_info</name>
         <load_address>0xfc6d</load_address>
         <run_address>0xfc6d</run_address>
         <size>0x215</size>
         <input_file_ref idref="fl-c6"/>
      </object_component>
      <object_component id="oc-215">
         <name>.debug_info</name>
         <load_address>0xfe82</load_address>
         <run_address>0xfe82</run_address>
         <size>0x215</size>
         <input_file_ref idref="fl-c6"/>
      </object_component>
      <object_component id="oc-21b">
         <name>.debug_info</name>
         <load_address>0x10097</load_address>
         <run_address>0x10097</run_address>
         <size>0x304</size>
         <input_file_ref idref="fl-c6"/>
      </object_component>
      <object_component id="oc-221">
         <name>.debug_info</name>
         <load_address>0x1039b</load_address>
         <run_address>0x1039b</run_address>
         <size>0x4b5</size>
         <input_file_ref idref="fl-c6"/>
      </object_component>
      <object_component id="oc-1ac">
         <name>.debug_info</name>
         <load_address>0x10850</load_address>
         <run_address>0x10850</run_address>
         <size>0x5f4</size>
         <input_file_ref idref="fl-c6"/>
      </object_component>
      <object_component id="oc-238">
         <name>.debug_info</name>
         <load_address>0x10e44</load_address>
         <run_address>0x10e44</run_address>
         <size>0x86</size>
         <input_file_ref idref="fl-c6"/>
      </object_component>
      <object_component id="oc-2df">
         <name>.debug_info</name>
         <load_address>0x10eca</load_address>
         <run_address>0x10eca</run_address>
         <size>0x39</size>
         <input_file_ref idref="fl-c6"/>
      </object_component>
      <object_component id="oc-33e">
         <name>.debug_info</name>
         <load_address>0x10f03</load_address>
         <run_address>0x10f03</run_address>
         <size>0xb6</size>
         <input_file_ref idref="fl-c6"/>
      </object_component>
      <object_component id="oc-2e4">
         <name>.debug_info</name>
         <load_address>0x10fb9</load_address>
         <run_address>0x10fb9</run_address>
         <size>0x46</size>
         <input_file_ref idref="fl-c6"/>
      </object_component>
      <object_component id="oc-23d">
         <name>.debug_info</name>
         <load_address>0x10fff</load_address>
         <run_address>0x10fff</run_address>
         <size>0x46</size>
         <input_file_ref idref="fl-c6"/>
      </object_component>
      <object_component id="oc-2da">
         <name>.debug_info</name>
         <load_address>0x11045</load_address>
         <run_address>0x11045</run_address>
         <size>0x2c</size>
         <input_file_ref idref="fl-c6"/>
      </object_component>
      <object_component id="oc-306">
         <name>.debug_info</name>
         <load_address>0x11071</load_address>
         <run_address>0x11071</run_address>
         <size>0x383</size>
         <input_file_ref idref="fl-c7"/>
      </object_component>
      <object_component id="oc-250">
         <name>.debug_info</name>
         <load_address>0x113f4</load_address>
         <run_address>0x113f4</run_address>
         <size>0x1ea</size>
         <input_file_ref idref="fl-c7"/>
      </object_component>
      <object_component id="oc-304">
         <name>.debug_info</name>
         <load_address>0x115de</load_address>
         <run_address>0x115de</run_address>
         <size>0x3fc</size>
         <input_file_ref idref="fl-c8"/>
      </object_component>
      <object_component id="oc-24a">
         <name>.debug_info</name>
         <load_address>0x119da</load_address>
         <run_address>0x119da</run_address>
         <size>0x2e2</size>
         <input_file_ref idref="fl-c8"/>
      </object_component>
      <object_component id="oc-dd">
         <name>.debug_info</name>
         <load_address>0x11cbc</load_address>
         <run_address>0x11cbc</run_address>
         <size>0x2c</size>
         <input_file_ref idref="fl-c8"/>
      </object_component>
      <object_component id="oc-350">
         <name>.debug_info</name>
         <load_address>0x11ce8</load_address>
         <run_address>0x11ce8</run_address>
         <size>0x300</size>
         <input_file_ref idref="fl-c9"/>
      </object_component>
      <object_component id="oc-2ee">
         <name>.debug_info</name>
         <load_address>0x11fe8</load_address>
         <run_address>0x11fe8</run_address>
         <size>0x19c</size>
         <input_file_ref idref="fl-c9"/>
      </object_component>
      <object_component id="oc-38b">
         <name>.debug_info</name>
         <load_address>0x12184</load_address>
         <run_address>0x12184</run_address>
         <size>0xbf</size>
         <input_file_ref idref="fl-c9"/>
      </object_component>
      <object_component id="oc-38a">
         <name>.debug_info</name>
         <load_address>0x12243</load_address>
         <run_address>0x12243</run_address>
         <size>0x374</size>
         <input_file_ref idref="fl-ca"/>
      </object_component>
      <object_component id="oc-34a">
         <name>.debug_info</name>
         <load_address>0x125b7</load_address>
         <run_address>0x125b7</run_address>
         <size>0x20b</size>
         <input_file_ref idref="fl-ca"/>
      </object_component>
      <object_component id="oc-298">
         <name>.debug_info</name>
         <load_address>0x127c2</load_address>
         <run_address>0x127c2</run_address>
         <size>0x14c</size>
         <input_file_ref idref="fl-cb"/>
      </object_component>
      <object_component id="oc-209">
         <name>.debug_info</name>
         <load_address>0x1290e</load_address>
         <run_address>0x1290e</run_address>
         <size>0x128</size>
         <input_file_ref idref="fl-cc"/>
      </object_component>
      <object_component id="oc-283">
         <name>.debug_info</name>
         <load_address>0x12a36</load_address>
         <run_address>0x12a36</run_address>
         <size>0x12a</size>
         <input_file_ref idref="fl-cc"/>
      </object_component>
      <object_component id="oc-27f">
         <name>.debug_info</name>
         <load_address>0x12b60</load_address>
         <run_address>0x12b60</run_address>
         <size>0x13a</size>
         <input_file_ref idref="fl-cd"/>
      </object_component>
      <object_component id="oc-27b">
         <name>.debug_info</name>
         <load_address>0x12c9a</load_address>
         <run_address>0x12c9a</run_address>
         <size>0x13a</size>
         <input_file_ref idref="fl-ce"/>
      </object_component>
      <object_component id="oc-28a">
         <name>.debug_info</name>
         <load_address>0x12dd4</load_address>
         <run_address>0x12dd4</run_address>
         <size>0x12e</size>
         <input_file_ref idref="fl-cf"/>
      </object_component>
      <object_component id="oc-293">
         <name>.debug_info</name>
         <load_address>0x12f02</load_address>
         <run_address>0x12f02</run_address>
         <size>0x12c</size>
         <input_file_ref idref="fl-d0"/>
      </object_component>
      <object_component id="oc-3c">
         <name>.debug_info</name>
         <load_address>0x1302e</load_address>
         <run_address>0x1302e</run_address>
         <size>0x119</size>
         <input_file_ref idref="fl-d1"/>
      </object_component>
      <object_component id="oc-95">
         <name>.debug_info</name>
         <load_address>0x13147</load_address>
         <run_address>0x13147</run_address>
         <size>0x147</size>
         <input_file_ref idref="fl-d2"/>
      </object_component>
      <object_component id="oc-274">
         <name>.debug_info</name>
         <load_address>0x1328e</load_address>
         <run_address>0x1328e</run_address>
         <size>0x134</size>
         <input_file_ref idref="fl-d3"/>
      </object_component>
      <object_component id="oc-93">
         <name>.debug_info</name>
         <load_address>0x133c2</load_address>
         <run_address>0x133c2</run_address>
         <size>0x2d4</size>
         <input_file_ref idref="fl-d4"/>
      </object_component>
      <object_component id="oc-48">
         <name>.debug_info</name>
         <load_address>0x13696</load_address>
         <run_address>0x13696</run_address>
         <size>0x1d2</size>
         <input_file_ref idref="fl-d4"/>
      </object_component>
      <object_component id="oc-8e">
         <name>.debug_info</name>
         <load_address>0x13868</load_address>
         <run_address>0x13868</run_address>
         <size>0x46</size>
         <input_file_ref idref="fl-d4"/>
      </object_component>
      <object_component id="oc-45">
         <name>.debug_info</name>
         <load_address>0x138ae</load_address>
         <run_address>0x138ae</run_address>
         <size>0x2a8</size>
         <input_file_ref idref="fl-d5"/>
      </object_component>
      <object_component id="oc-20">
         <name>.debug_info</name>
         <load_address>0x13b56</load_address>
         <run_address>0x13b56</run_address>
         <size>0x1ea</size>
         <input_file_ref idref="fl-d5"/>
      </object_component>
      <object_component id="oc-40">
         <name>.debug_info</name>
         <load_address>0x13d40</load_address>
         <run_address>0x13d40</run_address>
         <size>0x46</size>
         <input_file_ref idref="fl-d5"/>
      </object_component>
      <object_component id="oc-86">
         <name>.debug_info</name>
         <load_address>0x13d86</load_address>
         <run_address>0x13d86</run_address>
         <size>0x2c</size>
         <input_file_ref idref="fl-d5"/>
      </object_component>
      <object_component id="oc-84">
         <name>.debug_info</name>
         <load_address>0x13db2</load_address>
         <run_address>0x13db2</run_address>
         <size>0x29e</size>
         <input_file_ref idref="fl-d6"/>
      </object_component>
      <object_component id="oc-19">
         <name>.debug_info</name>
         <load_address>0x14050</load_address>
         <run_address>0x14050</run_address>
         <size>0x250</size>
         <input_file_ref idref="fl-d6"/>
      </object_component>
      <object_component id="oc-30">
         <name>.debug_info</name>
         <load_address>0x142a0</load_address>
         <run_address>0x142a0</run_address>
         <size>0x60</size>
         <input_file_ref idref="fl-d6"/>
      </object_component>
      <object_component id="oc-d6">
         <name>.debug_info</name>
         <load_address>0x14300</load_address>
         <run_address>0x14300</run_address>
         <size>0x46</size>
         <input_file_ref idref="fl-d6"/>
      </object_component>
      <object_component id="oc-7f">
         <name>.debug_info</name>
         <load_address>0x14346</load_address>
         <run_address>0x14346</run_address>
         <size>0x39</size>
         <input_file_ref idref="fl-d6"/>
      </object_component>
      <object_component id="oc-18f">
         <name>.debug_info</name>
         <load_address>0x1437f</load_address>
         <run_address>0x1437f</run_address>
         <size>0x3ad</size>
         <input_file_ref idref="fl-d7"/>
      </object_component>
      <object_component id="oc-189">
         <name>.debug_info</name>
         <load_address>0x1472c</load_address>
         <run_address>0x1472c</run_address>
         <size>0x190</size>
         <input_file_ref idref="fl-d7"/>
      </object_component>
      <object_component id="oc-117">
         <name>.debug_info</name>
         <load_address>0x148bc</load_address>
         <run_address>0x148bc</run_address>
         <size>0x122</size>
         <input_file_ref idref="fl-d7"/>
      </object_component>
      <object_component id="oc-11f">
         <name>.debug_info</name>
         <load_address>0x149de</load_address>
         <run_address>0x149de</run_address>
         <size>0x184</size>
         <input_file_ref idref="fl-d7"/>
      </object_component>
      <object_component id="oc-1de">
         <name>.debug_info</name>
         <load_address>0x14b62</load_address>
         <run_address>0x14b62</run_address>
         <size>0x2c9</size>
         <input_file_ref idref="fl-d8"/>
      </object_component>
      <object_component id="oc-18c">
         <name>.debug_info</name>
         <load_address>0x14e2b</load_address>
         <run_address>0x14e2b</run_address>
         <size>0x11e</size>
         <input_file_ref idref="fl-d8"/>
      </object_component>
      <object_component id="oc-1d7">
         <name>.debug_info</name>
         <load_address>0x14f49</load_address>
         <run_address>0x14f49</run_address>
         <size>0x12e</size>
         <input_file_ref idref="fl-d8"/>
      </object_component>
      <object_component id="oc-319">
         <name>.debug_info</name>
         <load_address>0x15077</load_address>
         <run_address>0x15077</run_address>
         <size>0x29c</size>
         <input_file_ref idref="fl-d9"/>
      </object_component>
      <object_component id="oc-28d">
         <name>.debug_info</name>
         <load_address>0x15313</load_address>
         <run_address>0x15313</run_address>
         <size>0x1da</size>
         <input_file_ref idref="fl-d9"/>
      </object_component>
      <object_component id="oc-270">
         <name>.debug_info</name>
         <load_address>0x154ed</load_address>
         <run_address>0x154ed</run_address>
         <size>0x2b9</size>
         <input_file_ref idref="fl-da"/>
      </object_component>
      <object_component id="oc-1fe">
         <name>.debug_info</name>
         <load_address>0x157a6</load_address>
         <run_address>0x157a6</run_address>
         <size>0x17c</size>
         <input_file_ref idref="fl-da"/>
      </object_component>
      <object_component id="oc-30b">
         <name>.debug_info</name>
         <load_address>0x15922</load_address>
         <run_address>0x15922</run_address>
         <size>0xf9</size>
         <input_file_ref idref="fl-db"/>
      </object_component>
      <object_component id="oc-26d">
         <name>.debug_info</name>
         <load_address>0x15a1b</load_address>
         <run_address>0x15a1b</run_address>
         <size>0x105</size>
         <input_file_ref idref="fl-db"/>
      </object_component>
      <object_component id="oc-244">
         <name>.debug_info</name>
         <load_address>0x15b20</load_address>
         <run_address>0x15b20</run_address>
         <size>0x144</size>
         <input_file_ref idref="fl-dc"/>
      </object_component>
      <object_component id="oc-1b0">
         <name>.debug_info</name>
         <load_address>0x15c64</load_address>
         <run_address>0x15c64</run_address>
         <size>0x102</size>
         <input_file_ref idref="fl-dc"/>
      </object_component>
      <object_component id="oc-3c7">
         <name>.debug_info</name>
         <load_address>0x15d66</load_address>
         <run_address>0x15d66</run_address>
         <size>0x18f</size>
         <input_file_ref idref="fl-dc"/>
      </object_component>
      <object_component id="oc-2cb">
         <name>.debug_info</name>
         <load_address>0x15ef5</load_address>
         <run_address>0x15ef5</run_address>
         <size>0x2a7</size>
         <input_file_ref idref="fl-dd"/>
      </object_component>
      <object_component id="oc-228">
         <name>.debug_info</name>
         <load_address>0x1619c</load_address>
         <run_address>0x1619c</run_address>
         <size>0x1b8</size>
         <input_file_ref idref="fl-dd"/>
      </object_component>
      <object_component id="oc-352">
         <name>.debug_info</name>
         <load_address>0x16354</load_address>
         <run_address>0x16354</run_address>
         <size>0x2a5</size>
         <input_file_ref idref="fl-de"/>
      </object_component>
      <object_component id="oc-2f4">
         <name>.debug_info</name>
         <load_address>0x165f9</load_address>
         <run_address>0x165f9</run_address>
         <size>0x25d</size>
         <input_file_ref idref="fl-de"/>
      </object_component>
      <object_component id="oc-7b">
         <name>.debug_info</name>
         <load_address>0x16856</load_address>
         <run_address>0x16856</run_address>
         <size>0x3b2</size>
         <input_file_ref idref="fl-df"/>
      </object_component>
      <object_component id="oc-2a">
         <name>.debug_info</name>
         <load_address>0x16c08</load_address>
         <run_address>0x16c08</run_address>
         <size>0x10c</size>
         <input_file_ref idref="fl-df"/>
      </object_component>
      <object_component id="oc-3fd">
         <name>.debug_info</name>
         <load_address>0x16d14</load_address>
         <run_address>0x16d14</run_address>
         <size>0x13f</size>
         <input_file_ref idref="fl-df"/>
      </object_component>
      <object_component id="oc-37e">
         <name>.debug_info</name>
         <load_address>0x16e53</load_address>
         <run_address>0x16e53</run_address>
         <size>0x168</size>
         <input_file_ref idref="fl-df"/>
      </object_component>
      <object_component id="oc-3ad">
         <name>.debug_info</name>
         <load_address>0x16fbb</load_address>
         <run_address>0x16fbb</run_address>
         <size>0x18e</size>
         <input_file_ref idref="fl-df"/>
      </object_component>
      <object_component id="oc-3b3">
         <name>.debug_info</name>
         <load_address>0x17149</load_address>
         <run_address>0x17149</run_address>
         <size>0x19f</size>
         <input_file_ref idref="fl-df"/>
      </object_component>
      <object_component id="oc-378">
         <name>.debug_info</name>
         <load_address>0x172e8</load_address>
         <run_address>0x172e8</run_address>
         <size>0x203</size>
         <input_file_ref idref="fl-df"/>
      </object_component>
      <object_component id="oc-403">
         <name>.debug_info</name>
         <load_address>0x174eb</load_address>
         <run_address>0x174eb</run_address>
         <size>0x1db</size>
         <input_file_ref idref="fl-df"/>
      </object_component>
      <object_component id="oc-3ba">
         <name>.debug_info</name>
         <load_address>0x176c6</load_address>
         <run_address>0x176c6</run_address>
         <size>0x299</size>
         <input_file_ref idref="fl-df"/>
      </object_component>
      <object_component id="oc-d1">
         <name>.debug_info</name>
         <load_address>0x1795f</load_address>
         <run_address>0x1795f</run_address>
         <size>0xb2</size>
         <input_file_ref idref="fl-df"/>
      </object_component>
      <object_component id="oc-cc">
         <name>.debug_info</name>
         <load_address>0x17a11</load_address>
         <run_address>0x17a11</run_address>
         <size>0x2c</size>
         <input_file_ref idref="fl-df"/>
      </object_component>
      <object_component id="oc-330">
         <name>.debug_info</name>
         <load_address>0x17a3d</load_address>
         <run_address>0x17a3d</run_address>
         <size>0x29a</size>
         <input_file_ref idref="fl-e0"/>
      </object_component>
      <object_component id="oc-2c5">
         <name>.debug_info</name>
         <load_address>0x17cd7</load_address>
         <run_address>0x17cd7</run_address>
         <size>0x262</size>
         <input_file_ref idref="fl-e0"/>
      </object_component>
      <object_component id="oc-26b">
         <name>.debug_info</name>
         <load_address>0x17f39</load_address>
         <run_address>0x17f39</run_address>
         <size>0x28f</size>
         <input_file_ref idref="fl-e1"/>
      </object_component>
      <object_component id="oc-1f8">
         <name>.debug_info</name>
         <load_address>0x181c8</load_address>
         <run_address>0x181c8</run_address>
         <size>0x245</size>
         <input_file_ref idref="fl-e1"/>
      </object_component>
      <object_component id="oc-2d">
         <name>.debug_info</name>
         <load_address>0x1840d</load_address>
         <run_address>0x1840d</run_address>
         <size>0x10b</size>
         <input_file_ref idref="fl-e2"/>
      </object_component>
      <object_component id="oc-59">
         <name>.debug_info</name>
         <load_address>0x18518</load_address>
         <run_address>0x18518</run_address>
         <size>0x1a9</size>
         <input_file_ref idref="fl-e2"/>
      </object_component>
      <object_component id="oc-359">
         <name>.debug_info</name>
         <load_address>0x186c1</load_address>
         <run_address>0x186c1</run_address>
         <size>0x397</size>
         <input_file_ref idref="fl-e3"/>
      </object_component>
      <object_component id="oc-2ff">
         <name>.debug_info</name>
         <load_address>0x18a58</load_address>
         <run_address>0x18a58</run_address>
         <size>0x18f</size>
         <input_file_ref idref="fl-e3"/>
      </object_component>
      <object_component id="oc-39e">
         <name>.debug_info</name>
         <load_address>0x18be7</load_address>
         <run_address>0x18be7</run_address>
         <size>0x120</size>
         <input_file_ref idref="fl-e3"/>
      </object_component>
      <object_component id="oc-3a3">
         <name>.debug_info</name>
         <load_address>0x18d07</load_address>
         <run_address>0x18d07</run_address>
         <size>0x2c</size>
         <input_file_ref idref="fl-e3"/>
[...]
      </symbol>
      <symbol id="sm-521">
         <name>__aeabi_dmul</name>
         <value>0x3061</value>
         <object_component_ref idref="oc-278"/>
      </symbol>
      <symbol id="sm-52b">
         <name>__aeabi_d2iz</name>
         <value>0x3f81</value>
         <object_component_ref idref="oc-287"/>
      </symbol>
      <symbol id="sm-535">
         <name>__aeabi_i2d</name>
         <value>0x4255</value>
         <object_component_ref idref="oc-292"/>
      </symbol>
      <symbol id="sm-550">
         <name>memcpy</name>
         <value>0x346d</value>
         <object_component_ref idref="oc-3a"/>
      </symbol>
      <symbol id="sm-551">
         <name>__aeabi_memcpy</name>
         <value>0x346d</value>
         <object_component_ref idref="oc-3a"/>
      </symbol>
      <symbol id="sm-552">
         <name>__aeabi_memcpy8</name>
         <value>0x346d</value>
         <object_component_ref idref="oc-3a"/>
      </symbol>
      <symbol id="sm-553">
         <name>__aeabi_memcpy4</name>
         <value>0x346d</value>
         <object_component_ref idref="oc-3a"/>
      </symbol>
      <symbol id="sm-562">
         <name>__aeabi_memset</name>
         <value>0x373b</value>
         <object_component_ref idref="oc-94"/>
      </symbol>
      <symbol id="sm-563">
         <name>memset</name>
         <value>0x3741</value>
         <object_component_ref idref="oc-94"/>
      </symbol>
      <symbol id="sm-564">
         <name>__aeabi_memset8</name>
         <value>0x373b</value>
         <object_component_ref idref="oc-94"/>
      </symbol>
      <symbol id="sm-565">
         <name>__aeabi_memset4</name>
         <value>0x373b</value>
         <object_component_ref idref="oc-94"/>
      </symbol>
      <symbol id="sm-566">
         <name>__aeabi_memclr8</name>
         <value>0x3739</value>
         <object_component_ref idref="oc-94"/>
      </symbol>
      <symbol id="sm-567">
         <name>__aeabi_memclr4</name>
         <value>0x3739</value>
         <object_component_ref idref="oc-94"/>
      </symbol>
      <symbol id="sm-568">
         <name>__aeabi_memclr</name>
         <value>0x3739</value>
         <object_component_ref idref="oc-94"/>
      </symbol>
      <symbol id="sm-575">
         <name>__aeabi_uldivmod</name>
         <value>0x3509</value>
         <object_component_ref idref="oc-271"/>
      </symbol>
      <symbol id="sm-589">
         <name>__TI_zero_init_nomemset</name>
         <value>0x4349</value>
         <object_component_ref idref="oc-46"/>
      </symbol>
      <symbol id="sm-5a0">
         <name>__TI_decompress_none</name>
         <value>0x441f</value>
         <object_component_ref idref="oc-1d"/>
      </symbol>
      <symbol id="sm-5c3">
         <name>__TI_decompress_lzss</name>
         <value>0x39dd</value>
         <object_component_ref idref="oc-17"/>
      </symbol>
      <symbol id="sm-5e9">
         <name>C$$EXIT</name>
         <value>0x4459</value>
         <object_component_ref idref="oc-116"/>
      </symbol>
      <symbol id="sm-5ea">
         <name>abort</name>
         <value>0x4459</value>
         <object_component_ref idref="oc-116"/>
      </symbol>
      <symbol id="sm-5eb">
         <name>__TI_dtors_ptr</name>
         <value>0x200006e4</value>
         <object_component_ref idref="oc-188"/>
      </symbol>
      <symbol id="sm-5ec">
         <name>__TI_cleanup_ptr</name>
         <value>0x200006e0</value>
         <object_component_ref idref="oc-188"/>
      </symbol>
      <symbol id="sm-5ed">
         <name>__TI_enable_exit_profile_output</name>
         <value>0x200006e8</value>
         <object_component_ref idref="oc-188"/>
      </symbol>
      <symbol id="sm-5ee">
         <name>exit</name>
         <value>0x3f39</value>
         <object_component_ref idref="oc-11c"/>
      </symbol>
      <symbol id="sm-603">
         <name>_nop</name>
         <value>0x172b</value>
         <object_component_ref idref="oc-1d6"/>
      </symbol>
      <symbol id="sm-604">
         <name>_lock</name>
         <value>0x200006ec</value>
         <object_component_ref idref="oc-18b"/>
      </symbol>
      <symbol id="sm-605">
         <name>_unlock</name>
         <value>0x200006f0</value>
         <object_component_ref idref="oc-18b"/>
      </symbol>
      <symbol id="sm-614">
         <name>__TI_ltoa</name>
         <value>0x3dfb</value>
         <object_component_ref idref="oc-28c"/>
      </symbol>
      <symbol id="sm-62a">
         <name>atoi</name>
         <value>0x3eed</value>
         <object_component_ref idref="oc-1fb"/>
      </symbol>
      <symbol id="sm-635">
         <name>_ctypes_</name>
         <value>0x445c</value>
         <object_component_ref idref="oc-26c"/>
      </symbol>
      <symbol id="sm-64a">
         <name>__TI_tmpnams</name>
         <value>0x20000830</value>
      </symbol>
      <symbol id="sm-64b">
         <name>__aeabi_stdout</name>
         <value>0x200006d8</value>
         <object_component_ref idref="oc-3c6"/>
      </symbol>
      <symbol id="sm-64c">
         <name>__aeabi_stderr</name>
         <value>0x200006dc</value>
         <object_component_ref idref="oc-3c6"/>
      </symbol>
      <symbol id="sm-64d">
         <name>__aeabi_stdin</name>
         <value>0x200006d4</value>
         <object_component_ref idref="oc-3c6"/>
      </symbol>
      <symbol id="sm-64e">
         <name>_ftable</name>
         <value>0x20000500</value>
         <object_component_ref idref="oc-1af"/>
      </symbol>
      <symbol id="sm-64f">
         <name>__TI_ft_end</name>
         <value>0x200006d0</value>
         <object_component_ref idref="oc-3c6"/>
      </symbol>
      <symbol id="sm-65f">
         <name>memccpy</name>
         <value>0x4381</value>
         <object_component_ref idref="oc-224"/>
      </symbol>
      <symbol id="sm-66f">
         <name>memchr</name>
         <value>0x4329</value>
         <object_component_ref idref="oc-2f1"/>
      </symbol>
      <symbol id="sm-6f8">
         <name>_sys_memory</name>
         <value>0x20000000</value>
         <object_component_ref idref="oc-29"/>
      </symbol>
      <symbol id="sm-6f9">
         <name>free</name>
         <value>0x315d</value>
         <object_component_ref idref="oc-377"/>
      </symbol>
      <symbol id="sm-6fa">
         <name>memalign</name>
         <value>0x2f61</value>
         <object_component_ref idref="oc-3b9"/>
      </symbol>
      <symbol id="sm-6fb">
         <name>malloc</name>
         <value>0x4445</value>
         <object_component_ref idref="oc-37d"/>
      </symbol>
      <symbol id="sm-6fc">
         <name>aligned_alloc</name>
         <value>0x2f61</value>
         <object_component_ref idref="oc-3b9"/>
      </symbol>
      <symbol id="sm-70c">
         <name>strchr</name>
         <value>0x43cf</value>
         <object_component_ref idref="oc-2c3"/>
      </symbol>
      <symbol id="sm-71a">
         <name>strlen</name>
         <value>0x43f9</value>
         <object_component_ref idref="oc-1f5"/>
      </symbol>
      <symbol id="sm-72d">
         <name>__stack</name>
         <value>0x2000fe00</value>
         <object_component_ref idref="oc-2c"/>
      </symbol>
      <symbol id="sm-72e">
         <name>_c_int00_noargs</name>
         <value>0x41f1</value>
         <object_component_ref idref="oc-58"/>
      </symbol>
      <symbol id="sm-748">
         <name>write</name>
         <value>0x4301</value>
         <object_component_ref idref="oc-2fd"/>
      </symbol>
      <symbol id="sm-759">
         <name>_stream</name>
         <value>0x20000668</value>
         <object_component_ref idref="oc-355"/>
      </symbol>
      <symbol id="sm-75a">
         <name>_device</name>
         <value>0x200005f0</value>
         <object_component_ref idref="oc-396"/>
      </symbol>
      <symbol id="sm-770">
         <name>__aeabi_errno_addr</name>
         <value>0x443d</value>
         <object_component_ref idref="oc-230"/>
      </symbol>
      <symbol id="sm-771">
         <name>errno</name>
         <value>0x20000708</value>
         <object_component_ref idref="oc-2d3"/>
      </symbol>
      <symbol id="sm-78a">
         <name>wcslen</name>
         <value>0x440d</value>
         <object_component_ref idref="oc-22a"/>
      </symbol>
      <symbol id="sm-7aa">
         <name>frexpl</name>
         <value>0x3aad</value>
         <object_component_ref idref="oc-2b7"/>
      </symbol>
      <symbol id="sm-7ab">
         <name>frexp</name>
         <value>0x3aad</value>
         <object_component_ref idref="oc-2b7"/>
      </symbol>
      <symbol id="sm-7c8">
         <name>scalbn</name>
         <value>0x2e51</value>
         <object_component_ref idref="oc-2bd"/>
      </symbol>
      <symbol id="sm-7c9">
         <name>scalbnl</name>
         <value>0x2e51</value>
         <object_component_ref idref="oc-2bd"/>
      </symbol>
      <symbol id="sm-7ca">
         <name>ldexpl</name>
         <value>0x2e51</value>
         <object_component_ref idref="oc-2bd"/>
      </symbol>
      <symbol id="sm-7cb">
         <name>ldexp</name>
         <value>0x2e51</value>
         <object_component_ref idref="oc-2bd"/>
      </symbol>
      <symbol id="sm-7db">
         <name>__TI_doflush</name>
         <value>0x3ea1</value>
         <object_component_ref idref="oc-2f7"/>
      </symbol>
      <symbol id="sm-7eb">
         <name>__TI_cleanup</name>
         <value>0x4189</value>
         <object_component_ref idref="oc-383"/>
      </symbol>
      <symbol id="sm-7fd">
         <name>fseek</name>
         <value>0x3b11</value>
         <object_component_ref idref="oc-343"/>
      </symbol>
      <symbol id="sm-807">
         <name>__aeabi_idiv0</name>
         <value>0x2863</value>
         <object_component_ref idref="oc-30e"/>
      </symbol>
      <symbol id="sm-808">
         <name>__aeabi_ldiv0</name>
         <value>0x2863</value>
         <object_component_ref idref="oc-30e"/>
      </symbol>
      <symbol id="sm-830">
         <name>__TI_auto_init_nobinit_nopinit</name>
         <value>0x4051</value>
         <object_component_ref idref="oc-122"/>
      </symbol>
      <symbol id="sm-83a">
         <name>_system_pre_init</name>
         <value>0x4455</value>
         <object_component_ref idref="oc-9a"/>
      </symbol>
      <symbol id="sm-84d">
         <name>HOSTclose</name>
         <value>0x3fc9</value>
         <object_component_ref idref="oc-3d2"/>
      </symbol>
      <symbol id="sm-85e">
         <name>HOSTlseek</name>
         <value>0x3975</value>
         <object_component_ref idref="oc-3e4"/>
      </symbol>
      <symbol id="sm-870">
         <name>parmbuf</name>
         <value>0x200009d0</value>
      </symbol>
      <symbol id="sm-871">
         <name>HOSTopen</name>
         <value>0x3bd9</value>
         <object_component_ref idref="oc-3cc"/>
      </symbol>
      <symbol id="sm-882">
         <name>HOSTread</name>
         <value>0x3cf5</value>
         <object_component_ref idref="oc-3d8"/>
      </symbol>
      <symbol id="sm-893">
         <name>HOSTrename</name>
         <value>0x3909</value>
         <object_component_ref idref="oc-3f0"/>
      </symbol>
      <symbol id="sm-8a4">
         <name>HOSTunlink</name>
         <value>0x400d</value>
         <object_component_ref idref="oc-3ea"/>
      </symbol>
      <symbol id="sm-8b5">
         <name>HOSTwrite</name>
         <value>0x3d4d</value>
         <object_component_ref idref="oc-3de"/>
      </symbol>
      <symbol id="sm-8d9">
         <name>__TI_readmsg</name>
         <value>0x41bd</value>
         <object_component_ref idref="oc-41f"/>
      </symbol>
      <symbol id="sm-8da">
         <name>C$$IO$$</name>
         <value>0x4147</value>
         <object_component_ref idref="oc-419"/>
      </symbol>
      <symbol id="sm-8db">
         <name>__CIOBUF_</name>
         <value>0x20000710</value>
         <object_component_ref idref="oc-44a"/>
      </symbol>
      <symbol id="sm-8dc">
         <name>__TI_writemsg</name>
         <value>0x4119</value>
         <object_component_ref idref="oc-419"/>
      </symbol>
      <symbol id="sm-8ed">
         <name>lseek</name>
         <value>0x42d9</value>
         <object_component_ref idref="oc-36f"/>
      </symbol>
      <symbol id="sm-8f7">
         <name>copysign</name>
         <value>0x439d</value>
         <object_component_ref idref="oc-327"/>
      </symbol>
      <symbol id="sm-8f8">
         <name>copysignl</name>
         <value>0x439d</value>
         <object_component_ref idref="oc-327"/>
      </symbol>
      <symbol id="sm-90d">
         <name>__TI_closefile</name>
         <value>0x37b5</value>
         <object_component_ref idref="oc-3c0"/>
      </symbol>
      <symbol id="sm-930">
         <name>finddevice</name>
         <value>0x4225</value>
         <object_component_ref idref="oc-468"/>
      </symbol>
      <symbol id="sm-931">
         <name>getdevice</name>
         <value>0x4095</value>
         <object_component_ref idref="oc-440"/>
      </symbol>
      <symbol id="sm-940">
         <name>strcmp</name>
         <value>0x43b7</value>
         <object_component_ref idref="oc-47f"/>
      </symbol>
      <symbol id="sm-94e">
         <name>strcpy</name>
         <value>0x43e5</value>
         <object_component_ref idref="oc-433"/>
      </symbol>
      <symbol id="sm-95e">
         <name>strncpy</name>
         <value>0x4151</value>
         <object_component_ref idref="oc-462"/>
      </symbol>
      <symbol id="sm-973">
         <name>close</name>
         <value>0x3c99</value>
         <object_component_ref idref="oc-408"/>
      </symbol>
      <symbol id="sm-983">
         <name>unlink</name>
         <value>0x4285</value>
         <object_component_ref idref="oc-40e"/>
      </symbol>
      <symbol id="sm-984">
         <name>__TI_static_base__</name>
         <value>0x0</value>
      </symbol>
      <symbol id="sm-987">
         <name>__mpu_init</name>
         <value>0x0</value>
      </symbol>
      <symbol id="sm-988">
         <name>_system_post_cinit</name>
         <value>0x0</value>
      </symbol>
      <symbol id="sm-989">
         <name>NMI_Handler</name>
         <value>0x4439</value>
      </symbol>
      <symbol id="sm-98a">
         <name>HardFault_Handler</name>
         <value>0x4439</value>
      </symbol>
      <symbol id="sm-98b">
         <name>MemManage_Handler</name>
         <value>0x4439</value>
      </symbol>
      <symbol id="sm-98c">
         <name>BusFault_Handler</name>
         <value>0x4439</value>
      </symbol>
      <symbol id="sm-98d">
         <name>UsageFault_Handler</name>
         <value>0x4439</value>
      </symbol>
      <symbol id="sm-98e">
         <name>SVC_Handler</name>
         <value>0x4439</value>
      </symbol>
      <symbol id="sm-98f">
         <name>DebugMon_Handler</name>
         <value>0x4439</value>
      </symbol>
      <symbol id="sm-990">
         <name>PendSV_Handler</name>
         <value>0x4439</value>
      </symbol>
      <symbol id="sm-991">
         <name>SysTick_Handler</name>
         <value>0x4439</value>
      </symbol>
      <symbol id="sm-992">
         <name>PSS_IRQHandler</name>
         <value>0x4439</value>
      </symbol>
      <symbol id="sm-993">
         <name>CS_IRQHandler</name>
         <value>0x4439</value>
      </symbol>
      <symbol id="sm-994">
         <name>PCM_IRQHandler</name>
         <value>0x4439</value>
      </symbol>
      <symbol id="sm-995">
         <name>WDT_A_IRQHandler</name>
         <value>0x4439</value>
      </symbol>
      <symbol id="sm-996">
         <name>FPU_IRQHandler</name>
         <value>0x4439</value>
      </symbol>
      <symbol id="sm-997">
         <name>FLCTL_IRQHandler</name>
         <value>0x4439</value>
      </symbol>
      <symbol id="sm-998">
         <name>COMP_E0_IRQHandler</name>
         <value>0x4439</value>
      </symbol>
      <symbol id="sm-999">
         <name>COMP_E1_IRQHandler</name>
         <value>0x4439</value>
      </symbol>
      <symbol id="sm-99a">
         <name>TA0_0_IRQHandler</name>
         <value>0x4439</value>
      </symbol>
      <symbol id="sm-99b">
         <name>TA0_N_IRQHandler</name>
         <value>0x4439</value>
      </symbol>
      <symbol id="sm-99c">
         <name>TA1_0_IRQHandler</name>
         <value>0x4439</value>
      </symbol>
      <symbol id="sm-99d">
         <name>TA1_N_IRQHandler</name>
         <value>0x4439</value>
      </symbol>
      <symbol id="sm-99e">
         <name>TA2_0_IRQHandler</name>
         <value>0x28b9</value>
      </symbol>
      <symbol id="sm-99f">
         <name>TA2_N_IRQHandler</name>
         <value>0x4439</value>
      </symbol>
      <symbol id="sm-9a0">
         <name>TA3_0_IRQHandler</name>
         <value>0x4439</value>
      </symbol>
      <symbol id="sm-9a1">
         <name>TA3_N_IRQHandler</name>
         <value>0x4439</value>
      </symbol>
      <symbol id="sm-9a2">
         <name>EUSCIA0_IRQHandler</name>
         <value>0x4439</value>
      </symbol>
      <symbol id="sm-9a3">
         <name>EUSCIA1_IRQHandler</name>
         <value>0x4439</value>
      </symbol>
      <symbol id="sm-9a4">
         <name>EUSCIA2_IRQHandler</name>
         <value>0x4439</value>
      </symbol>
      <symbol id="sm-9a5">
         <name>EUSCIA3_IRQHandler</name>
         <value>0x4439</value>
      </symbol>
      <symbol id="sm-9a6">
         <name>EUSCIB0_IRQHandler</name>
         <value>0x4439</value>
      </symbol>
      <symbol id="sm-9a7">
         <name>EUSCIB1_IRQHandler</name>
         <value>0x4439</value>
      </symbol>
      <symbol id="sm-9a8">
         <name>EUSCIB2_IRQHandler</name>
         <value>0x4439</value>
      </symbol>
      <symbol id="sm-9a9">
         <name>EUSCIB3_IRQHandler</name>
         <value>0x4439</value>
      </symbol>
      <symbol id="sm-9aa">
         <name>ADC14_IRQHandler</name>
         <value>0x4439</value>
      </symbol>
      <symbol id="sm-9ab">
         <name>T32_INT1_IRQHandler</name>
         <value>0x4439</value>
      </symbol>
      <symbol id="sm-9ac">
         <name>T32_INT2_IRQHandler</name>
         <value>0x4439</value>
      </symbol>
      <symbol id="sm-9ad">
         <name>T32_INTC_IRQHandler</name>
         <value>0x4439</value>
      </symbol>
      <symbol id="sm-9ae">
         <name>AES256_IRQHandler</name>
         <value>0x4439</value>
      </symbol>
      <symbol id="sm-9af">
         <name>RTC_C_IRQHandler</name>
         <value>0x4439</value>
      </symbol>
      <symbol id="sm-9b0">
         <name>DMA_ERR_IRQHandler</name>
         <value>0x4439</value>
      </symbol>
      <symbol id="sm-9b1">
         <name>DMA_INT3_IRQHandler</name>
         <value>0x4439</value>
      </symbol>
      <symbol id="sm-9b2">
         <name>DMA_INT2_IRQHandler</name>
         <value>0x4439</value>
      </symbol>
      <symbol id="sm-9b3">
         <name>DMA_INT1_IRQHandler</name>
         <value>0x4439</value>
      </symbol>
      <symbol id="sm-9b4">
         <name>DMA_INT0_IRQHandler</name>
         <value>0x4439</value>
      </symbol>
      <symbol id="sm-9b5">
         <name>PORT1_IRQHandler</name>
         <value>0x4439</value>
      </symbol>
      <symbol id="sm-9b6">
         <name>PORT2_IRQHandler</name>
         <value>0x4439</value>
      </symbol>
      <symbol id="sm-9b7">
         <name>PORT3_IRQHandler</name>
         <value>0x4439</value>
      </symbol>
      <symbol id="sm-9b8">
         <name>PORT4_IRQHandler</name>
         <value>0x4439</value>
      </symbol>
      <symbol id="sm-9b9">
         <name>PORT5_IRQHandler</name>
         <value>0x4439</value>
      </symbol>
      <symbol id="sm-9ba">
         <name>PORT6_IRQHandler</name>
         <value>0x4439</value>
      </symbol>
      <symbol id="sm-9bb">
         <name>remove</name>
         <value>0x4285</value>
      </symbol>
   </symbol_table>
   <title>Link successful</title>
</link_info>
